IMPLS: True IMPLD: True V: p1
IMPLS: True IMPLD: True V: p2
IMPLS: True IMPLD: False V: (p1 & (p2 & (p3 & (p4 & (p5 & (p6 & (p7 & (p8 & (p9 & (p10 & p11))))))))))
IMPLS: True IMPLD: False V: p1
IMPLS: True IMPLD: False V: (p2 & (p3 & (p4 & (p5 & (p6 & (p7 & (p8 & (p9 & (p10 & p11)))))))))
IMPLS: True IMPLD: False V: p2
IMPLS: True IMPLD: False V: (p3 & (p4 & (p5 & (p6 & (p7 & (p8 & (p9 & (p10 & p11))))))))
IMPLS: True IMPLD: False V: p3
IMPLS: True IMPLD: False V: (p4 & (p5 & (p6 & (p7 & (p8 & (p9 & (p10 & p11)))))))
IMPLS: True IMPLD: False V: p4
IMPLS: True IMPLD: False V: (p5 & (p6 & (p7 & (p8 & (p9 & (p10 & p11))))))
IMPLS: True IMPLD: False V: p5
IMPLS: True IMPLD: False V: (p6 & (p7 & (p8 & (p9 & (p10 & p11)))))
IMPLS: True IMPLD: False V: p6
IMPLS: True IMPLD: False V: (p7 & (p8 & (p9 & (p10 & p11))))
IMPLS: True IMPLD: False V: p7
IMPLS: True IMPLD: False V: (p8 & (p9 & (p10 & p11)))
IMPLS: True IMPLD: False V: p8
IMPLS: True IMPLD: False V: (p9 & (p10 & p11))
IMPLS: True IMPLD: False V: p9
IMPLS: True IMPLD: False V: (p10 & p11)
IMPLS: True IMPLD: False V: p10
IMPLS: True IMPLD: False V: p11
IMPLS: True IMPLD: True V: p2
IMPLS: True IMPLD: True V: p3
IMPLS: True IMPLD: False V: (p1 & (p2 & (p3 & (p4 & (p5 & (p6 & (p7 & (p8 & (p9 & (p10 & p11))))))))))
IMPLS: True IMPLD: False V: p1
IMPLS: True IMPLD: False V: (p2 & (p3 & (p4 & (p5 & (p6 & (p7 & (p8 & (p9 & (p10 & p11)))))))))
IMPLS: True IMPLD: False V: p2
IMPLS: True IMPLD: False V: (p3 & (p4 & (p5 & (p6 & (p7 & (p8 & (p9 & (p10 & p11))))))))
IMPLS: True IMPLD: False V: p3
IMPLS: True IMPLD: False V: (p4 & (p5 & (p6 & (p7 & (p8 & (p9 & (p10 & p11)))))))
IMPLS: True IMPLD: False V: p4
IMPLS: True IMPLD: False V: (p5 & (p6 & (p7 & (p8 & (p9 & (p10 & p11))))))
IMPLS: True IMPLD: False V: p5
IMPLS: True IMPLD: False V: (p6 & (p7 & (p8 & (p9 & (p10 & p11)))))
IMPLS: True IMPLD: False V: p6
IMPLS: True IMPLD: False V: (p7 & (p8 & (p9 & (p10 & p11))))
IMPLS: True IMPLD: False V: p7
IMPLS: True IMPLD: False V: (p8 & (p9 & (p10 & p11)))
IMPLS: True IMPLD: False V: p8
IMPLS: True IMPLD: False V: (p9 & (p10 & p11))
IMPLS: True IMPLD: False V: p9
IMPLS: True IMPLD: False V: (p10 & p11)
IMPLS: True IMPLD: False V: p10
IMPLS: True IMPLD: False V: p11
IMPLS: True IMPLD: True V: p3
IMPLS: True IMPLD: True V: p4
IMPLS: True IMPLD: False V: (p1 & (p2 & (p3 & (p4 & (p5 & (p6 & (p7 & (p8 & (p9 & (p10 & p11))))))))))
IMPLS: True IMPLD: False V: p1
IMPLS: True IMPLD: False V: (p2 & (p3 & (p4 & (p5 & (p6 & (p7 & (p8 & (p9 & (p10 & p11)))))))))
IMPLS: True IMPLD: False V: p2
IMPLS: True IMPLD: False V: (p3 & (p4 & (p5 & (p6 & (p7 & (p8 & (p9 & (p10 & p11))))))))
IMPLS: True IMPLD: False V: p3
IMPLS: True IMPLD: False V: (p4 & (p5 & (p6 & (p7 & (p8 & (p9 & (p10 & p11)))))))
IMPLS: True IMPLD: False V: p4
IMPLS: True IMPLD: False V: (p5 & (p6 & (p7 & (p8 & (p9 & (p10 & p11))))))
IMPLS: True IMPLD: False V: p5
IMPLS: True IMPLD: False V: (p6 & (p7 & (p8 & (p9 & (p10 & p11)))))
IMPLS: True IMPLD: False V: p6
IMPLS: True IMPLD: False V: (p7 & (p8 & (p9 & (p10 & p11))))
IMPLS: True IMPLD: False V: p7
IMPLS: True IMPLD: False V: (p8 & (p9 & (p10 & p11)))
IMPLS: True IMPLD: False V: p8
IMPLS: True IMPLD: False V: (p9 & (p10 & p11))
IMPLS: True IMPLD: False V: p9
IMPLS: True IMPLD: False V: (p10 & p11)
IMPLS: True IMPLD: False V: p10
IMPLS: True IMPLD: False V: p11
IMPLS: True IMPLD: True V: p4
IMPLS: True IMPLD: True V: p5
IMPLS: True IMPLD: False V: (p1 & (p2 & (p3 & (p4 & (p5 & (p6 & (p7 & (p8 & (p9 & (p10 & p11))))))))))
IMPLS: True IMPLD: False V: p1
IMPLS: True IMPLD: False V: (p2 & (p3 & (p4 & (p5 & (p6 & (p7 & (p8 & (p9 & (p10 & p11)))))))))
IMPLS: True IMPLD: False V: p2
IMPLS: True IMPLD: False V: (p3 & (p4 & (p5 & (p6 & (p7 & (p8 & (p9 & (p10 & p11))))))))
IMPLS: True IMPLD: False V: p3
IMPLS: True IMPLD: False V: (p4 & (p5 & (p6 & (p7 & (p8 & (p9 & (p10 & p11)))))))
IMPLS: True IMPLD: False V: p4
IMPLS: True IMPLD: False V: (p5 & (p6 & (p7 & (p8 & (p9 & (p10 & p11))))))
IMPLS: True IMPLD: False V: p5
IMPLS: True IMPLD: False V: (p6 & (p7 & (p8 & (p9 & (p10 & p11)))))
IMPLS: True IMPLD: False V: p6
IMPLS: True IMPLD: False V: (p7 & (p8 & (p9 & (p10 & p11))))
IMPLS: True IMPLD: False V: p7
IMPLS: True IMPLD: False V: (p8 & (p9 & (p10 & p11)))
IMPLS: True IMPLD: False V: p8
IMPLS: True IMPLD: False V: (p9 & (p10 & p11))
IMPLS: True IMPLD: False V: p9
IMPLS: True IMPLD: False V: (p10 & p11)
IMPLS: True IMPLD: False V: p10
IMPLS: True IMPLD: False V: p11
IMPLS: True IMPLD: True V: p5
IMPLS: True IMPLD: True V: p6
IMPLS: True IMPLD: False V: (p1 & (p2 & (p3 & (p4 & (p5 & (p6 & (p7 & (p8 & (p9 & (p10 & p11))))))))))
IMPLS: True IMPLD: False V: p1
IMPLS: True IMPLD: False V: (p2 & (p3 & (p4 & (p5 & (p6 & (p7 & (p8 & (p9 & (p10 & p11)))))))))
IMPLS: True IMPLD: False V: p2
IMPLS: True IMPLD: False V: (p3 & (p4 & (p5 & (p6 & (p7 & (p8 & (p9 & (p10 & p11))))))))
IMPLS: True IMPLD: False V: p3
IMPLS: True IMPLD: False V: (p4 & (p5 & (p6 & (p7 & (p8 & (p9 & (p10 & p11)))))))
IMPLS: True IMPLD: False V: p4
IMPLS: True IMPLD: False V: (p5 & (p6 & (p7 & (p8 & (p9 & (p10 & p11))))))
IMPLS: True IMPLD: False V: p5
IMPLS: True IMPLD: False V: (p6 & (p7 & (p8 & (p9 & (p10 & p11)))))
IMPLS: True IMPLD: False V: p6
IMPLS: True IMPLD: False V: (p7 & (p8 & (p9 & (p10 & p11))))
IMPLS: True IMPLD: False V: p7
IMPLS: True IMPLD: False V: (p8 & (p9 & (p10 & p11)))
IMPLS: True IMPLD: False V: p8
IMPLS: True IMPLD: False V: (p9 & (p10 & p11))
IMPLS: True IMPLD: False V: p9
IMPLS: True IMPLD: False V: (p10 & p11)
IMPLS: True IMPLD: False V: p10
IMPLS: True IMPLD: False V: p11
IMPLS: True IMPLD: True V: p6
IMPLS: True IMPLD: True V: p7
IMPLS: True IMPLD: False V: (p1 & (p2 & (p3 & (p4 & (p5 & (p6 & (p7 & (p8 & (p9 & (p10 & p11))))))))))
IMPLS: True IMPLD: False V: p1
IMPLS: True IMPLD: False V: (p2 & (p3 & (p4 & (p5 & (p6 & (p7 & (p8 & (p9 & (p10 & p11)))))))))
IMPLS: True IMPLD: False V: p2
IMPLS: True IMPLD: False V: (p3 & (p4 & (p5 & (p6 & (p7 & (p8 & (p9 & (p10 & p11))))))))
IMPLS: True IMPLD: False V: p3
IMPLS: True IMPLD: False V: (p4 & (p5 & (p6 & (p7 & (p8 & (p9 & (p10 & p11)))))))
IMPLS: True IMPLD: False V: p4
IMPLS: True IMPLD: False V: (p5 & (p6 & (p7 & (p8 & (p9 & (p10 & p11))))))
IMPLS: True IMPLD: False V: p5
IMPLS: True IMPLD: False V: (p6 & (p7 & (p8 & (p9 & (p10 & p11)))))
IMPLS: True IMPLD: False V: p6
IMPLS: True IMPLD: False V: (p7 & (p8 & (p9 & (p10 & p11))))
IMPLS: True IMPLD: False V: p7
IMPLS: True IMPLD: False V: (p8 & (p9 & (p10 & p11)))
IMPLS: True IMPLD: False V: p8
IMPLS: True IMPLD: False V: (p9 & (p10 & p11))
IMPLS: True IMPLD: False V: p9
IMPLS: True IMPLD: False V: (p10 & p11)
IMPLS: True IMPLD: False V: p10
IMPLS: True IMPLD: False V: p11
IMPLS: True IMPLD: True V: p7
IMPLS: True IMPLD: True V: p8
IMPLS: True IMPLD: False V: (p1 & (p2 & (p3 & (p4 & (p5 & (p6 & (p7 & (p8 & (p9 & (p10 & p11))))))))))
IMPLS: True IMPLD: False V: p1
IMPLS: True IMPLD: False V: (p2 & (p3 & (p4 & (p5 & (p6 & (p7 & (p8 & (p9 & (p10 & p11)))))))))
IMPLS: True IMPLD: False V: p2
IMPLS: True IMPLD: False V: (p3 & (p4 & (p5 & (p6 & (p7 & (p8 & (p9 & (p10 & p11))))))))
IMPLS: True IMPLD: False V: p3
IMPLS: True IMPLD: False V: (p4 & (p5 & (p6 & (p7 & (p8 & (p9 & (p10 & p11)))))))
IMPLS: True IMPLD: False V: p4
IMPLS: True IMPLD: False V: (p5 & (p6 & (p7 & (p8 & (p9 & (p10 & p11))))))
IMPLS: True IMPLD: False V: p5
IMPLS: True IMPLD: False V: (p6 & (p7 & (p8 & (p9 & (p10 & p11)))))
IMPLS: True IMPLD: False V: p6
IMPLS: True IMPLD: False V: (p7 & (p8 & (p9 & (p10 & p11))))
IMPLS: True IMPLD: False V: p7
IMPLS: True IMPLD: False V: (p8 & (p9 & (p10 & p11)))
IMPLS: True IMPLD: False V: p8
IMPLS: True IMPLD: False V: (p9 & (p10 & p11))
IMPLS: True IMPLD: False V: p9
IMPLS: True IMPLD: False V: (p10 & p11)
IMPLS: True IMPLD: False V: p10
IMPLS: True IMPLD: False V: p11
IMPLS: True IMPLD: True V: p8
IMPLS: True IMPLD: True V: p9
IMPLS: True IMPLD: False V: (p1 & (p2 & (p3 & (p4 & (p5 & (p6 & (p7 & (p8 & (p9 & (p10 & p11))))))))))
IMPLS: True IMPLD: False V: p1
IMPLS: True IMPLD: False V: (p2 & (p3 & (p4 & (p5 & (p6 & (p7 & (p8 & (p9 & (p10 & p11)))))))))
IMPLS: True IMPLD: False V: p2
IMPLS: True IMPLD: False V: (p3 & (p4 & (p5 & (p6 & (p7 & (p8 & (p9 & (p10 & p11))))))))
IMPLS: True IMPLD: False V: p3
IMPLS: True IMPLD: False V: (p4 & (p5 & (p6 & (p7 & (p8 & (p9 & (p10 & p11)))))))
IMPLS: True IMPLD: False V: p4
IMPLS: True IMPLD: False V: (p5 & (p6 & (p7 & (p8 & (p9 & (p10 & p11))))))
IMPLS: True IMPLD: False V: p5
IMPLS: True IMPLD: False V: (p6 & (p7 & (p8 & (p9 & (p10 & p11)))))
IMPLS: True IMPLD: False V: p6
IMPLS: True IMPLD: False V: (p7 & (p8 & (p9 & (p10 & p11))))
IMPLS: True IMPLD: False V: p7
IMPLS: True IMPLD: False V: (p8 & (p9 & (p10 & p11)))
IMPLS: True IMPLD: False V: p8
IMPLS: True IMPLD: False V: (p9 & (p10 & p11))
IMPLS: True IMPLD: False V: p9
IMPLS: True IMPLD: False V: (p10 & p11)
IMPLS: True IMPLD: False V: p10
IMPLS: True IMPLD: False V: p11
IMPLS: True IMPLD: True V: p9
IMPLS: True IMPLD: True V: p10
IMPLS: True IMPLD: False V: (p1 & (p2 & (p3 & (p4 & (p5 & (p6 & (p7 & (p8 & (p9 & (p10 & p11))))))))))
IMPLS: True IMPLD: False V: p1
IMPLS: True IMPLD: False V: (p2 & (p3 & (p4 & (p5 & (p6 & (p7 & (p8 & (p9 & (p10 & p11)))))))))
IMPLS: True IMPLD: False V: p2
IMPLS: True IMPLD: False V: (p3 & (p4 & (p5 & (p6 & (p7 & (p8 & (p9 & (p10 & p11))))))))
IMPLS: True IMPLD: False V: p3
IMPLS: True IMPLD: False V: (p4 & (p5 & (p6 & (p7 & (p8 & (p9 & (p10 & p11)))))))
IMPLS: True IMPLD: False V: p4
IMPLS: True IMPLD: False V: (p5 & (p6 & (p7 & (p8 & (p9 & (p10 & p11))))))
IMPLS: True IMPLD: False V: p5
IMPLS: True IMPLD: False V: (p6 & (p7 & (p8 & (p9 & (p10 & p11)))))
IMPLS: True IMPLD: False V: p6
IMPLS: True IMPLD: False V: (p7 & (p8 & (p9 & (p10 & p11))))
IMPLS: True IMPLD: False V: p7
IMPLS: True IMPLD: False V: (p8 & (p9 & (p10 & p11)))
IMPLS: True IMPLD: False V: p8
IMPLS: True IMPLD: False V: (p9 & (p10 & p11))
IMPLS: True IMPLD: False V: p9
IMPLS: True IMPLD: False V: (p10 & p11)
IMPLS: True IMPLD: False V: p10
IMPLS: True IMPLD: False V: p11
IMPLS: True IMPLD: True V: p10
IMPLS: True IMPLD: True V: p11
IMPLS: True IMPLD: False V: (p1 & (p2 & (p3 & (p4 & (p5 & (p6 & (p7 & (p8 & (p9 & (p10 & p11))))))))))
IMPLS: True IMPLD: False V: p1
IMPLS: True IMPLD: False V: (p2 & (p3 & (p4 & (p5 & (p6 & (p7 & (p8 & (p9 & (p10 & p11)))))))))
IMPLS: True IMPLD: False V: p2
IMPLS: True IMPLD: False V: (p3 & (p4 & (p5 & (p6 & (p7 & (p8 & (p9 & (p10 & p11))))))))
IMPLS: True IMPLD: False V: p3
IMPLS: True IMPLD: False V: (p4 & (p5 & (p6 & (p7 & (p8 & (p9 & (p10 & p11)))))))
IMPLS: True IMPLD: False V: p4
IMPLS: True IMPLD: False V: (p5 & (p6 & (p7 & (p8 & (p9 & (p10 & p11))))))
IMPLS: True IMPLD: False V: p5
IMPLS: True IMPLD: False V: (p6 & (p7 & (p8 & (p9 & (p10 & p11)))))
IMPLS: True IMPLD: False V: p6
IMPLS: True IMPLD: False V: (p7 & (p8 & (p9 & (p10 & p11))))
IMPLS: True IMPLD: False V: p7
IMPLS: True IMPLD: False V: (p8 & (p9 & (p10 & p11)))
IMPLS: True IMPLD: False V: p8
IMPLS: True IMPLD: False V: (p9 & (p10 & p11))
IMPLS: True IMPLD: False V: p9
IMPLS: True IMPLD: False V: (p10 & p11)
IMPLS: True IMPLD: False V: p10
IMPLS: True IMPLD: False V: p11
IMPLS: True IMPLD: True V: p11
IMPLS: True IMPLD: True V: p1
IMPLS: True IMPLD: False V: (p1 & (p2 & (p3 & (p4 & (p5 & (p6 & (p7 & (p8 & (p9 & (p10 & p11))))))))))
IMPLS: True IMPLD: False V: p1
IMPLS: True IMPLD: False V: (p2 & (p3 & (p4 & (p5 & (p6 & (p7 & (p8 & (p9 & (p10 & p11)))))))))
IMPLS: True IMPLD: False V: p2
IMPLS: True IMPLD: False V: (p3 & (p4 & (p5 & (p6 & (p7 & (p8 & (p9 & (p10 & p11))))))))
IMPLS: True IMPLD: False V: p3
IMPLS: True IMPLD: False V: (p4 & (p5 & (p6 & (p7 & (p8 & (p9 & (p10 & p11)))))))
IMPLS: True IMPLD: False V: p4
IMPLS: True IMPLD: False V: (p5 & (p6 & (p7 & (p8 & (p9 & (p10 & p11))))))
IMPLS: True IMPLD: False V: p5
IMPLS: True IMPLD: False V: (p6 & (p7 & (p8 & (p9 & (p10 & p11)))))
IMPLS: True IMPLD: False V: p6
IMPLS: True IMPLD: False V: (p7 & (p8 & (p9 & (p10 & p11))))
IMPLS: True IMPLD: False V: p7
IMPLS: True IMPLD: False V: (p8 & (p9 & (p10 & p11)))
IMPLS: True IMPLD: False V: p8
IMPLS: True IMPLD: False V: (p9 & (p10 & p11))
IMPLS: True IMPLD: False V: p9
IMPLS: True IMPLD: False V: (p10 & p11)
IMPLS: True IMPLD: False V: p10
IMPLS: True IMPLD: False V: p11
IMPLS: False IMPLD: True V: p1
IMPLS: False IMPLD: True V: p2
IMPLS: False IMPLD: True V: p3
IMPLS: False IMPLD: True V: p4
IMPLS: False IMPLD: True V: p5
IMPLS: False IMPLD: True V: p6
IMPLS: False IMPLD: True V: p7
IMPLS: False IMPLD: True V: p8
IMPLS: False IMPLD: True V: p9
IMPLS: False IMPLD: True V: p10
IMPLS: False IMPLD: True V: p11
IMPLS: True IMPLD: False V: $goal
+++ Reading file '"benchmarks/syj201/intuitr-formulas/syj201-n05.p"'...
+++ Clausification...
[((p1 <=> p2) => (p1 & (p2 & (p3 & (p4 & (p5 & (p6 & (p7 & (p8 & (p9 & (p10 & p11))))))))))),((p2 <=> p3) => (p1 & (p2 & (p3 & (p4 & (p5 & (p6 & (p7 & (p8 & (p9 & (p10 & p11))))))))))),((p3 <=> p4) => (p1 & (p2 & (p3 & (p4 & (p5 & (p6 & (p7 & (p8 & (p9 & (p10 & p11))))))))))),((p4 <=> p5) => (p1 & (p2 & (p3 & (p4 & (p5 & (p6 & (p7 & (p8 & (p9 & (p10 & p11))))))))))),((p5 <=> p6) => (p1 & (p2 & (p3 & (p4 & (p5 & (p6 & (p7 & (p8 & (p9 & (p10 & p11))))))))))),((p6 <=> p7) => (p1 & (p2 & (p3 & (p4 & (p5 & (p6 & (p7 & (p8 & (p9 & (p10 & p11))))))))))),((p7 <=> p8) => (p1 & (p2 & (p3 & (p4 & (p5 & (p6 & (p7 & (p8 & (p9 & (p10 & p11))))))))))),((p8 <=> p9) => (p1 & (p2 & (p3 & (p4 & (p5 & (p6 & (p7 & (p8 & (p9 & (p10 & p11))))))))))),((p9 <=> p10) => (p1 & (p2 & (p3 & (p4 & (p5 & (p6 & (p7 & (p8 & (p9 & (p10 & p11))))))))))),((p10 <=> p11) => (p1 & (p2 & (p3 & (p4 & (p5 & (p6 & (p7 & (p8 & (p9 & (p10 & p11))))))))))),((p11 <=> p1) => (p1 & (p2 & (p3 & (p4 & (p5 & (p6 & (p7 & (p8 & (p9 & (p10 & p11))))))))))),((p1 & (p2 & (p3 & (p4 & (p5 & (p6 & (p7 & (p8 & (p9 & (p10 & p11)))))))))) => $goal)]
([["$p1","$p2"] =>  ["$p0"],["$p3"] =>  ["p10"],["$p3"] =>  ["p11"],["$p4"] =>  ["p9"],["$p4"] =>  ["$p3"],["$p5"] =>  ["p8"],["$p5"] =>  ["$p4"],["$p6"] =>  ["p7"],["$p6"] =>  ["$p5"],["$p7"] =>  ["p6"],["$p7"] =>  ["$p6"],["$p8"] =>  ["p5"],["$p8"] =>  ["$p7"],["$p9"] =>  ["p4"],["$p9"] =>  ["$p8"],["$p10"] =>  ["p3"],["$p10"] =>  ["$p9"],["$p11"] =>  ["p2"],["$p11"] =>  ["$p10"],["$p12"] =>  ["p1"],["$p12"] =>  ["$p11"],["$p0"] =>  ["$p12"],["$p14","$p15"] =>  ["$p13"],["$p13"] =>  ["$p12"],["$p17","$p18"] =>  ["$p16"],["$p16"] =>  ["$p12"],["$p20","$p21"] =>  ["$p19"],["$p19"] =>  ["$p12"],["$p23","$p24"] =>  ["$p22"],["$p22"] =>  ["$p12"],["$p26","$p27"] =>  ["$p25"],["$p25"] =>  ["$p12"],["$p29","$p30"] =>  ["$p28"],["$p28"] =>  ["$p12"],["$p32","$p33"] =>  ["$p31"],["$p31"] =>  ["$p12"],["$p35","$p36"] =>  ["$p34"],["$p34"] =>  ["$p12"],["$p38","$p39"] =>  ["$p37"],["$p37"] =>  ["$p12"],["$p41","$p42"] =>  ["$p40"],["$p40"] =>  ["$p12"],["p1","p2","p3","p4","p5","p6","p7","p8","p9","p10","p11"] =>  ["$goal"]],[(("p1") -> ("p2")) -> ("$p1"),(("p2") -> ("p1")) -> ("$p2"),(("p2") -> ("p3")) -> ("$p14"),(("p3") -> ("p2")) -> ("$p15"),(("p3") -> ("p4")) -> ("$p17"),(("p4") -> ("p3")) -> ("$p18"),(("p4") -> ("p5")) -> ("$p20"),(("p5") -> ("p4")) -> ("$p21"),(("p5") -> ("p6")) -> ("$p23"),(("p6") -> ("p5")) -> ("$p24"),(("p6") -> ("p7")) -> ("$p26"),(("p7") -> ("p6")) -> ("$p27"),(("p7") -> ("p8")) -> ("$p29"),(("p8") -> ("p7")) -> ("$p30"),(("p8") -> ("p9")) -> ("$p32"),(("p9") -> ("p8")) -> ("$p33"),(("p9") -> ("p10")) -> ("$p35"),(("p10") -> ("p9")) -> ("$p36"),(("p10") -> ("p11")) -> ("$p38"),(("p11") -> ("p10")) -> ("$p39"),(("p11") -> ("p1")) -> ("$p41"),(("p1") -> ("p11")) -> ("$p42")],"$goal")
+++ Created 65 flat clauses and 22 implication clauses
+++ Proving (intuitR, CADE 2021)
+++ RESULT: Valid (intuitionistically)
============================
Clausification time: 0.002 sec
Prover time: 0.000 sec
