IMPLS: True IMPLD: True V: p1
IMPLS: True IMPLD: True V: p2
IMPLS: True IMPLD: False V: (p1 & (p2 & (p3 & (p4 & (p5 & (p6 & p7))))))
IMPLS: True IMPLD: False V: p1
IMPLS: True IMPLD: False V: (p2 & (p3 & (p4 & (p5 & (p6 & p7)))))
IMPLS: True IMPLD: False V: p2
IMPLS: True IMPLD: False V: (p3 & (p4 & (p5 & (p6 & p7))))
IMPLS: True IMPLD: False V: p3
IMPLS: True IMPLD: False V: (p4 & (p5 & (p6 & p7)))
IMPLS: True IMPLD: False V: p4
IMPLS: True IMPLD: False V: (p5 & (p6 & p7))
IMPLS: True IMPLD: False V: p5
IMPLS: True IMPLD: False V: (p6 & p7)
IMPLS: True IMPLD: False V: p6
IMPLS: True IMPLD: False V: p7
IMPLS: True IMPLD: True V: p2
IMPLS: True IMPLD: True V: p3
IMPLS: True IMPLD: False V: (p1 & (p2 & (p3 & (p4 & (p5 & (p6 & p7))))))
IMPLS: True IMPLD: False V: p1
IMPLS: True IMPLD: False V: (p2 & (p3 & (p4 & (p5 & (p6 & p7)))))
IMPLS: True IMPLD: False V: p2
IMPLS: True IMPLD: False V: (p3 & (p4 & (p5 & (p6 & p7))))
IMPLS: True IMPLD: False V: p3
IMPLS: True IMPLD: False V: (p4 & (p5 & (p6 & p7)))
IMPLS: True IMPLD: False V: p4
IMPLS: True IMPLD: False V: (p5 & (p6 & p7))
IMPLS: True IMPLD: False V: p5
IMPLS: True IMPLD: False V: (p6 & p7)
IMPLS: True IMPLD: False V: p6
IMPLS: True IMPLD: False V: p7
IMPLS: True IMPLD: True V: p3
IMPLS: True IMPLD: True V: p4
IMPLS: True IMPLD: False V: (p1 & (p2 & (p3 & (p4 & (p5 & (p6 & p7))))))
IMPLS: True IMPLD: False V: p1
IMPLS: True IMPLD: False V: (p2 & (p3 & (p4 & (p5 & (p6 & p7)))))
IMPLS: True IMPLD: False V: p2
IMPLS: True IMPLD: False V: (p3 & (p4 & (p5 & (p6 & p7))))
IMPLS: True IMPLD: False V: p3
IMPLS: True IMPLD: False V: (p4 & (p5 & (p6 & p7)))
IMPLS: True IMPLD: False V: p4
IMPLS: True IMPLD: False V: (p5 & (p6 & p7))
IMPLS: True IMPLD: False V: p5
IMPLS: True IMPLD: False V: (p6 & p7)
IMPLS: True IMPLD: False V: p6
IMPLS: True IMPLD: False V: p7
IMPLS: True IMPLD: True V: p4
IMPLS: True IMPLD: True V: p5
IMPLS: True IMPLD: False V: (p1 & (p2 & (p3 & (p4 & (p5 & (p6 & p7))))))
IMPLS: True IMPLD: False V: p1
IMPLS: True IMPLD: False V: (p2 & (p3 & (p4 & (p5 & (p6 & p7)))))
IMPLS: True IMPLD: False V: p2
IMPLS: True IMPLD: False V: (p3 & (p4 & (p5 & (p6 & p7))))
IMPLS: True IMPLD: False V: p3
IMPLS: True IMPLD: False V: (p4 & (p5 & (p6 & p7)))
IMPLS: True IMPLD: False V: p4
IMPLS: True IMPLD: False V: (p5 & (p6 & p7))
IMPLS: True IMPLD: False V: p5
IMPLS: True IMPLD: False V: (p6 & p7)
IMPLS: True IMPLD: False V: p6
IMPLS: True IMPLD: False V: p7
IMPLS: True IMPLD: True V: p5
IMPLS: True IMPLD: True V: p6
IMPLS: True IMPLD: False V: (p1 & (p2 & (p3 & (p4 & (p5 & (p6 & p7))))))
IMPLS: True IMPLD: False V: p1
IMPLS: True IMPLD: False V: (p2 & (p3 & (p4 & (p5 & (p6 & p7)))))
IMPLS: True IMPLD: False V: p2
IMPLS: True IMPLD: False V: (p3 & (p4 & (p5 & (p6 & p7))))
IMPLS: True IMPLD: False V: p3
IMPLS: True IMPLD: False V: (p4 & (p5 & (p6 & p7)))
IMPLS: True IMPLD: False V: p4
IMPLS: True IMPLD: False V: (p5 & (p6 & p7))
IMPLS: True IMPLD: False V: p5
IMPLS: True IMPLD: False V: (p6 & p7)
IMPLS: True IMPLD: False V: p6
IMPLS: True IMPLD: False V: p7
IMPLS: True IMPLD: True V: p6
IMPLS: True IMPLD: True V: p7
IMPLS: True IMPLD: False V: (p1 & (p2 & (p3 & (p4 & (p5 & (p6 & p7))))))
IMPLS: True IMPLD: False V: p1
IMPLS: True IMPLD: False V: (p2 & (p3 & (p4 & (p5 & (p6 & p7)))))
IMPLS: True IMPLD: False V: p2
IMPLS: True IMPLD: False V: (p3 & (p4 & (p5 & (p6 & p7))))
IMPLS: True IMPLD: False V: p3
IMPLS: True IMPLD: False V: (p4 & (p5 & (p6 & p7)))
IMPLS: True IMPLD: False V: p4
IMPLS: True IMPLD: False V: (p5 & (p6 & p7))
IMPLS: True IMPLD: False V: p5
IMPLS: True IMPLD: False V: (p6 & p7)
IMPLS: True IMPLD: False V: p6
IMPLS: True IMPLD: False V: p7
IMPLS: True IMPLD: True V: p7
IMPLS: True IMPLD: True V: p1
IMPLS: True IMPLD: False V: (p1 & (p2 & (p3 & (p4 & (p5 & (p6 & p7))))))
IMPLS: True IMPLD: False V: p1
IMPLS: True IMPLD: False V: (p2 & (p3 & (p4 & (p5 & (p6 & p7)))))
IMPLS: True IMPLD: False V: p2
IMPLS: True IMPLD: False V: (p3 & (p4 & (p5 & (p6 & p7))))
IMPLS: True IMPLD: False V: p3
IMPLS: True IMPLD: False V: (p4 & (p5 & (p6 & p7)))
IMPLS: True IMPLD: False V: p4
IMPLS: True IMPLD: False V: (p5 & (p6 & p7))
IMPLS: True IMPLD: False V: p5
IMPLS: True IMPLD: False V: (p6 & p7)
IMPLS: True IMPLD: False V: p6
IMPLS: True IMPLD: False V: p7
IMPLS: False IMPLD: True V: p1
IMPLS: False IMPLD: True V: p2
IMPLS: False IMPLD: True V: p3
IMPLS: False IMPLD: True V: p4
IMPLS: False IMPLD: True V: p5
IMPLS: False IMPLD: True V: p6
IMPLS: False IMPLD: True V: p7
IMPLS: True IMPLD: False V: $goal
+++ Reading file '"benchmarks/syj201/intuitr-formulas/syj201-n03.p"'...
+++ Clausification...
[((p1 <=> p2) => (p1 & (p2 & (p3 & (p4 & (p5 & (p6 & p7))))))),((p2 <=> p3) => (p1 & (p2 & (p3 & (p4 & (p5 & (p6 & p7))))))),((p3 <=> p4) => (p1 & (p2 & (p3 & (p4 & (p5 & (p6 & p7))))))),((p4 <=> p5) => (p1 & (p2 & (p3 & (p4 & (p5 & (p6 & p7))))))),((p5 <=> p6) => (p1 & (p2 & (p3 & (p4 & (p5 & (p6 & p7))))))),((p6 <=> p7) => (p1 & (p2 & (p3 & (p4 & (p5 & (p6 & p7))))))),((p7 <=> p1) => (p1 & (p2 & (p3 & (p4 & (p5 & (p6 & p7))))))),((p1 & (p2 & (p3 & (p4 & (p5 & (p6 & p7)))))) => $goal)]
([["$p1","$p2"] =>  ["$p0"],["$p3"] =>  ["p6"],["$p3"] =>  ["p7"],["$p4"] =>  ["p5"],["$p4"] =>  ["$p3"],["$p5"] =>  ["p4"],["$p5"] =>  ["$p4"],["$p6"] =>  ["p3"],["$p6"] =>  ["$p5"],["$p7"] =>  ["p2"],["$p7"] =>  ["$p6"],["$p8"] =>  ["p1"],["$p8"] =>  ["$p7"],["$p0"] =>  ["$p8"],["$p10","$p11"] =>  ["$p9"],["$p9"] =>  ["$p8"],["$p13","$p14"] =>  ["$p12"],["$p12"] =>  ["$p8"],["$p16","$p17"] =>  ["$p15"],["$p15"] =>  ["$p8"],["$p19","$p20"] =>  ["$p18"],["$p18"] =>  ["$p8"],["$p22","$p23"] =>  ["$p21"],["$p21"] =>  ["$p8"],["$p25","$p26"] =>  ["$p24"],["$p24"] =>  ["$p8"],["p1","p2","p3","p4","p5","p6","p7"] =>  ["$goal"]],[(("p1") -> ("p2")) -> ("$p1"),(("p2") -> ("p1")) -> ("$p2"),(("p2") -> ("p3")) -> ("$p10"),(("p3") -> ("p2")) -> ("$p11"),(("p3") -> ("p4")) -> ("$p13"),(("p4") -> ("p3")) -> ("$p14"),(("p4") -> ("p5")) -> ("$p16"),(("p5") -> ("p4")) -> ("$p17"),(("p5") -> ("p6")) -> ("$p19"),(("p6") -> ("p5")) -> ("$p20"),(("p6") -> ("p7")) -> ("$p22"),(("p7") -> ("p6")) -> ("$p23"),(("p7") -> ("p1")) -> ("$p25"),(("p1") -> ("p7")) -> ("$p26")],"$goal")
+++ Created 41 flat clauses and 14 implication clauses
+++ Proving (intuitR, CADE 2021)
+++ RESULT: Valid (intuitionistically)
============================
Clausification time: 0.001 sec
Prover time: 0.000 sec
