IMPLS: True IMPLD: True V: p1
IMPLS: True IMPLD: True V: p2
IMPLS: True IMPLD: False V: (p1 & (p2 & (p3 & (p4 & (p5 & (p6 & (p7 & (p8 & (p9 & (p10 & (p11 & (p12 & (p13 & (p14 & (p15 & (p16 & (p17 & (p18 & p19))))))))))))))))))
IMPLS: True IMPLD: False V: p1
IMPLS: True IMPLD: False V: (p2 & (p3 & (p4 & (p5 & (p6 & (p7 & (p8 & (p9 & (p10 & (p11 & (p12 & (p13 & (p14 & (p15 & (p16 & (p17 & (p18 & p19)))))))))))))))))
IMPLS: True IMPLD: False V: p2
IMPLS: True IMPLD: False V: (p3 & (p4 & (p5 & (p6 & (p7 & (p8 & (p9 & (p10 & (p11 & (p12 & (p13 & (p14 & (p15 & (p16 & (p17 & (p18 & p19))))))))))))))))
IMPLS: True IMPLD: False V: p3
IMPLS: True IMPLD: False V: (p4 & (p5 & (p6 & (p7 & (p8 & (p9 & (p10 & (p11 & (p12 & (p13 & (p14 & (p15 & (p16 & (p17 & (p18 & p19)))))))))))))))
IMPLS: True IMPLD: False V: p4
IMPLS: True IMPLD: False V: (p5 & (p6 & (p7 & (p8 & (p9 & (p10 & (p11 & (p12 & (p13 & (p14 & (p15 & (p16 & (p17 & (p18 & p19))))))))))))))
IMPLS: True IMPLD: False V: p5
IMPLS: True IMPLD: False V: (p6 & (p7 & (p8 & (p9 & (p10 & (p11 & (p12 & (p13 & (p14 & (p15 & (p16 & (p17 & (p18 & p19)))))))))))))
IMPLS: True IMPLD: False V: p6
IMPLS: True IMPLD: False V: (p7 & (p8 & (p9 & (p10 & (p11 & (p12 & (p13 & (p14 & (p15 & (p16 & (p17 & (p18 & p19))))))))))))
IMPLS: True IMPLD: False V: p7
IMPLS: True IMPLD: False V: (p8 & (p9 & (p10 & (p11 & (p12 & (p13 & (p14 & (p15 & (p16 & (p17 & (p18 & p19)))))))))))
IMPLS: True IMPLD: False V: p8
IMPLS: True IMPLD: False V: (p9 & (p10 & (p11 & (p12 & (p13 & (p14 & (p15 & (p16 & (p17 & (p18 & p19))))))))))
IMPLS: True IMPLD: False V: p9
IMPLS: True IMPLD: False V: (p10 & (p11 & (p12 & (p13 & (p14 & (p15 & (p16 & (p17 & (p18 & p19)))))))))
IMPLS: True IMPLD: False V: p10
IMPLS: True IMPLD: False V: (p11 & (p12 & (p13 & (p14 & (p15 & (p16 & (p17 & (p18 & p19))))))))
IMPLS: True IMPLD: False V: p11
IMPLS: True IMPLD: False V: (p12 & (p13 & (p14 & (p15 & (p16 & (p17 & (p18 & p19)))))))
IMPLS: True IMPLD: False V: p12
IMPLS: True IMPLD: False V: (p13 & (p14 & (p15 & (p16 & (p17 & (p18 & p19))))))
IMPLS: True IMPLD: False V: p13
IMPLS: True IMPLD: False V: (p14 & (p15 & (p16 & (p17 & (p18 & p19)))))
IMPLS: True IMPLD: False V: p14
IMPLS: True IMPLD: False V: (p15 & (p16 & (p17 & (p18 & p19))))
IMPLS: True IMPLD: False V: p15
IMPLS: True IMPLD: False V: (p16 & (p17 & (p18 & p19)))
IMPLS: True IMPLD: False V: p16
IMPLS: True IMPLD: False V: (p17 & (p18 & p19))
IMPLS: True IMPLD: False V: p17
IMPLS: True IMPLD: False V: (p18 & p19)
IMPLS: True IMPLD: False V: p18
IMPLS: True IMPLD: False V: p19
IMPLS: True IMPLD: True V: p2
IMPLS: True IMPLD: True V: p3
IMPLS: True IMPLD: False V: (p1 & (p2 & (p3 & (p4 & (p5 & (p6 & (p7 & (p8 & (p9 & (p10 & (p11 & (p12 & (p13 & (p14 & (p15 & (p16 & (p17 & (p18 & p19))))))))))))))))))
IMPLS: True IMPLD: False V: p1
IMPLS: True IMPLD: False V: (p2 & (p3 & (p4 & (p5 & (p6 & (p7 & (p8 & (p9 & (p10 & (p11 & (p12 & (p13 & (p14 & (p15 & (p16 & (p17 & (p18 & p19)))))))))))))))))
IMPLS: True IMPLD: False V: p2
IMPLS: True IMPLD: False V: (p3 & (p4 & (p5 & (p6 & (p7 & (p8 & (p9 & (p10 & (p11 & (p12 & (p13 & (p14 & (p15 & (p16 & (p17 & (p18 & p19))))))))))))))))
IMPLS: True IMPLD: False V: p3
IMPLS: True IMPLD: False V: (p4 & (p5 & (p6 & (p7 & (p8 & (p9 & (p10 & (p11 & (p12 & (p13 & (p14 & (p15 & (p16 & (p17 & (p18 & p19)))))))))))))))
IMPLS: True IMPLD: False V: p4
IMPLS: True IMPLD: False V: (p5 & (p6 & (p7 & (p8 & (p9 & (p10 & (p11 & (p12 & (p13 & (p14 & (p15 & (p16 & (p17 & (p18 & p19))))))))))))))
IMPLS: True IMPLD: False V: p5
IMPLS: True IMPLD: False V: (p6 & (p7 & (p8 & (p9 & (p10 & (p11 & (p12 & (p13 & (p14 & (p15 & (p16 & (p17 & (p18 & p19)))))))))))))
IMPLS: True IMPLD: False V: p6
IMPLS: True IMPLD: False V: (p7 & (p8 & (p9 & (p10 & (p11 & (p12 & (p13 & (p14 & (p15 & (p16 & (p17 & (p18 & p19))))))))))))
IMPLS: True IMPLD: False V: p7
IMPLS: True IMPLD: False V: (p8 & (p9 & (p10 & (p11 & (p12 & (p13 & (p14 & (p15 & (p16 & (p17 & (p18 & p19)))))))))))
IMPLS: True IMPLD: False V: p8
IMPLS: True IMPLD: False V: (p9 & (p10 & (p11 & (p12 & (p13 & (p14 & (p15 & (p16 & (p17 & (p18 & p19))))))))))
IMPLS: True IMPLD: False V: p9
IMPLS: True IMPLD: False V: (p10 & (p11 & (p12 & (p13 & (p14 & (p15 & (p16 & (p17 & (p18 & p19)))))))))
IMPLS: True IMPLD: False V: p10
IMPLS: True IMPLD: False V: (p11 & (p12 & (p13 & (p14 & (p15 & (p16 & (p17 & (p18 & p19))))))))
IMPLS: True IMPLD: False V: p11
IMPLS: True IMPLD: False V: (p12 & (p13 & (p14 & (p15 & (p16 & (p17 & (p18 & p19)))))))
IMPLS: True IMPLD: False V: p12
IMPLS: True IMPLD: False V: (p13 & (p14 & (p15 & (p16 & (p17 & (p18 & p19))))))
IMPLS: True IMPLD: False V: p13
IMPLS: True IMPLD: False V: (p14 & (p15 & (p16 & (p17 & (p18 & p19)))))
IMPLS: True IMPLD: False V: p14
IMPLS: True IMPLD: False V: (p15 & (p16 & (p17 & (p18 & p19))))
IMPLS: True IMPLD: False V: p15
IMPLS: True IMPLD: False V: (p16 & (p17 & (p18 & p19)))
IMPLS: True IMPLD: False V: p16
IMPLS: True IMPLD: False V: (p17 & (p18 & p19))
IMPLS: True IMPLD: False V: p17
IMPLS: True IMPLD: False V: (p18 & p19)
IMPLS: True IMPLD: False V: p18
IMPLS: True IMPLD: False V: p19
IMPLS: True IMPLD: True V: p3
IMPLS: True IMPLD: True V: p4
IMPLS: True IMPLD: False V: (p1 & (p2 & (p3 & (p4 & (p5 & (p6 & (p7 & (p8 & (p9 & (p10 & (p11 & (p12 & (p13 & (p14 & (p15 & (p16 & (p17 & (p18 & p19))))))))))))))))))
IMPLS: True IMPLD: False V: p1
IMPLS: True IMPLD: False V: (p2 & (p3 & (p4 & (p5 & (p6 & (p7 & (p8 & (p9 & (p10 & (p11 & (p12 & (p13 & (p14 & (p15 & (p16 & (p17 & (p18 & p19)))))))))))))))))
IMPLS: True IMPLD: False V: p2
IMPLS: True IMPLD: False V: (p3 & (p4 & (p5 & (p6 & (p7 & (p8 & (p9 & (p10 & (p11 & (p12 & (p13 & (p14 & (p15 & (p16 & (p17 & (p18 & p19))))))))))))))))
IMPLS: True IMPLD: False V: p3
IMPLS: True IMPLD: False V: (p4 & (p5 & (p6 & (p7 & (p8 & (p9 & (p10 & (p11 & (p12 & (p13 & (p14 & (p15 & (p16 & (p17 & (p18 & p19)))))))))))))))
IMPLS: True IMPLD: False V: p4
IMPLS: True IMPLD: False V: (p5 & (p6 & (p7 & (p8 & (p9 & (p10 & (p11 & (p12 & (p13 & (p14 & (p15 & (p16 & (p17 & (p18 & p19))))))))))))))
IMPLS: True IMPLD: False V: p5
IMPLS: True IMPLD: False V: (p6 & (p7 & (p8 & (p9 & (p10 & (p11 & (p12 & (p13 & (p14 & (p15 & (p16 & (p17 & (p18 & p19)))))))))))))
IMPLS: True IMPLD: False V: p6
IMPLS: True IMPLD: False V: (p7 & (p8 & (p9 & (p10 & (p11 & (p12 & (p13 & (p14 & (p15 & (p16 & (p17 & (p18 & p19))))))))))))
IMPLS: True IMPLD: False V: p7
IMPLS: True IMPLD: False V: (p8 & (p9 & (p10 & (p11 & (p12 & (p13 & (p14 & (p15 & (p16 & (p17 & (p18 & p19)))))))))))
IMPLS: True IMPLD: False V: p8
IMPLS: True IMPLD: False V: (p9 & (p10 & (p11 & (p12 & (p13 & (p14 & (p15 & (p16 & (p17 & (p18 & p19))))))))))
IMPLS: True IMPLD: False V: p9
IMPLS: True IMPLD: False V: (p10 & (p11 & (p12 & (p13 & (p14 & (p15 & (p16 & (p17 & (p18 & p19)))))))))
IMPLS: True IMPLD: False V: p10
IMPLS: True IMPLD: False V: (p11 & (p12 & (p13 & (p14 & (p15 & (p16 & (p17 & (p18 & p19))))))))
IMPLS: True IMPLD: False V: p11
IMPLS: True IMPLD: False V: (p12 & (p13 & (p14 & (p15 & (p16 & (p17 & (p18 & p19)))))))
IMPLS: True IMPLD: False V: p12
IMPLS: True IMPLD: False V: (p13 & (p14 & (p15 & (p16 & (p17 & (p18 & p19))))))
IMPLS: True IMPLD: False V: p13
IMPLS: True IMPLD: False V: (p14 & (p15 & (p16 & (p17 & (p18 & p19)))))
IMPLS: True IMPLD: False V: p14
IMPLS: True IMPLD: False V: (p15 & (p16 & (p17 & (p18 & p19))))
IMPLS: True IMPLD: False V: p15
IMPLS: True IMPLD: False V: (p16 & (p17 & (p18 & p19)))
IMPLS: True IMPLD: False V: p16
IMPLS: True IMPLD: False V: (p17 & (p18 & p19))
IMPLS: True IMPLD: False V: p17
IMPLS: True IMPLD: False V: (p18 & p19)
IMPLS: True IMPLD: False V: p18
IMPLS: True IMPLD: False V: p19
IMPLS: True IMPLD: True V: p4
IMPLS: True IMPLD: True V: p5
IMPLS: True IMPLD: False V: (p1 & (p2 & (p3 & (p4 & (p5 & (p6 & (p7 & (p8 & (p9 & (p10 & (p11 & (p12 & (p13 & (p14 & (p15 & (p16 & (p17 & (p18 & p19))))))))))))))))))
IMPLS: True IMPLD: False V: p1
IMPLS: True IMPLD: False V: (p2 & (p3 & (p4 & (p5 & (p6 & (p7 & (p8 & (p9 & (p10 & (p11 & (p12 & (p13 & (p14 & (p15 & (p16 & (p17 & (p18 & p19)))))))))))))))))
IMPLS: True IMPLD: False V: p2
IMPLS: True IMPLD: False V: (p3 & (p4 & (p5 & (p6 & (p7 & (p8 & (p9 & (p10 & (p11 & (p12 & (p13 & (p14 & (p15 & (p16 & (p17 & (p18 & p19))))))))))))))))
IMPLS: True IMPLD: False V: p3
IMPLS: True IMPLD: False V: (p4 & (p5 & (p6 & (p7 & (p8 & (p9 & (p10 & (p11 & (p12 & (p13 & (p14 & (p15 & (p16 & (p17 & (p18 & p19)))))))))))))))
IMPLS: True IMPLD: False V: p4
IMPLS: True IMPLD: False V: (p5 & (p6 & (p7 & (p8 & (p9 & (p10 & (p11 & (p12 & (p13 & (p14 & (p15 & (p16 & (p17 & (p18 & p19))))))))))))))
IMPLS: True IMPLD: False V: p5
IMPLS: True IMPLD: False V: (p6 & (p7 & (p8 & (p9 & (p10 & (p11 & (p12 & (p13 & (p14 & (p15 & (p16 & (p17 & (p18 & p19)))))))))))))
IMPLS: True IMPLD: False V: p6
IMPLS: True IMPLD: False V: (p7 & (p8 & (p9 & (p10 & (p11 & (p12 & (p13 & (p14 & (p15 & (p16 & (p17 & (p18 & p19))))))))))))
IMPLS: True IMPLD: False V: p7
IMPLS: True IMPLD: False V: (p8 & (p9 & (p10 & (p11 & (p12 & (p13 & (p14 & (p15 & (p16 & (p17 & (p18 & p19)))))))))))
IMPLS: True IMPLD: False V: p8
IMPLS: True IMPLD: False V: (p9 & (p10 & (p11 & (p12 & (p13 & (p14 & (p15 & (p16 & (p17 & (p18 & p19))))))))))
IMPLS: True IMPLD: False V: p9
IMPLS: True IMPLD: False V: (p10 & (p11 & (p12 & (p13 & (p14 & (p15 & (p16 & (p17 & (p18 & p19)))))))))
IMPLS: True IMPLD: False V: p10
IMPLS: True IMPLD: False V: (p11 & (p12 & (p13 & (p14 & (p15 & (p16 & (p17 & (p18 & p19))))))))
IMPLS: True IMPLD: False V: p11
IMPLS: True IMPLD: False V: (p12 & (p13 & (p14 & (p15 & (p16 & (p17 & (p18 & p19)))))))
IMPLS: True IMPLD: False V: p12
IMPLS: True IMPLD: False V: (p13 & (p14 & (p15 & (p16 & (p17 & (p18 & p19))))))
IMPLS: True IMPLD: False V: p13
IMPLS: True IMPLD: False V: (p14 & (p15 & (p16 & (p17 & (p18 & p19)))))
IMPLS: True IMPLD: False V: p14
IMPLS: True IMPLD: False V: (p15 & (p16 & (p17 & (p18 & p19))))
IMPLS: True IMPLD: False V: p15
IMPLS: True IMPLD: False V: (p16 & (p17 & (p18 & p19)))
IMPLS: True IMPLD: False V: p16
IMPLS: True IMPLD: False V: (p17 & (p18 & p19))
IMPLS: True IMPLD: False V: p17
IMPLS: True IMPLD: False V: (p18 & p19)
IMPLS: True IMPLD: False V: p18
IMPLS: True IMPLD: False V: p19
IMPLS: True IMPLD: True V: p5
IMPLS: True IMPLD: True V: p6
IMPLS: True IMPLD: False V: (p1 & (p2 & (p3 & (p4 & (p5 & (p6 & (p7 & (p8 & (p9 & (p10 & (p11 & (p12 & (p13 & (p14 & (p15 & (p16 & (p17 & (p18 & p19))))))))))))))))))
IMPLS: True IMPLD: False V: p1
IMPLS: True IMPLD: False V: (p2 & (p3 & (p4 & (p5 & (p6 & (p7 & (p8 & (p9 & (p10 & (p11 & (p12 & (p13 & (p14 & (p15 & (p16 & (p17 & (p18 & p19)))))))))))))))))
IMPLS: True IMPLD: False V: p2
IMPLS: True IMPLD: False V: (p3 & (p4 & (p5 & (p6 & (p7 & (p8 & (p9 & (p10 & (p11 & (p12 & (p13 & (p14 & (p15 & (p16 & (p17 & (p18 & p19))))))))))))))))
IMPLS: True IMPLD: False V: p3
IMPLS: True IMPLD: False V: (p4 & (p5 & (p6 & (p7 & (p8 & (p9 & (p10 & (p11 & (p12 & (p13 & (p14 & (p15 & (p16 & (p17 & (p18 & p19)))))))))))))))
IMPLS: True IMPLD: False V: p4
IMPLS: True IMPLD: False V: (p5 & (p6 & (p7 & (p8 & (p9 & (p10 & (p11 & (p12 & (p13 & (p14 & (p15 & (p16 & (p17 & (p18 & p19))))))))))))))
IMPLS: True IMPLD: False V: p5
IMPLS: True IMPLD: False V: (p6 & (p7 & (p8 & (p9 & (p10 & (p11 & (p12 & (p13 & (p14 & (p15 & (p16 & (p17 & (p18 & p19)))))))))))))
IMPLS: True IMPLD: False V: p6
IMPLS: True IMPLD: False V: (p7 & (p8 & (p9 & (p10 & (p11 & (p12 & (p13 & (p14 & (p15 & (p16 & (p17 & (p18 & p19))))))))))))
IMPLS: True IMPLD: False V: p7
IMPLS: True IMPLD: False V: (p8 & (p9 & (p10 & (p11 & (p12 & (p13 & (p14 & (p15 & (p16 & (p17 & (p18 & p19)))))))))))
IMPLS: True IMPLD: False V: p8
IMPLS: True IMPLD: False V: (p9 & (p10 & (p11 & (p12 & (p13 & (p14 & (p15 & (p16 & (p17 & (p18 & p19))))))))))
IMPLS: True IMPLD: False V: p9
IMPLS: True IMPLD: False V: (p10 & (p11 & (p12 & (p13 & (p14 & (p15 & (p16 & (p17 & (p18 & p19)))))))))
IMPLS: True IMPLD: False V: p10
IMPLS: True IMPLD: False V: (p11 & (p12 & (p13 & (p14 & (p15 & (p16 & (p17 & (p18 & p19))))))))
IMPLS: True IMPLD: False V: p11
IMPLS: True IMPLD: False V: (p12 & (p13 & (p14 & (p15 & (p16 & (p17 & (p18 & p19)))))))
IMPLS: True IMPLD: False V: p12
IMPLS: True IMPLD: False V: (p13 & (p14 & (p15 & (p16 & (p17 & (p18 & p19))))))
IMPLS: True IMPLD: False V: p13
IMPLS: True IMPLD: False V: (p14 & (p15 & (p16 & (p17 & (p18 & p19)))))
IMPLS: True IMPLD: False V: p14
IMPLS: True IMPLD: False V: (p15 & (p16 & (p17 & (p18 & p19))))
IMPLS: True IMPLD: False V: p15
IMPLS: True IMPLD: False V: (p16 & (p17 & (p18 & p19)))
IMPLS: True IMPLD: False V: p16
IMPLS: True IMPLD: False V: (p17 & (p18 & p19))
IMPLS: True IMPLD: False V: p17
IMPLS: True IMPLD: False V: (p18 & p19)
IMPLS: True IMPLD: False V: p18
IMPLS: True IMPLD: False V: p19
IMPLS: True IMPLD: True V: p6
IMPLS: True IMPLD: True V: p7
IMPLS: True IMPLD: False V: (p1 & (p2 & (p3 & (p4 & (p5 & (p6 & (p7 & (p8 & (p9 & (p10 & (p11 & (p12 & (p13 & (p14 & (p15 & (p16 & (p17 & (p18 & p19))))))))))))))))))
IMPLS: True IMPLD: False V: p1
IMPLS: True IMPLD: False V: (p2 & (p3 & (p4 & (p5 & (p6 & (p7 & (p8 & (p9 & (p10 & (p11 & (p12 & (p13 & (p14 & (p15 & (p16 & (p17 & (p18 & p19)))))))))))))))))
IMPLS: True IMPLD: False V: p2
IMPLS: True IMPLD: False V: (p3 & (p4 & (p5 & (p6 & (p7 & (p8 & (p9 & (p10 & (p11 & (p12 & (p13 & (p14 & (p15 & (p16 & (p17 & (p18 & p19))))))))))))))))
IMPLS: True IMPLD: False V: p3
IMPLS: True IMPLD: False V: (p4 & (p5 & (p6 & (p7 & (p8 & (p9 & (p10 & (p11 & (p12 & (p13 & (p14 & (p15 & (p16 & (p17 & (p18 & p19)))))))))))))))
IMPLS: True IMPLD: False V: p4
IMPLS: True IMPLD: False V: (p5 & (p6 & (p7 & (p8 & (p9 & (p10 & (p11 & (p12 & (p13 & (p14 & (p15 & (p16 & (p17 & (p18 & p19))))))))))))))
IMPLS: True IMPLD: False V: p5
IMPLS: True IMPLD: False V: (p6 & (p7 & (p8 & (p9 & (p10 & (p11 & (p12 & (p13 & (p14 & (p15 & (p16 & (p17 & (p18 & p19)))))))))))))
IMPLS: True IMPLD: False V: p6
IMPLS: True IMPLD: False V: (p7 & (p8 & (p9 & (p10 & (p11 & (p12 & (p13 & (p14 & (p15 & (p16 & (p17 & (p18 & p19))))))))))))
IMPLS: True IMPLD: False V: p7
IMPLS: True IMPLD: False V: (p8 & (p9 & (p10 & (p11 & (p12 & (p13 & (p14 & (p15 & (p16 & (p17 & (p18 & p19)))))))))))
IMPLS: True IMPLD: False V: p8
IMPLS: True IMPLD: False V: (p9 & (p10 & (p11 & (p12 & (p13 & (p14 & (p15 & (p16 & (p17 & (p18 & p19))))))))))
IMPLS: True IMPLD: False V: p9
IMPLS: True IMPLD: False V: (p10 & (p11 & (p12 & (p13 & (p14 & (p15 & (p16 & (p17 & (p18 & p19)))))))))
IMPLS: True IMPLD: False V: p10
IMPLS: True IMPLD: False V: (p11 & (p12 & (p13 & (p14 & (p15 & (p16 & (p17 & (p18 & p19))))))))
IMPLS: True IMPLD: False V: p11
IMPLS: True IMPLD: False V: (p12 & (p13 & (p14 & (p15 & (p16 & (p17 & (p18 & p19)))))))
IMPLS: True IMPLD: False V: p12
IMPLS: True IMPLD: False V: (p13 & (p14 & (p15 & (p16 & (p17 & (p18 & p19))))))
IMPLS: True IMPLD: False V: p13
IMPLS: True IMPLD: False V: (p14 & (p15 & (p16 & (p17 & (p18 & p19)))))
IMPLS: True IMPLD: False V: p14
IMPLS: True IMPLD: False V: (p15 & (p16 & (p17 & (p18 & p19))))
IMPLS: True IMPLD: False V: p15
IMPLS: True IMPLD: False V: (p16 & (p17 & (p18 & p19)))
IMPLS: True IMPLD: False V: p16
IMPLS: True IMPLD: False V: (p17 & (p18 & p19))
IMPLS: True IMPLD: False V: p17
IMPLS: True IMPLD: False V: (p18 & p19)
IMPLS: True IMPLD: False V: p18
IMPLS: True IMPLD: False V: p19
IMPLS: True IMPLD: True V: p7
IMPLS: True IMPLD: True V: p8
IMPLS: True IMPLD: False V: (p1 & (p2 & (p3 & (p4 & (p5 & (p6 & (p7 & (p8 & (p9 & (p10 & (p11 & (p12 & (p13 & (p14 & (p15 & (p16 & (p17 & (p18 & p19))))))))))))))))))
IMPLS: True IMPLD: False V: p1
IMPLS: True IMPLD: False V: (p2 & (p3 & (p4 & (p5 & (p6 & (p7 & (p8 & (p9 & (p10 & (p11 & (p12 & (p13 & (p14 & (p15 & (p16 & (p17 & (p18 & p19)))))))))))))))))
IMPLS: True IMPLD: False V: p2
IMPLS: True IMPLD: False V: (p3 & (p4 & (p5 & (p6 & (p7 & (p8 & (p9 & (p10 & (p11 & (p12 & (p13 & (p14 & (p15 & (p16 & (p17 & (p18 & p19))))))))))))))))
IMPLS: True IMPLD: False V: p3
IMPLS: True IMPLD: False V: (p4 & (p5 & (p6 & (p7 & (p8 & (p9 & (p10 & (p11 & (p12 & (p13 & (p14 & (p15 & (p16 & (p17 & (p18 & p19)))))))))))))))
IMPLS: True IMPLD: False V: p4
IMPLS: True IMPLD: False V: (p5 & (p6 & (p7 & (p8 & (p9 & (p10 & (p11 & (p12 & (p13 & (p14 & (p15 & (p16 & (p17 & (p18 & p19))))))))))))))
IMPLS: True IMPLD: False V: p5
IMPLS: True IMPLD: False V: (p6 & (p7 & (p8 & (p9 & (p10 & (p11 & (p12 & (p13 & (p14 & (p15 & (p16 & (p17 & (p18 & p19)))))))))))))
IMPLS: True IMPLD: False V: p6
IMPLS: True IMPLD: False V: (p7 & (p8 & (p9 & (p10 & (p11 & (p12 & (p13 & (p14 & (p15 & (p16 & (p17 & (p18 & p19))))))))))))
IMPLS: True IMPLD: False V: p7
IMPLS: True IMPLD: False V: (p8 & (p9 & (p10 & (p11 & (p12 & (p13 & (p14 & (p15 & (p16 & (p17 & (p18 & p19)))))))))))
IMPLS: True IMPLD: False V: p8
IMPLS: True IMPLD: False V: (p9 & (p10 & (p11 & (p12 & (p13 & (p14 & (p15 & (p16 & (p17 & (p18 & p19))))))))))
IMPLS: True IMPLD: False V: p9
IMPLS: True IMPLD: False V: (p10 & (p11 & (p12 & (p13 & (p14 & (p15 & (p16 & (p17 & (p18 & p19)))))))))
IMPLS: True IMPLD: False V: p10
IMPLS: True IMPLD: False V: (p11 & (p12 & (p13 & (p14 & (p15 & (p16 & (p17 & (p18 & p19))))))))
IMPLS: True IMPLD: False V: p11
IMPLS: True IMPLD: False V: (p12 & (p13 & (p14 & (p15 & (p16 & (p17 & (p18 & p19)))))))
IMPLS: True IMPLD: False V: p12
IMPLS: True IMPLD: False V: (p13 & (p14 & (p15 & (p16 & (p17 & (p18 & p19))))))
IMPLS: True IMPLD: False V: p13
IMPLS: True IMPLD: False V: (p14 & (p15 & (p16 & (p17 & (p18 & p19)))))
IMPLS: True IMPLD: False V: p14
IMPLS: True IMPLD: False V: (p15 & (p16 & (p17 & (p18 & p19))))
IMPLS: True IMPLD: False V: p15
IMPLS: True IMPLD: False V: (p16 & (p17 & (p18 & p19)))
IMPLS: True IMPLD: False V: p16
IMPLS: True IMPLD: False V: (p17 & (p18 & p19))
IMPLS: True IMPLD: False V: p17
IMPLS: True IMPLD: False V: (p18 & p19)
IMPLS: True IMPLD: False V: p18
IMPLS: True IMPLD: False V: p19
IMPLS: True IMPLD: True V: p8
IMPLS: True IMPLD: True V: p9
IMPLS: True IMPLD: False V: (p1 & (p2 & (p3 & (p4 & (p5 & (p6 & (p7 & (p8 & (p9 & (p10 & (p11 & (p12 & (p13 & (p14 & (p15 & (p16 & (p17 & (p18 & p19))))))))))))))))))
IMPLS: True IMPLD: False V: p1
IMPLS: True IMPLD: False V: (p2 & (p3 & (p4 & (p5 & (p6 & (p7 & (p8 & (p9 & (p10 & (p11 & (p12 & (p13 & (p14 & (p15 & (p16 & (p17 & (p18 & p19)))))))))))))))))
IMPLS: True IMPLD: False V: p2
IMPLS: True IMPLD: False V: (p3 & (p4 & (p5 & (p6 & (p7 & (p8 & (p9 & (p10 & (p11 & (p12 & (p13 & (p14 & (p15 & (p16 & (p17 & (p18 & p19))))))))))))))))
IMPLS: True IMPLD: False V: p3
IMPLS: True IMPLD: False V: (p4 & (p5 & (p6 & (p7 & (p8 & (p9 & (p10 & (p11 & (p12 & (p13 & (p14 & (p15 & (p16 & (p17 & (p18 & p19)))))))))))))))
IMPLS: True IMPLD: False V: p4
IMPLS: True IMPLD: False V: (p5 & (p6 & (p7 & (p8 & (p9 & (p10 & (p11 & (p12 & (p13 & (p14 & (p15 & (p16 & (p17 & (p18 & p19))))))))))))))
IMPLS: True IMPLD: False V: p5
IMPLS: True IMPLD: False V: (p6 & (p7 & (p8 & (p9 & (p10 & (p11 & (p12 & (p13 & (p14 & (p15 & (p16 & (p17 & (p18 & p19)))))))))))))
IMPLS: True IMPLD: False V: p6
IMPLS: True IMPLD: False V: (p7 & (p8 & (p9 & (p10 & (p11 & (p12 & (p13 & (p14 & (p15 & (p16 & (p17 & (p18 & p19))))))))))))
IMPLS: True IMPLD: False V: p7
IMPLS: True IMPLD: False V: (p8 & (p9 & (p10 & (p11 & (p12 & (p13 & (p14 & (p15 & (p16 & (p17 & (p18 & p19)))))))))))
IMPLS: True IMPLD: False V: p8
IMPLS: True IMPLD: False V: (p9 & (p10 & (p11 & (p12 & (p13 & (p14 & (p15 & (p16 & (p17 & (p18 & p19))))))))))
IMPLS: True IMPLD: False V: p9
IMPLS: True IMPLD: False V: (p10 & (p11 & (p12 & (p13 & (p14 & (p15 & (p16 & (p17 & (p18 & p19)))))))))
IMPLS: True IMPLD: False V: p10
IMPLS: True IMPLD: False V: (p11 & (p12 & (p13 & (p14 & (p15 & (p16 & (p17 & (p18 & p19))))))))
IMPLS: True IMPLD: False V: p11
IMPLS: True IMPLD: False V: (p12 & (p13 & (p14 & (p15 & (p16 & (p17 & (p18 & p19)))))))
IMPLS: True IMPLD: False V: p12
IMPLS: True IMPLD: False V: (p13 & (p14 & (p15 & (p16 & (p17 & (p18 & p19))))))
IMPLS: True IMPLD: False V: p13
IMPLS: True IMPLD: False V: (p14 & (p15 & (p16 & (p17 & (p18 & p19)))))
IMPLS: True IMPLD: False V: p14
IMPLS: True IMPLD: False V: (p15 & (p16 & (p17 & (p18 & p19))))
IMPLS: True IMPLD: False V: p15
IMPLS: True IMPLD: False V: (p16 & (p17 & (p18 & p19)))
IMPLS: True IMPLD: False V: p16
IMPLS: True IMPLD: False V: (p17 & (p18 & p19))
IMPLS: True IMPLD: False V: p17
IMPLS: True IMPLD: False V: (p18 & p19)
IMPLS: True IMPLD: False V: p18
IMPLS: True IMPLD: False V: p19
IMPLS: True IMPLD: True V: p9
IMPLS: True IMPLD: True V: p10
IMPLS: True IMPLD: False V: (p1 & (p2 & (p3 & (p4 & (p5 & (p6 & (p7 & (p8 & (p9 & (p10 & (p11 & (p12 & (p13 & (p14 & (p15 & (p16 & (p17 & (p18 & p19))))))))))))))))))
IMPLS: True IMPLD: False V: p1
IMPLS: True IMPLD: False V: (p2 & (p3 & (p4 & (p5 & (p6 & (p7 & (p8 & (p9 & (p10 & (p11 & (p12 & (p13 & (p14 & (p15 & (p16 & (p17 & (p18 & p19)))))))))))))))))
IMPLS: True IMPLD: False V: p2
IMPLS: True IMPLD: False V: (p3 & (p4 & (p5 & (p6 & (p7 & (p8 & (p9 & (p10 & (p11 & (p12 & (p13 & (p14 & (p15 & (p16 & (p17 & (p18 & p19))))))))))))))))
IMPLS: True IMPLD: False V: p3
IMPLS: True IMPLD: False V: (p4 & (p5 & (p6 & (p7 & (p8 & (p9 & (p10 & (p11 & (p12 & (p13 & (p14 & (p15 & (p16 & (p17 & (p18 & p19)))))))))))))))
IMPLS: True IMPLD: False V: p4
IMPLS: True IMPLD: False V: (p5 & (p6 & (p7 & (p8 & (p9 & (p10 & (p11 & (p12 & (p13 & (p14 & (p15 & (p16 & (p17 & (p18 & p19))))))))))))))
IMPLS: True IMPLD: False V: p5
IMPLS: True IMPLD: False V: (p6 & (p7 & (p8 & (p9 & (p10 & (p11 & (p12 & (p13 & (p14 & (p15 & (p16 & (p17 & (p18 & p19)))))))))))))
IMPLS: True IMPLD: False V: p6
IMPLS: True IMPLD: False V: (p7 & (p8 & (p9 & (p10 & (p11 & (p12 & (p13 & (p14 & (p15 & (p16 & (p17 & (p18 & p19))))))))))))
IMPLS: True IMPLD: False V: p7
IMPLS: True IMPLD: False V: (p8 & (p9 & (p10 & (p11 & (p12 & (p13 & (p14 & (p15 & (p16 & (p17 & (p18 & p19)))))))))))
IMPLS: True IMPLD: False V: p8
IMPLS: True IMPLD: False V: (p9 & (p10 & (p11 & (p12 & (p13 & (p14 & (p15 & (p16 & (p17 & (p18 & p19))))))))))
IMPLS: True IMPLD: False V: p9
IMPLS: True IMPLD: False V: (p10 & (p11 & (p12 & (p13 & (p14 & (p15 & (p16 & (p17 & (p18 & p19)))))))))
IMPLS: True IMPLD: False V: p10
IMPLS: True IMPLD: False V: (p11 & (p12 & (p13 & (p14 & (p15 & (p16 & (p17 & (p18 & p19))))))))
IMPLS: True IMPLD: False V: p11
IMPLS: True IMPLD: False V: (p12 & (p13 & (p14 & (p15 & (p16 & (p17 & (p18 & p19)))))))
IMPLS: True IMPLD: False V: p12
IMPLS: True IMPLD: False V: (p13 & (p14 & (p15 & (p16 & (p17 & (p18 & p19))))))
IMPLS: True IMPLD: False V: p13
IMPLS: True IMPLD: False V: (p14 & (p15 & (p16 & (p17 & (p18 & p19)))))
IMPLS: True IMPLD: False V: p14
IMPLS: True IMPLD: False V: (p15 & (p16 & (p17 & (p18 & p19))))
IMPLS: True IMPLD: False V: p15
IMPLS: True IMPLD: False V: (p16 & (p17 & (p18 & p19)))
IMPLS: True IMPLD: False V: p16
IMPLS: True IMPLD: False V: (p17 & (p18 & p19))
IMPLS: True IMPLD: False V: p17
IMPLS: True IMPLD: False V: (p18 & p19)
IMPLS: True IMPLD: False V: p18
IMPLS: True IMPLD: False V: p19
IMPLS: True IMPLD: True V: p10
IMPLS: True IMPLD: True V: p11
IMPLS: True IMPLD: False V: (p1 & (p2 & (p3 & (p4 & (p5 & (p6 & (p7 & (p8 & (p9 & (p10 & (p11 & (p12 & (p13 & (p14 & (p15 & (p16 & (p17 & (p18 & p19))))))))))))))))))
IMPLS: True IMPLD: False V: p1
IMPLS: True IMPLD: False V: (p2 & (p3 & (p4 & (p5 & (p6 & (p7 & (p8 & (p9 & (p10 & (p11 & (p12 & (p13 & (p14 & (p15 & (p16 & (p17 & (p18 & p19)))))))))))))))))
IMPLS: True IMPLD: False V: p2
IMPLS: True IMPLD: False V: (p3 & (p4 & (p5 & (p6 & (p7 & (p8 & (p9 & (p10 & (p11 & (p12 & (p13 & (p14 & (p15 & (p16 & (p17 & (p18 & p19))))))))))))))))
IMPLS: True IMPLD: False V: p3
IMPLS: True IMPLD: False V: (p4 & (p5 & (p6 & (p7 & (p8 & (p9 & (p10 & (p11 & (p12 & (p13 & (p14 & (p15 & (p16 & (p17 & (p18 & p19)))))))))))))))
IMPLS: True IMPLD: False V: p4
IMPLS: True IMPLD: False V: (p5 & (p6 & (p7 & (p8 & (p9 & (p10 & (p11 & (p12 & (p13 & (p14 & (p15 & (p16 & (p17 & (p18 & p19))))))))))))))
IMPLS: True IMPLD: False V: p5
IMPLS: True IMPLD: False V: (p6 & (p7 & (p8 & (p9 & (p10 & (p11 & (p12 & (p13 & (p14 & (p15 & (p16 & (p17 & (p18 & p19)))))))))))))
IMPLS: True IMPLD: False V: p6
IMPLS: True IMPLD: False V: (p7 & (p8 & (p9 & (p10 & (p11 & (p12 & (p13 & (p14 & (p15 & (p16 & (p17 & (p18 & p19))))))))))))
IMPLS: True IMPLD: False V: p7
IMPLS: True IMPLD: False V: (p8 & (p9 & (p10 & (p11 & (p12 & (p13 & (p14 & (p15 & (p16 & (p17 & (p18 & p19)))))))))))
IMPLS: True IMPLD: False V: p8
IMPLS: True IMPLD: False V: (p9 & (p10 & (p11 & (p12 & (p13 & (p14 & (p15 & (p16 & (p17 & (p18 & p19))))))))))
IMPLS: True IMPLD: False V: p9
IMPLS: True IMPLD: False V: (p10 & (p11 & (p12 & (p13 & (p14 & (p15 & (p16 & (p17 & (p18 & p19)))))))))
IMPLS: True IMPLD: False V: p10
IMPLS: True IMPLD: False V: (p11 & (p12 & (p13 & (p14 & (p15 & (p16 & (p17 & (p18 & p19))))))))
IMPLS: True IMPLD: False V: p11
IMPLS: True IMPLD: False V: (p12 & (p13 & (p14 & (p15 & (p16 & (p17 & (p18 & p19)))))))
IMPLS: True IMPLD: False V: p12
IMPLS: True IMPLD: False V: (p13 & (p14 & (p15 & (p16 & (p17 & (p18 & p19))))))
IMPLS: True IMPLD: False V: p13
IMPLS: True IMPLD: False V: (p14 & (p15 & (p16 & (p17 & (p18 & p19)))))
IMPLS: True IMPLD: False V: p14
IMPLS: True IMPLD: False V: (p15 & (p16 & (p17 & (p18 & p19))))
IMPLS: True IMPLD: False V: p15
IMPLS: True IMPLD: False V: (p16 & (p17 & (p18 & p19)))
IMPLS: True IMPLD: False V: p16
IMPLS: True IMPLD: False V: (p17 & (p18 & p19))
IMPLS: True IMPLD: False V: p17
IMPLS: True IMPLD: False V: (p18 & p19)
IMPLS: True IMPLD: False V: p18
IMPLS: True IMPLD: False V: p19
IMPLS: True IMPLD: True V: p11
IMPLS: True IMPLD: True V: p12
IMPLS: True IMPLD: False V: (p1 & (p2 & (p3 & (p4 & (p5 & (p6 & (p7 & (p8 & (p9 & (p10 & (p11 & (p12 & (p13 & (p14 & (p15 & (p16 & (p17 & (p18 & p19))))))))))))))))))
IMPLS: True IMPLD: False V: p1
IMPLS: True IMPLD: False V: (p2 & (p3 & (p4 & (p5 & (p6 & (p7 & (p8 & (p9 & (p10 & (p11 & (p12 & (p13 & (p14 & (p15 & (p16 & (p17 & (p18 & p19)))))))))))))))))
IMPLS: True IMPLD: False V: p2
IMPLS: True IMPLD: False V: (p3 & (p4 & (p5 & (p6 & (p7 & (p8 & (p9 & (p10 & (p11 & (p12 & (p13 & (p14 & (p15 & (p16 & (p17 & (p18 & p19))))))))))))))))
IMPLS: True IMPLD: False V: p3
IMPLS: True IMPLD: False V: (p4 & (p5 & (p6 & (p7 & (p8 & (p9 & (p10 & (p11 & (p12 & (p13 & (p14 & (p15 & (p16 & (p17 & (p18 & p19)))))))))))))))
IMPLS: True IMPLD: False V: p4
IMPLS: True IMPLD: False V: (p5 & (p6 & (p7 & (p8 & (p9 & (p10 & (p11 & (p12 & (p13 & (p14 & (p15 & (p16 & (p17 & (p18 & p19))))))))))))))
IMPLS: True IMPLD: False V: p5
IMPLS: True IMPLD: False V: (p6 & (p7 & (p8 & (p9 & (p10 & (p11 & (p12 & (p13 & (p14 & (p15 & (p16 & (p17 & (p18 & p19)))))))))))))
IMPLS: True IMPLD: False V: p6
IMPLS: True IMPLD: False V: (p7 & (p8 & (p9 & (p10 & (p11 & (p12 & (p13 & (p14 & (p15 & (p16 & (p17 & (p18 & p19))))))))))))
IMPLS: True IMPLD: False V: p7
IMPLS: True IMPLD: False V: (p8 & (p9 & (p10 & (p11 & (p12 & (p13 & (p14 & (p15 & (p16 & (p17 & (p18 & p19)))))))))))
IMPLS: True IMPLD: False V: p8
IMPLS: True IMPLD: False V: (p9 & (p10 & (p11 & (p12 & (p13 & (p14 & (p15 & (p16 & (p17 & (p18 & p19))))))))))
IMPLS: True IMPLD: False V: p9
IMPLS: True IMPLD: False V: (p10 & (p11 & (p12 & (p13 & (p14 & (p15 & (p16 & (p17 & (p18 & p19)))))))))
IMPLS: True IMPLD: False V: p10
IMPLS: True IMPLD: False V: (p11 & (p12 & (p13 & (p14 & (p15 & (p16 & (p17 & (p18 & p19))))))))
IMPLS: True IMPLD: False V: p11
IMPLS: True IMPLD: False V: (p12 & (p13 & (p14 & (p15 & (p16 & (p17 & (p18 & p19)))))))
IMPLS: True IMPLD: False V: p12
IMPLS: True IMPLD: False V: (p13 & (p14 & (p15 & (p16 & (p17 & (p18 & p19))))))
IMPLS: True IMPLD: False V: p13
IMPLS: True IMPLD: False V: (p14 & (p15 & (p16 & (p17 & (p18 & p19)))))
IMPLS: True IMPLD: False V: p14
IMPLS: True IMPLD: False V: (p15 & (p16 & (p17 & (p18 & p19))))
IMPLS: True IMPLD: False V: p15
IMPLS: True IMPLD: False V: (p16 & (p17 & (p18 & p19)))
IMPLS: True IMPLD: False V: p16
IMPLS: True IMPLD: False V: (p17 & (p18 & p19))
IMPLS: True IMPLD: False V: p17
IMPLS: True IMPLD: False V: (p18 & p19)
IMPLS: True IMPLD: False V: p18
IMPLS: True IMPLD: False V: p19
IMPLS: True IMPLD: True V: p12
IMPLS: True IMPLD: True V: p13
IMPLS: True IMPLD: False V: (p1 & (p2 & (p3 & (p4 & (p5 & (p6 & (p7 & (p8 & (p9 & (p10 & (p11 & (p12 & (p13 & (p14 & (p15 & (p16 & (p17 & (p18 & p19))))))))))))))))))
IMPLS: True IMPLD: False V: p1
IMPLS: True IMPLD: False V: (p2 & (p3 & (p4 & (p5 & (p6 & (p7 & (p8 & (p9 & (p10 & (p11 & (p12 & (p13 & (p14 & (p15 & (p16 & (p17 & (p18 & p19)))))))))))))))))
IMPLS: True IMPLD: False V: p2
IMPLS: True IMPLD: False V: (p3 & (p4 & (p5 & (p6 & (p7 & (p8 & (p9 & (p10 & (p11 & (p12 & (p13 & (p14 & (p15 & (p16 & (p17 & (p18 & p19))))))))))))))))
IMPLS: True IMPLD: False V: p3
IMPLS: True IMPLD: False V: (p4 & (p5 & (p6 & (p7 & (p8 & (p9 & (p10 & (p11 & (p12 & (p13 & (p14 & (p15 & (p16 & (p17 & (p18 & p19)))))))))))))))
IMPLS: True IMPLD: False V: p4
IMPLS: True IMPLD: False V: (p5 & (p6 & (p7 & (p8 & (p9 & (p10 & (p11 & (p12 & (p13 & (p14 & (p15 & (p16 & (p17 & (p18 & p19))))))))))))))
IMPLS: True IMPLD: False V: p5
IMPLS: True IMPLD: False V: (p6 & (p7 & (p8 & (p9 & (p10 & (p11 & (p12 & (p13 & (p14 & (p15 & (p16 & (p17 & (p18 & p19)))))))))))))
IMPLS: True IMPLD: False V: p6
IMPLS: True IMPLD: False V: (p7 & (p8 & (p9 & (p10 & (p11 & (p12 & (p13 & (p14 & (p15 & (p16 & (p17 & (p18 & p19))))))))))))
IMPLS: True IMPLD: False V: p7
IMPLS: True IMPLD: False V: (p8 & (p9 & (p10 & (p11 & (p12 & (p13 & (p14 & (p15 & (p16 & (p17 & (p18 & p19)))))))))))
IMPLS: True IMPLD: False V: p8
IMPLS: True IMPLD: False V: (p9 & (p10 & (p11 & (p12 & (p13 & (p14 & (p15 & (p16 & (p17 & (p18 & p19))))))))))
IMPLS: True IMPLD: False V: p9
IMPLS: True IMPLD: False V: (p10 & (p11 & (p12 & (p13 & (p14 & (p15 & (p16 & (p17 & (p18 & p19)))))))))
IMPLS: True IMPLD: False V: p10
IMPLS: True IMPLD: False V: (p11 & (p12 & (p13 & (p14 & (p15 & (p16 & (p17 & (p18 & p19))))))))
IMPLS: True IMPLD: False V: p11
IMPLS: True IMPLD: False V: (p12 & (p13 & (p14 & (p15 & (p16 & (p17 & (p18 & p19)))))))
IMPLS: True IMPLD: False V: p12
IMPLS: True IMPLD: False V: (p13 & (p14 & (p15 & (p16 & (p17 & (p18 & p19))))))
IMPLS: True IMPLD: False V: p13
IMPLS: True IMPLD: False V: (p14 & (p15 & (p16 & (p17 & (p18 & p19)))))
IMPLS: True IMPLD: False V: p14
IMPLS: True IMPLD: False V: (p15 & (p16 & (p17 & (p18 & p19))))
IMPLS: True IMPLD: False V: p15
IMPLS: True IMPLD: False V: (p16 & (p17 & (p18 & p19)))
IMPLS: True IMPLD: False V: p16
IMPLS: True IMPLD: False V: (p17 & (p18 & p19))
IMPLS: True IMPLD: False V: p17
IMPLS: True IMPLD: False V: (p18 & p19)
IMPLS: True IMPLD: False V: p18
IMPLS: True IMPLD: False V: p19
IMPLS: True IMPLD: True V: p13
IMPLS: True IMPLD: True V: p14
IMPLS: True IMPLD: False V: (p1 & (p2 & (p3 & (p4 & (p5 & (p6 & (p7 & (p8 & (p9 & (p10 & (p11 & (p12 & (p13 & (p14 & (p15 & (p16 & (p17 & (p18 & p19))))))))))))))))))
IMPLS: True IMPLD: False V: p1
IMPLS: True IMPLD: False V: (p2 & (p3 & (p4 & (p5 & (p6 & (p7 & (p8 & (p9 & (p10 & (p11 & (p12 & (p13 & (p14 & (p15 & (p16 & (p17 & (p18 & p19)))))))))))))))))
IMPLS: True IMPLD: False V: p2
IMPLS: True IMPLD: False V: (p3 & (p4 & (p5 & (p6 & (p7 & (p8 & (p9 & (p10 & (p11 & (p12 & (p13 & (p14 & (p15 & (p16 & (p17 & (p18 & p19))))))))))))))))
IMPLS: True IMPLD: False V: p3
IMPLS: True IMPLD: False V: (p4 & (p5 & (p6 & (p7 & (p8 & (p9 & (p10 & (p11 & (p12 & (p13 & (p14 & (p15 & (p16 & (p17 & (p18 & p19)))))))))))))))
IMPLS: True IMPLD: False V: p4
IMPLS: True IMPLD: False V: (p5 & (p6 & (p7 & (p8 & (p9 & (p10 & (p11 & (p12 & (p13 & (p14 & (p15 & (p16 & (p17 & (p18 & p19))))))))))))))
IMPLS: True IMPLD: False V: p5
IMPLS: True IMPLD: False V: (p6 & (p7 & (p8 & (p9 & (p10 & (p11 & (p12 & (p13 & (p14 & (p15 & (p16 & (p17 & (p18 & p19)))))))))))))
IMPLS: True IMPLD: False V: p6
IMPLS: True IMPLD: False V: (p7 & (p8 & (p9 & (p10 & (p11 & (p12 & (p13 & (p14 & (p15 & (p16 & (p17 & (p18 & p19))))))))))))
IMPLS: True IMPLD: False V: p7
IMPLS: True IMPLD: False V: (p8 & (p9 & (p10 & (p11 & (p12 & (p13 & (p14 & (p15 & (p16 & (p17 & (p18 & p19)))))))))))
IMPLS: True IMPLD: False V: p8
IMPLS: True IMPLD: False V: (p9 & (p10 & (p11 & (p12 & (p13 & (p14 & (p15 & (p16 & (p17 & (p18 & p19))))))))))
IMPLS: True IMPLD: False V: p9
IMPLS: True IMPLD: False V: (p10 & (p11 & (p12 & (p13 & (p14 & (p15 & (p16 & (p17 & (p18 & p19)))))))))
IMPLS: True IMPLD: False V: p10
IMPLS: True IMPLD: False V: (p11 & (p12 & (p13 & (p14 & (p15 & (p16 & (p17 & (p18 & p19))))))))
IMPLS: True IMPLD: False V: p11
IMPLS: True IMPLD: False V: (p12 & (p13 & (p14 & (p15 & (p16 & (p17 & (p18 & p19)))))))
IMPLS: True IMPLD: False V: p12
IMPLS: True IMPLD: False V: (p13 & (p14 & (p15 & (p16 & (p17 & (p18 & p19))))))
IMPLS: True IMPLD: False V: p13
IMPLS: True IMPLD: False V: (p14 & (p15 & (p16 & (p17 & (p18 & p19)))))
IMPLS: True IMPLD: False V: p14
IMPLS: True IMPLD: False V: (p15 & (p16 & (p17 & (p18 & p19))))
IMPLS: True IMPLD: False V: p15
IMPLS: True IMPLD: False V: (p16 & (p17 & (p18 & p19)))
IMPLS: True IMPLD: False V: p16
IMPLS: True IMPLD: False V: (p17 & (p18 & p19))
IMPLS: True IMPLD: False V: p17
IMPLS: True IMPLD: False V: (p18 & p19)
IMPLS: True IMPLD: False V: p18
IMPLS: True IMPLD: False V: p19
IMPLS: True IMPLD: True V: p14
IMPLS: True IMPLD: True V: p15
IMPLS: True IMPLD: False V: (p1 & (p2 & (p3 & (p4 & (p5 & (p6 & (p7 & (p8 & (p9 & (p10 & (p11 & (p12 & (p13 & (p14 & (p15 & (p16 & (p17 & (p18 & p19))))))))))))))))))
IMPLS: True IMPLD: False V: p1
IMPLS: True IMPLD: False V: (p2 & (p3 & (p4 & (p5 & (p6 & (p7 & (p8 & (p9 & (p10 & (p11 & (p12 & (p13 & (p14 & (p15 & (p16 & (p17 & (p18 & p19)))))))))))))))))
IMPLS: True IMPLD: False V: p2
IMPLS: True IMPLD: False V: (p3 & (p4 & (p5 & (p6 & (p7 & (p8 & (p9 & (p10 & (p11 & (p12 & (p13 & (p14 & (p15 & (p16 & (p17 & (p18 & p19))))))))))))))))
IMPLS: True IMPLD: False V: p3
IMPLS: True IMPLD: False V: (p4 & (p5 & (p6 & (p7 & (p8 & (p9 & (p10 & (p11 & (p12 & (p13 & (p14 & (p15 & (p16 & (p17 & (p18 & p19)))))))))))))))
IMPLS: True IMPLD: False V: p4
IMPLS: True IMPLD: False V: (p5 & (p6 & (p7 & (p8 & (p9 & (p10 & (p11 & (p12 & (p13 & (p14 & (p15 & (p16 & (p17 & (p18 & p19))))))))))))))
IMPLS: True IMPLD: False V: p5
IMPLS: True IMPLD: False V: (p6 & (p7 & (p8 & (p9 & (p10 & (p11 & (p12 & (p13 & (p14 & (p15 & (p16 & (p17 & (p18 & p19)))))))))))))
IMPLS: True IMPLD: False V: p6
IMPLS: True IMPLD: False V: (p7 & (p8 & (p9 & (p10 & (p11 & (p12 & (p13 & (p14 & (p15 & (p16 & (p17 & (p18 & p19))))))))))))
IMPLS: True IMPLD: False V: p7
IMPLS: True IMPLD: False V: (p8 & (p9 & (p10 & (p11 & (p12 & (p13 & (p14 & (p15 & (p16 & (p17 & (p18 & p19)))))))))))
IMPLS: True IMPLD: False V: p8
IMPLS: True IMPLD: False V: (p9 & (p10 & (p11 & (p12 & (p13 & (p14 & (p15 & (p16 & (p17 & (p18 & p19))))))))))
IMPLS: True IMPLD: False V: p9
IMPLS: True IMPLD: False V: (p10 & (p11 & (p12 & (p13 & (p14 & (p15 & (p16 & (p17 & (p18 & p19)))))))))
IMPLS: True IMPLD: False V: p10
IMPLS: True IMPLD: False V: (p11 & (p12 & (p13 & (p14 & (p15 & (p16 & (p17 & (p18 & p19))))))))
IMPLS: True IMPLD: False V: p11
IMPLS: True IMPLD: False V: (p12 & (p13 & (p14 & (p15 & (p16 & (p17 & (p18 & p19)))))))
IMPLS: True IMPLD: False V: p12
IMPLS: True IMPLD: False V: (p13 & (p14 & (p15 & (p16 & (p17 & (p18 & p19))))))
IMPLS: True IMPLD: False V: p13
IMPLS: True IMPLD: False V: (p14 & (p15 & (p16 & (p17 & (p18 & p19)))))
IMPLS: True IMPLD: False V: p14
IMPLS: True IMPLD: False V: (p15 & (p16 & (p17 & (p18 & p19))))
IMPLS: True IMPLD: False V: p15
IMPLS: True IMPLD: False V: (p16 & (p17 & (p18 & p19)))
IMPLS: True IMPLD: False V: p16
IMPLS: True IMPLD: False V: (p17 & (p18 & p19))
IMPLS: True IMPLD: False V: p17
IMPLS: True IMPLD: False V: (p18 & p19)
IMPLS: True IMPLD: False V: p18
IMPLS: True IMPLD: False V: p19
IMPLS: True IMPLD: True V: p15
IMPLS: True IMPLD: True V: p16
IMPLS: True IMPLD: False V: (p1 & (p2 & (p3 & (p4 & (p5 & (p6 & (p7 & (p8 & (p9 & (p10 & (p11 & (p12 & (p13 & (p14 & (p15 & (p16 & (p17 & (p18 & p19))))))))))))))))))
IMPLS: True IMPLD: False V: p1
IMPLS: True IMPLD: False V: (p2 & (p3 & (p4 & (p5 & (p6 & (p7 & (p8 & (p9 & (p10 & (p11 & (p12 & (p13 & (p14 & (p15 & (p16 & (p17 & (p18 & p19)))))))))))))))))
IMPLS: True IMPLD: False V: p2
IMPLS: True IMPLD: False V: (p3 & (p4 & (p5 & (p6 & (p7 & (p8 & (p9 & (p10 & (p11 & (p12 & (p13 & (p14 & (p15 & (p16 & (p17 & (p18 & p19))))))))))))))))
IMPLS: True IMPLD: False V: p3
IMPLS: True IMPLD: False V: (p4 & (p5 & (p6 & (p7 & (p8 & (p9 & (p10 & (p11 & (p12 & (p13 & (p14 & (p15 & (p16 & (p17 & (p18 & p19)))))))))))))))
IMPLS: True IMPLD: False V: p4
IMPLS: True IMPLD: False V: (p5 & (p6 & (p7 & (p8 & (p9 & (p10 & (p11 & (p12 & (p13 & (p14 & (p15 & (p16 & (p17 & (p18 & p19))))))))))))))
IMPLS: True IMPLD: False V: p5
IMPLS: True IMPLD: False V: (p6 & (p7 & (p8 & (p9 & (p10 & (p11 & (p12 & (p13 & (p14 & (p15 & (p16 & (p17 & (p18 & p19)))))))))))))
IMPLS: True IMPLD: False V: p6
IMPLS: True IMPLD: False V: (p7 & (p8 & (p9 & (p10 & (p11 & (p12 & (p13 & (p14 & (p15 & (p16 & (p17 & (p18 & p19))))))))))))
IMPLS: True IMPLD: False V: p7
IMPLS: True IMPLD: False V: (p8 & (p9 & (p10 & (p11 & (p12 & (p13 & (p14 & (p15 & (p16 & (p17 & (p18 & p19)))))))))))
IMPLS: True IMPLD: False V: p8
IMPLS: True IMPLD: False V: (p9 & (p10 & (p11 & (p12 & (p13 & (p14 & (p15 & (p16 & (p17 & (p18 & p19))))))))))
IMPLS: True IMPLD: False V: p9
IMPLS: True IMPLD: False V: (p10 & (p11 & (p12 & (p13 & (p14 & (p15 & (p16 & (p17 & (p18 & p19)))))))))
IMPLS: True IMPLD: False V: p10
IMPLS: True IMPLD: False V: (p11 & (p12 & (p13 & (p14 & (p15 & (p16 & (p17 & (p18 & p19))))))))
IMPLS: True IMPLD: False V: p11
IMPLS: True IMPLD: False V: (p12 & (p13 & (p14 & (p15 & (p16 & (p17 & (p18 & p19)))))))
IMPLS: True IMPLD: False V: p12
IMPLS: True IMPLD: False V: (p13 & (p14 & (p15 & (p16 & (p17 & (p18 & p19))))))
IMPLS: True IMPLD: False V: p13
IMPLS: True IMPLD: False V: (p14 & (p15 & (p16 & (p17 & (p18 & p19)))))
IMPLS: True IMPLD: False V: p14
IMPLS: True IMPLD: False V: (p15 & (p16 & (p17 & (p18 & p19))))
IMPLS: True IMPLD: False V: p15
IMPLS: True IMPLD: False V: (p16 & (p17 & (p18 & p19)))
IMPLS: True IMPLD: False V: p16
IMPLS: True IMPLD: False V: (p17 & (p18 & p19))
IMPLS: True IMPLD: False V: p17
IMPLS: True IMPLD: False V: (p18 & p19)
IMPLS: True IMPLD: False V: p18
IMPLS: True IMPLD: False V: p19
IMPLS: True IMPLD: True V: p16
IMPLS: True IMPLD: True V: p17
IMPLS: True IMPLD: False V: (p1 & (p2 & (p3 & (p4 & (p5 & (p6 & (p7 & (p8 & (p9 & (p10 & (p11 & (p12 & (p13 & (p14 & (p15 & (p16 & (p17 & (p18 & p19))))))))))))))))))
IMPLS: True IMPLD: False V: p1
IMPLS: True IMPLD: False V: (p2 & (p3 & (p4 & (p5 & (p6 & (p7 & (p8 & (p9 & (p10 & (p11 & (p12 & (p13 & (p14 & (p15 & (p16 & (p17 & (p18 & p19)))))))))))))))))
IMPLS: True IMPLD: False V: p2
IMPLS: True IMPLD: False V: (p3 & (p4 & (p5 & (p6 & (p7 & (p8 & (p9 & (p10 & (p11 & (p12 & (p13 & (p14 & (p15 & (p16 & (p17 & (p18 & p19))))))))))))))))
IMPLS: True IMPLD: False V: p3
IMPLS: True IMPLD: False V: (p4 & (p5 & (p6 & (p7 & (p8 & (p9 & (p10 & (p11 & (p12 & (p13 & (p14 & (p15 & (p16 & (p17 & (p18 & p19)))))))))))))))
IMPLS: True IMPLD: False V: p4
IMPLS: True IMPLD: False V: (p5 & (p6 & (p7 & (p8 & (p9 & (p10 & (p11 & (p12 & (p13 & (p14 & (p15 & (p16 & (p17 & (p18 & p19))))))))))))))
IMPLS: True IMPLD: False V: p5
IMPLS: True IMPLD: False V: (p6 & (p7 & (p8 & (p9 & (p10 & (p11 & (p12 & (p13 & (p14 & (p15 & (p16 & (p17 & (p18 & p19)))))))))))))
IMPLS: True IMPLD: False V: p6
IMPLS: True IMPLD: False V: (p7 & (p8 & (p9 & (p10 & (p11 & (p12 & (p13 & (p14 & (p15 & (p16 & (p17 & (p18 & p19))))))))))))
IMPLS: True IMPLD: False V: p7
IMPLS: True IMPLD: False V: (p8 & (p9 & (p10 & (p11 & (p12 & (p13 & (p14 & (p15 & (p16 & (p17 & (p18 & p19)))))))))))
IMPLS: True IMPLD: False V: p8
IMPLS: True IMPLD: False V: (p9 & (p10 & (p11 & (p12 & (p13 & (p14 & (p15 & (p16 & (p17 & (p18 & p19))))))))))
IMPLS: True IMPLD: False V: p9
IMPLS: True IMPLD: False V: (p10 & (p11 & (p12 & (p13 & (p14 & (p15 & (p16 & (p17 & (p18 & p19)))))))))
IMPLS: True IMPLD: False V: p10
IMPLS: True IMPLD: False V: (p11 & (p12 & (p13 & (p14 & (p15 & (p16 & (p17 & (p18 & p19))))))))
IMPLS: True IMPLD: False V: p11
IMPLS: True IMPLD: False V: (p12 & (p13 & (p14 & (p15 & (p16 & (p17 & (p18 & p19)))))))
IMPLS: True IMPLD: False V: p12
IMPLS: True IMPLD: False V: (p13 & (p14 & (p15 & (p16 & (p17 & (p18 & p19))))))
IMPLS: True IMPLD: False V: p13
IMPLS: True IMPLD: False V: (p14 & (p15 & (p16 & (p17 & (p18 & p19)))))
IMPLS: True IMPLD: False V: p14
IMPLS: True IMPLD: False V: (p15 & (p16 & (p17 & (p18 & p19))))
IMPLS: True IMPLD: False V: p15
IMPLS: True IMPLD: False V: (p16 & (p17 & (p18 & p19)))
IMPLS: True IMPLD: False V: p16
IMPLS: True IMPLD: False V: (p17 & (p18 & p19))
IMPLS: True IMPLD: False V: p17
IMPLS: True IMPLD: False V: (p18 & p19)
IMPLS: True IMPLD: False V: p18
IMPLS: True IMPLD: False V: p19
IMPLS: True IMPLD: True V: p17
IMPLS: True IMPLD: True V: p18
IMPLS: True IMPLD: False V: (p1 & (p2 & (p3 & (p4 & (p5 & (p6 & (p7 & (p8 & (p9 & (p10 & (p11 & (p12 & (p13 & (p14 & (p15 & (p16 & (p17 & (p18 & p19))))))))))))))))))
IMPLS: True IMPLD: False V: p1
IMPLS: True IMPLD: False V: (p2 & (p3 & (p4 & (p5 & (p6 & (p7 & (p8 & (p9 & (p10 & (p11 & (p12 & (p13 & (p14 & (p15 & (p16 & (p17 & (p18 & p19)))))))))))))))))
IMPLS: True IMPLD: False V: p2
IMPLS: True IMPLD: False V: (p3 & (p4 & (p5 & (p6 & (p7 & (p8 & (p9 & (p10 & (p11 & (p12 & (p13 & (p14 & (p15 & (p16 & (p17 & (p18 & p19))))))))))))))))
IMPLS: True IMPLD: False V: p3
IMPLS: True IMPLD: False V: (p4 & (p5 & (p6 & (p7 & (p8 & (p9 & (p10 & (p11 & (p12 & (p13 & (p14 & (p15 & (p16 & (p17 & (p18 & p19)))))))))))))))
IMPLS: True IMPLD: False V: p4
IMPLS: True IMPLD: False V: (p5 & (p6 & (p7 & (p8 & (p9 & (p10 & (p11 & (p12 & (p13 & (p14 & (p15 & (p16 & (p17 & (p18 & p19))))))))))))))
IMPLS: True IMPLD: False V: p5
IMPLS: True IMPLD: False V: (p6 & (p7 & (p8 & (p9 & (p10 & (p11 & (p12 & (p13 & (p14 & (p15 & (p16 & (p17 & (p18 & p19)))))))))))))
IMPLS: True IMPLD: False V: p6
IMPLS: True IMPLD: False V: (p7 & (p8 & (p9 & (p10 & (p11 & (p12 & (p13 & (p14 & (p15 & (p16 & (p17 & (p18 & p19))))))))))))
IMPLS: True IMPLD: False V: p7
IMPLS: True IMPLD: False V: (p8 & (p9 & (p10 & (p11 & (p12 & (p13 & (p14 & (p15 & (p16 & (p17 & (p18 & p19)))))))))))
IMPLS: True IMPLD: False V: p8
IMPLS: True IMPLD: False V: (p9 & (p10 & (p11 & (p12 & (p13 & (p14 & (p15 & (p16 & (p17 & (p18 & p19))))))))))
IMPLS: True IMPLD: False V: p9
IMPLS: True IMPLD: False V: (p10 & (p11 & (p12 & (p13 & (p14 & (p15 & (p16 & (p17 & (p18 & p19)))))))))
IMPLS: True IMPLD: False V: p10
IMPLS: True IMPLD: False V: (p11 & (p12 & (p13 & (p14 & (p15 & (p16 & (p17 & (p18 & p19))))))))
IMPLS: True IMPLD: False V: p11
IMPLS: True IMPLD: False V: (p12 & (p13 & (p14 & (p15 & (p16 & (p17 & (p18 & p19)))))))
IMPLS: True IMPLD: False V: p12
IMPLS: True IMPLD: False V: (p13 & (p14 & (p15 & (p16 & (p17 & (p18 & p19))))))
IMPLS: True IMPLD: False V: p13
IMPLS: True IMPLD: False V: (p14 & (p15 & (p16 & (p17 & (p18 & p19)))))
IMPLS: True IMPLD: False V: p14
IMPLS: True IMPLD: False V: (p15 & (p16 & (p17 & (p18 & p19))))
IMPLS: True IMPLD: False V: p15
IMPLS: True IMPLD: False V: (p16 & (p17 & (p18 & p19)))
IMPLS: True IMPLD: False V: p16
IMPLS: True IMPLD: False V: (p17 & (p18 & p19))
IMPLS: True IMPLD: False V: p17
IMPLS: True IMPLD: False V: (p18 & p19)
IMPLS: True IMPLD: False V: p18
IMPLS: True IMPLD: False V: p19
IMPLS: True IMPLD: True V: p18
IMPLS: True IMPLD: True V: p19
IMPLS: True IMPLD: False V: (p1 & (p2 & (p3 & (p4 & (p5 & (p6 & (p7 & (p8 & (p9 & (p10 & (p11 & (p12 & (p13 & (p14 & (p15 & (p16 & (p17 & (p18 & p19))))))))))))))))))
IMPLS: True IMPLD: False V: p1
IMPLS: True IMPLD: False V: (p2 & (p3 & (p4 & (p5 & (p6 & (p7 & (p8 & (p9 & (p10 & (p11 & (p12 & (p13 & (p14 & (p15 & (p16 & (p17 & (p18 & p19)))))))))))))))))
IMPLS: True IMPLD: False V: p2
IMPLS: True IMPLD: False V: (p3 & (p4 & (p5 & (p6 & (p7 & (p8 & (p9 & (p10 & (p11 & (p12 & (p13 & (p14 & (p15 & (p16 & (p17 & (p18 & p19))))))))))))))))
IMPLS: True IMPLD: False V: p3
IMPLS: True IMPLD: False V: (p4 & (p5 & (p6 & (p7 & (p8 & (p9 & (p10 & (p11 & (p12 & (p13 & (p14 & (p15 & (p16 & (p17 & (p18 & p19)))))))))))))))
IMPLS: True IMPLD: False V: p4
IMPLS: True IMPLD: False V: (p5 & (p6 & (p7 & (p8 & (p9 & (p10 & (p11 & (p12 & (p13 & (p14 & (p15 & (p16 & (p17 & (p18 & p19))))))))))))))
IMPLS: True IMPLD: False V: p5
IMPLS: True IMPLD: False V: (p6 & (p7 & (p8 & (p9 & (p10 & (p11 & (p12 & (p13 & (p14 & (p15 & (p16 & (p17 & (p18 & p19)))))))))))))
IMPLS: True IMPLD: False V: p6
IMPLS: True IMPLD: False V: (p7 & (p8 & (p9 & (p10 & (p11 & (p12 & (p13 & (p14 & (p15 & (p16 & (p17 & (p18 & p19))))))))))))
IMPLS: True IMPLD: False V: p7
IMPLS: True IMPLD: False V: (p8 & (p9 & (p10 & (p11 & (p12 & (p13 & (p14 & (p15 & (p16 & (p17 & (p18 & p19)))))))))))
IMPLS: True IMPLD: False V: p8
IMPLS: True IMPLD: False V: (p9 & (p10 & (p11 & (p12 & (p13 & (p14 & (p15 & (p16 & (p17 & (p18 & p19))))))))))
IMPLS: True IMPLD: False V: p9
IMPLS: True IMPLD: False V: (p10 & (p11 & (p12 & (p13 & (p14 & (p15 & (p16 & (p17 & (p18 & p19)))))))))
IMPLS: True IMPLD: False V: p10
IMPLS: True IMPLD: False V: (p11 & (p12 & (p13 & (p14 & (p15 & (p16 & (p17 & (p18 & p19))))))))
IMPLS: True IMPLD: False V: p11
IMPLS: True IMPLD: False V: (p12 & (p13 & (p14 & (p15 & (p16 & (p17 & (p18 & p19)))))))
IMPLS: True IMPLD: False V: p12
IMPLS: True IMPLD: False V: (p13 & (p14 & (p15 & (p16 & (p17 & (p18 & p19))))))
IMPLS: True IMPLD: False V: p13
IMPLS: True IMPLD: False V: (p14 & (p15 & (p16 & (p17 & (p18 & p19)))))
IMPLS: True IMPLD: False V: p14
IMPLS: True IMPLD: False V: (p15 & (p16 & (p17 & (p18 & p19))))
IMPLS: True IMPLD: False V: p15
IMPLS: True IMPLD: False V: (p16 & (p17 & (p18 & p19)))
IMPLS: True IMPLD: False V: p16
IMPLS: True IMPLD: False V: (p17 & (p18 & p19))
IMPLS: True IMPLD: False V: p17
IMPLS: True IMPLD: False V: (p18 & p19)
IMPLS: True IMPLD: False V: p18
IMPLS: True IMPLD: False V: p19
IMPLS: True IMPLD: True V: p19
IMPLS: True IMPLD: True V: p1
IMPLS: True IMPLD: False V: (p1 & (p2 & (p3 & (p4 & (p5 & (p6 & (p7 & (p8 & (p9 & (p10 & (p11 & (p12 & (p13 & (p14 & (p15 & (p16 & (p17 & (p18 & p19))))))))))))))))))
IMPLS: True IMPLD: False V: p1
IMPLS: True IMPLD: False V: (p2 & (p3 & (p4 & (p5 & (p6 & (p7 & (p8 & (p9 & (p10 & (p11 & (p12 & (p13 & (p14 & (p15 & (p16 & (p17 & (p18 & p19)))))))))))))))))
IMPLS: True IMPLD: False V: p2
IMPLS: True IMPLD: False V: (p3 & (p4 & (p5 & (p6 & (p7 & (p8 & (p9 & (p10 & (p11 & (p12 & (p13 & (p14 & (p15 & (p16 & (p17 & (p18 & p19))))))))))))))))
IMPLS: True IMPLD: False V: p3
IMPLS: True IMPLD: False V: (p4 & (p5 & (p6 & (p7 & (p8 & (p9 & (p10 & (p11 & (p12 & (p13 & (p14 & (p15 & (p16 & (p17 & (p18 & p19)))))))))))))))
IMPLS: True IMPLD: False V: p4
IMPLS: True IMPLD: False V: (p5 & (p6 & (p7 & (p8 & (p9 & (p10 & (p11 & (p12 & (p13 & (p14 & (p15 & (p16 & (p17 & (p18 & p19))))))))))))))
IMPLS: True IMPLD: False V: p5
IMPLS: True IMPLD: False V: (p6 & (p7 & (p8 & (p9 & (p10 & (p11 & (p12 & (p13 & (p14 & (p15 & (p16 & (p17 & (p18 & p19)))))))))))))
IMPLS: True IMPLD: False V: p6
IMPLS: True IMPLD: False V: (p7 & (p8 & (p9 & (p10 & (p11 & (p12 & (p13 & (p14 & (p15 & (p16 & (p17 & (p18 & p19))))))))))))
IMPLS: True IMPLD: False V: p7
IMPLS: True IMPLD: False V: (p8 & (p9 & (p10 & (p11 & (p12 & (p13 & (p14 & (p15 & (p16 & (p17 & (p18 & p19)))))))))))
IMPLS: True IMPLD: False V: p8
IMPLS: True IMPLD: False V: (p9 & (p10 & (p11 & (p12 & (p13 & (p14 & (p15 & (p16 & (p17 & (p18 & p19))))))))))
IMPLS: True IMPLD: False V: p9
IMPLS: True IMPLD: False V: (p10 & (p11 & (p12 & (p13 & (p14 & (p15 & (p16 & (p17 & (p18 & p19)))))))))
IMPLS: True IMPLD: False V: p10
IMPLS: True IMPLD: False V: (p11 & (p12 & (p13 & (p14 & (p15 & (p16 & (p17 & (p18 & p19))))))))
IMPLS: True IMPLD: False V: p11
IMPLS: True IMPLD: False V: (p12 & (p13 & (p14 & (p15 & (p16 & (p17 & (p18 & p19)))))))
IMPLS: True IMPLD: False V: p12
IMPLS: True IMPLD: False V: (p13 & (p14 & (p15 & (p16 & (p17 & (p18 & p19))))))
IMPLS: True IMPLD: False V: p13
IMPLS: True IMPLD: False V: (p14 & (p15 & (p16 & (p17 & (p18 & p19)))))
IMPLS: True IMPLD: False V: p14
IMPLS: True IMPLD: False V: (p15 & (p16 & (p17 & (p18 & p19))))
IMPLS: True IMPLD: False V: p15
IMPLS: True IMPLD: False V: (p16 & (p17 & (p18 & p19)))
IMPLS: True IMPLD: False V: p16
IMPLS: True IMPLD: False V: (p17 & (p18 & p19))
IMPLS: True IMPLD: False V: p17
IMPLS: True IMPLD: False V: (p18 & p19)
IMPLS: True IMPLD: False V: p18
IMPLS: True IMPLD: False V: p19
IMPLS: False IMPLD: True V: p1
IMPLS: False IMPLD: True V: p2
IMPLS: False IMPLD: True V: p3
IMPLS: False IMPLD: True V: p4
IMPLS: False IMPLD: True V: p5
IMPLS: False IMPLD: True V: p6
IMPLS: False IMPLD: True V: p7
IMPLS: False IMPLD: True V: p8
IMPLS: False IMPLD: True V: p9
IMPLS: False IMPLD: True V: p10
IMPLS: False IMPLD: True V: p11
IMPLS: False IMPLD: True V: p12
IMPLS: False IMPLD: True V: p13
IMPLS: False IMPLD: True V: p14
IMPLS: False IMPLD: True V: p15
IMPLS: False IMPLD: True V: p16
IMPLS: False IMPLD: True V: p17
IMPLS: False IMPLD: True V: p18
IMPLS: False IMPLD: True V: p19
IMPLS: True IMPLD: False V: $goal
+++ Reading file '"benchmarks/syj201/intuitr-formulas/syj201-n09.p"'...
+++ Clausification...
[((p1 <=> p2) => (p1 & (p2 & (p3 & (p4 & (p5 & (p6 & (p7 & (p8 & (p9 & (p10 & (p11 & (p12 & (p13 & (p14 & (p15 & (p16 & (p17 & (p18 & p19))))))))))))))))))),((p2 <=> p3) => (p1 & (p2 & (p3 & (p4 & (p5 & (p6 & (p7 & (p8 & (p9 & (p10 & (p11 & (p12 & (p13 & (p14 & (p15 & (p16 & (p17 & (p18 & p19))))))))))))))))))),((p3 <=> p4) => (p1 & (p2 & (p3 & (p4 & (p5 & (p6 & (p7 & (p8 & (p9 & (p10 & (p11 & (p12 & (p13 & (p14 & (p15 & (p16 & (p17 & (p18 & p19))))))))))))))))))),((p4 <=> p5) => (p1 & (p2 & (p3 & (p4 & (p5 & (p6 & (p7 & (p8 & (p9 & (p10 & (p11 & (p12 & (p13 & (p14 & (p15 & (p16 & (p17 & (p18 & p19))))))))))))))))))),((p5 <=> p6) => (p1 & (p2 & (p3 & (p4 & (p5 & (p6 & (p7 & (p8 & (p9 & (p10 & (p11 & (p12 & (p13 & (p14 & (p15 & (p16 & (p17 & (p18 & p19))))))))))))))))))),((p6 <=> p7) => (p1 & (p2 & (p3 & (p4 & (p5 & (p6 & (p7 & (p8 & (p9 & (p10 & (p11 & (p12 & (p13 & (p14 & (p15 & (p16 & (p17 & (p18 & p19))))))))))))))))))),((p7 <=> p8) => (p1 & (p2 & (p3 & (p4 & (p5 & (p6 & (p7 & (p8 & (p9 & (p10 & (p11 & (p12 & (p13 & (p14 & (p15 & (p16 & (p17 & (p18 & p19))))))))))))))))))),((p8 <=> p9) => (p1 & (p2 & (p3 & (p4 & (p5 & (p6 & (p7 & (p8 & (p9 & (p10 & (p11 & (p12 & (p13 & (p14 & (p15 & (p16 & (p17 & (p18 & p19))))))))))))))))))),((p9 <=> p10) => (p1 & (p2 & (p3 & (p4 & (p5 & (p6 & (p7 & (p8 & (p9 & (p10 & (p11 & (p12 & (p13 & (p14 & (p15 & (p16 & (p17 & (p18 & p19))))))))))))))))))),((p10 <=> p11) => (p1 & (p2 & (p3 & (p4 & (p5 & (p6 & (p7 & (p8 & (p9 & (p10 & (p11 & (p12 & (p13 & (p14 & (p15 & (p16 & (p17 & (p18 & p19))))))))))))))))))),((p11 <=> p12) => (p1 & (p2 & (p3 & (p4 & (p5 & (p6 & (p7 & (p8 & (p9 & (p10 & (p11 & (p12 & (p13 & (p14 & (p15 & (p16 & (p17 & (p18 & p19))))))))))))))))))),((p12 <=> p13) => (p1 & (p2 & (p3 & (p4 & (p5 & (p6 & (p7 & (p8 & (p9 & (p10 & (p11 & (p12 & (p13 & (p14 & (p15 & (p16 & (p17 & (p18 & p19))))))))))))))))))),((p13 <=> p14) => (p1 & (p2 & (p3 & (p4 & (p5 & (p6 & (p7 & (p8 & (p9 & (p10 & (p11 & (p12 & (p13 & (p14 & (p15 & (p16 & (p17 & (p18 & p19))))))))))))))))))),((p14 <=> p15) => (p1 & (p2 & (p3 & (p4 & (p5 & (p6 & (p7 & (p8 & (p9 & (p10 & (p11 & (p12 & (p13 & (p14 & (p15 & (p16 & (p17 & (p18 & p19))))))))))))))))))),((p15 <=> p16) => (p1 & (p2 & (p3 & (p4 & (p5 & (p6 & (p7 & (p8 & (p9 & (p10 & (p11 & (p12 & (p13 & (p14 & (p15 & (p16 & (p17 & (p18 & p19))))))))))))))))))),((p16 <=> p17) => (p1 & (p2 & (p3 & (p4 & (p5 & (p6 & (p7 & (p8 & (p9 & (p10 & (p11 & (p12 & (p13 & (p14 & (p15 & (p16 & (p17 & (p18 & p19))))))))))))))))))),((p17 <=> p18) => (p1 & (p2 & (p3 & (p4 & (p5 & (p6 & (p7 & (p8 & (p9 & (p10 & (p11 & (p12 & (p13 & (p14 & (p15 & (p16 & (p17 & (p18 & p19))))))))))))))))))),((p18 <=> p19) => (p1 & (p2 & (p3 & (p4 & (p5 & (p6 & (p7 & (p8 & (p9 & (p10 & (p11 & (p12 & (p13 & (p14 & (p15 & (p16 & (p17 & (p18 & p19))))))))))))))))))),((p19 <=> p1) => (p1 & (p2 & (p3 & (p4 & (p5 & (p6 & (p7 & (p8 & (p9 & (p10 & (p11 & (p12 & (p13 & (p14 & (p15 & (p16 & (p17 & (p18 & p19))))))))))))))))))),((p1 & (p2 & (p3 & (p4 & (p5 & (p6 & (p7 & (p8 & (p9 & (p10 & (p11 & (p12 & (p13 & (p14 & (p15 & (p16 & (p17 & (p18 & p19)))))))))))))))))) => $goal)]
([["$p1","$p2"] =>  ["$p0"],["$p3"] =>  ["p18"],["$p3"] =>  ["p19"],["$p4"] =>  ["p17"],["$p4"] =>  ["$p3"],["$p5"] =>  ["p16"],["$p5"] =>  ["$p4"],["$p6"] =>  ["p15"],["$p6"] =>  ["$p5"],["$p7"] =>  ["p14"],["$p7"] =>  ["$p6"],["$p8"] =>  ["p13"],["$p8"] =>  ["$p7"],["$p9"] =>  ["p12"],["$p9"] =>  ["$p8"],["$p10"] =>  ["p11"],["$p10"] =>  ["$p9"],["$p11"] =>  ["p10"],["$p11"] =>  ["$p10"],["$p12"] =>  ["p9"],["$p12"] =>  ["$p11"],["$p13"] =>  ["p8"],["$p13"] =>  ["$p12"],["$p14"] =>  ["p7"],["$p14"] =>  ["$p13"],["$p15"] =>  ["p6"],["$p15"] =>  ["$p14"],["$p16"] =>  ["p5"],["$p16"] =>  ["$p15"],["$p17"] =>  ["p4"],["$p17"] =>  ["$p16"],["$p18"] =>  ["p3"],["$p18"] =>  ["$p17"],["$p19"] =>  ["p2"],["$p19"] =>  ["$p18"],["$p20"] =>  ["p1"],["$p20"] =>  ["$p19"],["$p0"] =>  ["$p20"],["$p22","$p23"] =>  ["$p21"],["$p21"] =>  ["$p20"],["$p25","$p26"] =>  ["$p24"],["$p24"] =>  ["$p20"],["$p28","$p29"] =>  ["$p27"],["$p27"] =>  ["$p20"],["$p31","$p32"] =>  ["$p30"],["$p30"] =>  ["$p20"],["$p34","$p35"] =>  ["$p33"],["$p33"] =>  ["$p20"],["$p37","$p38"] =>  ["$p36"],["$p36"] =>  ["$p20"],["$p40","$p41"] =>  ["$p39"],["$p39"] =>  ["$p20"],["$p43","$p44"] =>  ["$p42"],["$p42"] =>  ["$p20"],["$p46","$p47"] =>  ["$p45"],["$p45"] =>  ["$p20"],["$p49","$p50"] =>  ["$p48"],["$p48"] =>  ["$p20"],["$p52","$p53"] =>  ["$p51"],["$p51"] =>  ["$p20"],["$p55","$p56"] =>  ["$p54"],["$p54"] =>  ["$p20"],["$p58","$p59"] =>  ["$p57"],["$p57"] =>  ["$p20"],["$p61","$p62"] =>  ["$p60"],["$p60"] =>  ["$p20"],["$p64","$p65"] =>  ["$p63"],["$p63"] =>  ["$p20"],["$p67","$p68"] =>  ["$p66"],["$p66"] =>  ["$p20"],["$p70","$p71"] =>  ["$p69"],["$p69"] =>  ["$p20"],["$p73","$p74"] =>  ["$p72"],["$p72"] =>  ["$p20"],["p1","p2","p3","p4","p5","p6","p7","p8","p9","p10","p11","p12","p13","p14","p15","p16","p17","p18","p19"] =>  ["$goal"]],[(("p1") -> ("p2")) -> ("$p1"),(("p2") -> ("p1")) -> ("$p2"),(("p2") -> ("p3")) -> ("$p22"),(("p3") -> ("p2")) -> ("$p23"),(("p3") -> ("p4")) -> ("$p25"),(("p4") -> ("p3")) -> ("$p26"),(("p4") -> ("p5")) -> ("$p28"),(("p5") -> ("p4")) -> ("$p29"),(("p5") -> ("p6")) -> ("$p31"),(("p6") -> ("p5")) -> ("$p32"),(("p6") -> ("p7")) -> ("$p34"),(("p7") -> ("p6")) -> ("$p35"),(("p7") -> ("p8")) -> ("$p37"),(("p8") -> ("p7")) -> ("$p38"),(("p8") -> ("p9")) -> ("$p40"),(("p9") -> ("p8")) -> ("$p41"),(("p9") -> ("p10")) -> ("$p43"),(("p10") -> ("p9")) -> ("$p44"),(("p10") -> ("p11")) -> ("$p46"),(("p11") -> ("p10")) -> ("$p47"),(("p11") -> ("p12")) -> ("$p49"),(("p12") -> ("p11")) -> ("$p50"),(("p12") -> ("p13")) -> ("$p52"),(("p13") -> ("p12")) -> ("$p53"),(("p13") -> ("p14")) -> ("$p55"),(("p14") -> ("p13")) -> ("$p56"),(("p14") -> ("p15")) -> ("$p58"),(("p15") -> ("p14")) -> ("$p59"),(("p15") -> ("p16")) -> ("$p61"),(("p16") -> ("p15")) -> ("$p62"),(("p16") -> ("p17")) -> ("$p64"),(("p17") -> ("p16")) -> ("$p65"),(("p17") -> ("p18")) -> ("$p67"),(("p18") -> ("p17")) -> ("$p68"),(("p18") -> ("p19")) -> ("$p70"),(("p19") -> ("p18")) -> ("$p71"),(("p19") -> ("p1")) -> ("$p73"),(("p1") -> ("p19")) -> ("$p74")],"$goal")
+++ Created 113 flat clauses and 38 implication clauses
+++ Proving (intuitR, CADE 2021)
+++ RESULT: Valid (intuitionistically)
============================
Clausification time: 0.007 sec
Prover time: 0.001 sec
