IMPLS: True IMPLD: True V: p1
IMPLS: True IMPLD: True V: p2
IMPLS: True IMPLD: False V: (p1 & (p2 & p3))
IMPLS: True IMPLD: False V: p1
IMPLS: True IMPLD: False V: (p2 & p3)
IMPLS: True IMPLD: False V: p2
IMPLS: True IMPLD: False V: p3
IMPLS: True IMPLD: True V: p2
IMPLS: True IMPLD: True V: p3
IMPLS: True IMPLD: False V: (p1 & (p2 & p3))
IMPLS: True IMPLD: False V: p1
IMPLS: True IMPLD: False V: (p2 & p3)
IMPLS: True IMPLD: False V: p2
IMPLS: True IMPLD: False V: p3
IMPLS: True IMPLD: True V: p3
IMPLS: True IMPLD: True V: p1
IMPLS: True IMPLD: False V: (p1 & (p2 & p3))
IMPLS: True IMPLD: False V: p1
IMPLS: True IMPLD: False V: (p2 & p3)
IMPLS: True IMPLD: False V: p2
IMPLS: True IMPLD: False V: p3
IMPLS: False IMPLD: True V: p1
IMPLS: False IMPLD: True V: p2
IMPLS: False IMPLD: True V: p3
IMPLS: True IMPLD: False V: $goal
+++ Reading file '"benchmarks/syj201/intuitr-formulas/syj201-n01.p"'...
+++ Clausification...
[((p1 <=> p2) => (p1 & (p2 & p3))),((p2 <=> p3) => (p1 & (p2 & p3))),((p3 <=> p1) => (p1 & (p2 & p3))),((p1 & (p2 & p3)) => $goal)]
([["$p1","$p2"] =>  ["$p0"],["$p3"] =>  ["p2"],["$p3"] =>  ["p3"],["$p4"] =>  ["p1"],["$p4"] =>  ["$p3"],["$p0"] =>  ["$p4"],["$p6","$p7"] =>  ["$p5"],["$p5"] =>  ["$p4"],["$p9","$p10"] =>  ["$p8"],["$p8"] =>  ["$p4"],["p1","p2","p3"] =>  ["$goal"]],[(("p1") -> ("p2")) -> ("$p1"),(("p2") -> ("p1")) -> ("$p2"),(("p2") -> ("p3")) -> ("$p6"),(("p3") -> ("p2")) -> ("$p7"),(("p3") -> ("p1")) -> ("$p9"),(("p1") -> ("p3")) -> ("$p10")],"$goal")
+++ Created 17 flat clauses and 6 implication clauses
+++ Proving (intuitR, CADE 2021)
+++ RESULT: Valid (intuitionistically)
============================
Clausification time: 0.000 sec
Prover time: 0.000 sec
