IMPLS: True IMPLD: True V: p1
IMPLS: True IMPLD: True V: p2
IMPLS: True IMPLD: False V: (p1 & (p2 & (p3 & (p4 & (p5 & (p6 & (p7 & (p8 & (p9 & (p10 & (p11 & (p12 & (p13 & (p14 & (p15 & (p16 & (p17 & (p18 & (p19 & p20)))))))))))))))))))
IMPLS: True IMPLD: False V: p1
IMPLS: True IMPLD: False V: (p2 & (p3 & (p4 & (p5 & (p6 & (p7 & (p8 & (p9 & (p10 & (p11 & (p12 & (p13 & (p14 & (p15 & (p16 & (p17 & (p18 & (p19 & p20))))))))))))))))))
IMPLS: True IMPLD: False V: p2
IMPLS: True IMPLD: False V: (p3 & (p4 & (p5 & (p6 & (p7 & (p8 & (p9 & (p10 & (p11 & (p12 & (p13 & (p14 & (p15 & (p16 & (p17 & (p18 & (p19 & p20)))))))))))))))))
IMPLS: True IMPLD: False V: p3
IMPLS: True IMPLD: False V: (p4 & (p5 & (p6 & (p7 & (p8 & (p9 & (p10 & (p11 & (p12 & (p13 & (p14 & (p15 & (p16 & (p17 & (p18 & (p19 & p20))))))))))))))))
IMPLS: True IMPLD: False V: p4
IMPLS: True IMPLD: False V: (p5 & (p6 & (p7 & (p8 & (p9 & (p10 & (p11 & (p12 & (p13 & (p14 & (p15 & (p16 & (p17 & (p18 & (p19 & p20)))))))))))))))
IMPLS: True IMPLD: False V: p5
IMPLS: True IMPLD: False V: (p6 & (p7 & (p8 & (p9 & (p10 & (p11 & (p12 & (p13 & (p14 & (p15 & (p16 & (p17 & (p18 & (p19 & p20))))))))))))))
IMPLS: True IMPLD: False V: p6
IMPLS: True IMPLD: False V: (p7 & (p8 & (p9 & (p10 & (p11 & (p12 & (p13 & (p14 & (p15 & (p16 & (p17 & (p18 & (p19 & p20)))))))))))))
IMPLS: True IMPLD: False V: p7
IMPLS: True IMPLD: False V: (p8 & (p9 & (p10 & (p11 & (p12 & (p13 & (p14 & (p15 & (p16 & (p17 & (p18 & (p19 & p20))))))))))))
IMPLS: True IMPLD: False V: p8
IMPLS: True IMPLD: False V: (p9 & (p10 & (p11 & (p12 & (p13 & (p14 & (p15 & (p16 & (p17 & (p18 & (p19 & p20)))))))))))
IMPLS: True IMPLD: False V: p9
IMPLS: True IMPLD: False V: (p10 & (p11 & (p12 & (p13 & (p14 & (p15 & (p16 & (p17 & (p18 & (p19 & p20))))))))))
IMPLS: True IMPLD: False V: p10
IMPLS: True IMPLD: False V: (p11 & (p12 & (p13 & (p14 & (p15 & (p16 & (p17 & (p18 & (p19 & p20)))))))))
IMPLS: True IMPLD: False V: p11
IMPLS: True IMPLD: False V: (p12 & (p13 & (p14 & (p15 & (p16 & (p17 & (p18 & (p19 & p20))))))))
IMPLS: True IMPLD: False V: p12
IMPLS: True IMPLD: False V: (p13 & (p14 & (p15 & (p16 & (p17 & (p18 & (p19 & p20)))))))
IMPLS: True IMPLD: False V: p13
IMPLS: True IMPLD: False V: (p14 & (p15 & (p16 & (p17 & (p18 & (p19 & p20))))))
IMPLS: True IMPLD: False V: p14
IMPLS: True IMPLD: False V: (p15 & (p16 & (p17 & (p18 & (p19 & p20)))))
IMPLS: True IMPLD: False V: p15
IMPLS: True IMPLD: False V: (p16 & (p17 & (p18 & (p19 & p20))))
IMPLS: True IMPLD: False V: p16
IMPLS: True IMPLD: False V: (p17 & (p18 & (p19 & p20)))
IMPLS: True IMPLD: False V: p17
IMPLS: True IMPLD: False V: (p18 & (p19 & p20))
IMPLS: True IMPLD: False V: p18
IMPLS: True IMPLD: False V: (p19 & p20)
IMPLS: True IMPLD: False V: p19
IMPLS: True IMPLD: False V: p20
IMPLS: True IMPLD: True V: p2
IMPLS: True IMPLD: True V: p3
IMPLS: True IMPLD: False V: (p1 & (p2 & (p3 & (p4 & (p5 & (p6 & (p7 & (p8 & (p9 & (p10 & (p11 & (p12 & (p13 & (p14 & (p15 & (p16 & (p17 & (p18 & (p19 & p20)))))))))))))))))))
IMPLS: True IMPLD: False V: p1
IMPLS: True IMPLD: False V: (p2 & (p3 & (p4 & (p5 & (p6 & (p7 & (p8 & (p9 & (p10 & (p11 & (p12 & (p13 & (p14 & (p15 & (p16 & (p17 & (p18 & (p19 & p20))))))))))))))))))
IMPLS: True IMPLD: False V: p2
IMPLS: True IMPLD: False V: (p3 & (p4 & (p5 & (p6 & (p7 & (p8 & (p9 & (p10 & (p11 & (p12 & (p13 & (p14 & (p15 & (p16 & (p17 & (p18 & (p19 & p20)))))))))))))))))
IMPLS: True IMPLD: False V: p3
IMPLS: True IMPLD: False V: (p4 & (p5 & (p6 & (p7 & (p8 & (p9 & (p10 & (p11 & (p12 & (p13 & (p14 & (p15 & (p16 & (p17 & (p18 & (p19 & p20))))))))))))))))
IMPLS: True IMPLD: False V: p4
IMPLS: True IMPLD: False V: (p5 & (p6 & (p7 & (p8 & (p9 & (p10 & (p11 & (p12 & (p13 & (p14 & (p15 & (p16 & (p17 & (p18 & (p19 & p20)))))))))))))))
IMPLS: True IMPLD: False V: p5
IMPLS: True IMPLD: False V: (p6 & (p7 & (p8 & (p9 & (p10 & (p11 & (p12 & (p13 & (p14 & (p15 & (p16 & (p17 & (p18 & (p19 & p20))))))))))))))
IMPLS: True IMPLD: False V: p6
IMPLS: True IMPLD: False V: (p7 & (p8 & (p9 & (p10 & (p11 & (p12 & (p13 & (p14 & (p15 & (p16 & (p17 & (p18 & (p19 & p20)))))))))))))
IMPLS: True IMPLD: False V: p7
IMPLS: True IMPLD: False V: (p8 & (p9 & (p10 & (p11 & (p12 & (p13 & (p14 & (p15 & (p16 & (p17 & (p18 & (p19 & p20))))))))))))
IMPLS: True IMPLD: False V: p8
IMPLS: True IMPLD: False V: (p9 & (p10 & (p11 & (p12 & (p13 & (p14 & (p15 & (p16 & (p17 & (p18 & (p19 & p20)))))))))))
IMPLS: True IMPLD: False V: p9
IMPLS: True IMPLD: False V: (p10 & (p11 & (p12 & (p13 & (p14 & (p15 & (p16 & (p17 & (p18 & (p19 & p20))))))))))
IMPLS: True IMPLD: False V: p10
IMPLS: True IMPLD: False V: (p11 & (p12 & (p13 & (p14 & (p15 & (p16 & (p17 & (p18 & (p19 & p20)))))))))
IMPLS: True IMPLD: False V: p11
IMPLS: True IMPLD: False V: (p12 & (p13 & (p14 & (p15 & (p16 & (p17 & (p18 & (p19 & p20))))))))
IMPLS: True IMPLD: False V: p12
IMPLS: True IMPLD: False V: (p13 & (p14 & (p15 & (p16 & (p17 & (p18 & (p19 & p20)))))))
IMPLS: True IMPLD: False V: p13
IMPLS: True IMPLD: False V: (p14 & (p15 & (p16 & (p17 & (p18 & (p19 & p20))))))
IMPLS: True IMPLD: False V: p14
IMPLS: True IMPLD: False V: (p15 & (p16 & (p17 & (p18 & (p19 & p20)))))
IMPLS: True IMPLD: False V: p15
IMPLS: True IMPLD: False V: (p16 & (p17 & (p18 & (p19 & p20))))
IMPLS: True IMPLD: False V: p16
IMPLS: True IMPLD: False V: (p17 & (p18 & (p19 & p20)))
IMPLS: True IMPLD: False V: p17
IMPLS: True IMPLD: False V: (p18 & (p19 & p20))
IMPLS: True IMPLD: False V: p18
IMPLS: True IMPLD: False V: (p19 & p20)
IMPLS: True IMPLD: False V: p19
IMPLS: True IMPLD: False V: p20
IMPLS: True IMPLD: True V: p3
IMPLS: True IMPLD: True V: p4
IMPLS: True IMPLD: False V: (p1 & (p2 & (p3 & (p4 & (p5 & (p6 & (p7 & (p8 & (p9 & (p10 & (p11 & (p12 & (p13 & (p14 & (p15 & (p16 & (p17 & (p18 & (p19 & p20)))))))))))))))))))
IMPLS: True IMPLD: False V: p1
IMPLS: True IMPLD: False V: (p2 & (p3 & (p4 & (p5 & (p6 & (p7 & (p8 & (p9 & (p10 & (p11 & (p12 & (p13 & (p14 & (p15 & (p16 & (p17 & (p18 & (p19 & p20))))))))))))))))))
IMPLS: True IMPLD: False V: p2
IMPLS: True IMPLD: False V: (p3 & (p4 & (p5 & (p6 & (p7 & (p8 & (p9 & (p10 & (p11 & (p12 & (p13 & (p14 & (p15 & (p16 & (p17 & (p18 & (p19 & p20)))))))))))))))))
IMPLS: True IMPLD: False V: p3
IMPLS: True IMPLD: False V: (p4 & (p5 & (p6 & (p7 & (p8 & (p9 & (p10 & (p11 & (p12 & (p13 & (p14 & (p15 & (p16 & (p17 & (p18 & (p19 & p20))))))))))))))))
IMPLS: True IMPLD: False V: p4
IMPLS: True IMPLD: False V: (p5 & (p6 & (p7 & (p8 & (p9 & (p10 & (p11 & (p12 & (p13 & (p14 & (p15 & (p16 & (p17 & (p18 & (p19 & p20)))))))))))))))
IMPLS: True IMPLD: False V: p5
IMPLS: True IMPLD: False V: (p6 & (p7 & (p8 & (p9 & (p10 & (p11 & (p12 & (p13 & (p14 & (p15 & (p16 & (p17 & (p18 & (p19 & p20))))))))))))))
IMPLS: True IMPLD: False V: p6
IMPLS: True IMPLD: False V: (p7 & (p8 & (p9 & (p10 & (p11 & (p12 & (p13 & (p14 & (p15 & (p16 & (p17 & (p18 & (p19 & p20)))))))))))))
IMPLS: True IMPLD: False V: p7
IMPLS: True IMPLD: False V: (p8 & (p9 & (p10 & (p11 & (p12 & (p13 & (p14 & (p15 & (p16 & (p17 & (p18 & (p19 & p20))))))))))))
IMPLS: True IMPLD: False V: p8
IMPLS: True IMPLD: False V: (p9 & (p10 & (p11 & (p12 & (p13 & (p14 & (p15 & (p16 & (p17 & (p18 & (p19 & p20)))))))))))
IMPLS: True IMPLD: False V: p9
IMPLS: True IMPLD: False V: (p10 & (p11 & (p12 & (p13 & (p14 & (p15 & (p16 & (p17 & (p18 & (p19 & p20))))))))))
IMPLS: True IMPLD: False V: p10
IMPLS: True IMPLD: False V: (p11 & (p12 & (p13 & (p14 & (p15 & (p16 & (p17 & (p18 & (p19 & p20)))))))))
IMPLS: True IMPLD: False V: p11
IMPLS: True IMPLD: False V: (p12 & (p13 & (p14 & (p15 & (p16 & (p17 & (p18 & (p19 & p20))))))))
IMPLS: True IMPLD: False V: p12
IMPLS: True IMPLD: False V: (p13 & (p14 & (p15 & (p16 & (p17 & (p18 & (p19 & p20)))))))
IMPLS: True IMPLD: False V: p13
IMPLS: True IMPLD: False V: (p14 & (p15 & (p16 & (p17 & (p18 & (p19 & p20))))))
IMPLS: True IMPLD: False V: p14
IMPLS: True IMPLD: False V: (p15 & (p16 & (p17 & (p18 & (p19 & p20)))))
IMPLS: True IMPLD: False V: p15
IMPLS: True IMPLD: False V: (p16 & (p17 & (p18 & (p19 & p20))))
IMPLS: True IMPLD: False V: p16
IMPLS: True IMPLD: False V: (p17 & (p18 & (p19 & p20)))
IMPLS: True IMPLD: False V: p17
IMPLS: True IMPLD: False V: (p18 & (p19 & p20))
IMPLS: True IMPLD: False V: p18
IMPLS: True IMPLD: False V: (p19 & p20)
IMPLS: True IMPLD: False V: p19
IMPLS: True IMPLD: False V: p20
IMPLS: True IMPLD: True V: p4
IMPLS: True IMPLD: True V: p5
IMPLS: True IMPLD: False V: (p1 & (p2 & (p3 & (p4 & (p5 & (p6 & (p7 & (p8 & (p9 & (p10 & (p11 & (p12 & (p13 & (p14 & (p15 & (p16 & (p17 & (p18 & (p19 & p20)))))))))))))))))))
IMPLS: True IMPLD: False V: p1
IMPLS: True IMPLD: False V: (p2 & (p3 & (p4 & (p5 & (p6 & (p7 & (p8 & (p9 & (p10 & (p11 & (p12 & (p13 & (p14 & (p15 & (p16 & (p17 & (p18 & (p19 & p20))))))))))))))))))
IMPLS: True IMPLD: False V: p2
IMPLS: True IMPLD: False V: (p3 & (p4 & (p5 & (p6 & (p7 & (p8 & (p9 & (p10 & (p11 & (p12 & (p13 & (p14 & (p15 & (p16 & (p17 & (p18 & (p19 & p20)))))))))))))))))
IMPLS: True IMPLD: False V: p3
IMPLS: True IMPLD: False V: (p4 & (p5 & (p6 & (p7 & (p8 & (p9 & (p10 & (p11 & (p12 & (p13 & (p14 & (p15 & (p16 & (p17 & (p18 & (p19 & p20))))))))))))))))
IMPLS: True IMPLD: False V: p4
IMPLS: True IMPLD: False V: (p5 & (p6 & (p7 & (p8 & (p9 & (p10 & (p11 & (p12 & (p13 & (p14 & (p15 & (p16 & (p17 & (p18 & (p19 & p20)))))))))))))))
IMPLS: True IMPLD: False V: p5
IMPLS: True IMPLD: False V: (p6 & (p7 & (p8 & (p9 & (p10 & (p11 & (p12 & (p13 & (p14 & (p15 & (p16 & (p17 & (p18 & (p19 & p20))))))))))))))
IMPLS: True IMPLD: False V: p6
IMPLS: True IMPLD: False V: (p7 & (p8 & (p9 & (p10 & (p11 & (p12 & (p13 & (p14 & (p15 & (p16 & (p17 & (p18 & (p19 & p20)))))))))))))
IMPLS: True IMPLD: False V: p7
IMPLS: True IMPLD: False V: (p8 & (p9 & (p10 & (p11 & (p12 & (p13 & (p14 & (p15 & (p16 & (p17 & (p18 & (p19 & p20))))))))))))
IMPLS: True IMPLD: False V: p8
IMPLS: True IMPLD: False V: (p9 & (p10 & (p11 & (p12 & (p13 & (p14 & (p15 & (p16 & (p17 & (p18 & (p19 & p20)))))))))))
IMPLS: True IMPLD: False V: p9
IMPLS: True IMPLD: False V: (p10 & (p11 & (p12 & (p13 & (p14 & (p15 & (p16 & (p17 & (p18 & (p19 & p20))))))))))
IMPLS: True IMPLD: False V: p10
IMPLS: True IMPLD: False V: (p11 & (p12 & (p13 & (p14 & (p15 & (p16 & (p17 & (p18 & (p19 & p20)))))))))
IMPLS: True IMPLD: False V: p11
IMPLS: True IMPLD: False V: (p12 & (p13 & (p14 & (p15 & (p16 & (p17 & (p18 & (p19 & p20))))))))
IMPLS: True IMPLD: False V: p12
IMPLS: True IMPLD: False V: (p13 & (p14 & (p15 & (p16 & (p17 & (p18 & (p19 & p20)))))))
IMPLS: True IMPLD: False V: p13
IMPLS: True IMPLD: False V: (p14 & (p15 & (p16 & (p17 & (p18 & (p19 & p20))))))
IMPLS: True IMPLD: False V: p14
IMPLS: True IMPLD: False V: (p15 & (p16 & (p17 & (p18 & (p19 & p20)))))
IMPLS: True IMPLD: False V: p15
IMPLS: True IMPLD: False V: (p16 & (p17 & (p18 & (p19 & p20))))
IMPLS: True IMPLD: False V: p16
IMPLS: True IMPLD: False V: (p17 & (p18 & (p19 & p20)))
IMPLS: True IMPLD: False V: p17
IMPLS: True IMPLD: False V: (p18 & (p19 & p20))
IMPLS: True IMPLD: False V: p18
IMPLS: True IMPLD: False V: (p19 & p20)
IMPLS: True IMPLD: False V: p19
IMPLS: True IMPLD: False V: p20
IMPLS: True IMPLD: True V: p5
IMPLS: True IMPLD: True V: p6
IMPLS: True IMPLD: False V: (p1 & (p2 & (p3 & (p4 & (p5 & (p6 & (p7 & (p8 & (p9 & (p10 & (p11 & (p12 & (p13 & (p14 & (p15 & (p16 & (p17 & (p18 & (p19 & p20)))))))))))))))))))
IMPLS: True IMPLD: False V: p1
IMPLS: True IMPLD: False V: (p2 & (p3 & (p4 & (p5 & (p6 & (p7 & (p8 & (p9 & (p10 & (p11 & (p12 & (p13 & (p14 & (p15 & (p16 & (p17 & (p18 & (p19 & p20))))))))))))))))))
IMPLS: True IMPLD: False V: p2
IMPLS: True IMPLD: False V: (p3 & (p4 & (p5 & (p6 & (p7 & (p8 & (p9 & (p10 & (p11 & (p12 & (p13 & (p14 & (p15 & (p16 & (p17 & (p18 & (p19 & p20)))))))))))))))))
IMPLS: True IMPLD: False V: p3
IMPLS: True IMPLD: False V: (p4 & (p5 & (p6 & (p7 & (p8 & (p9 & (p10 & (p11 & (p12 & (p13 & (p14 & (p15 & (p16 & (p17 & (p18 & (p19 & p20))))))))))))))))
IMPLS: True IMPLD: False V: p4
IMPLS: True IMPLD: False V: (p5 & (p6 & (p7 & (p8 & (p9 & (p10 & (p11 & (p12 & (p13 & (p14 & (p15 & (p16 & (p17 & (p18 & (p19 & p20)))))))))))))))
IMPLS: True IMPLD: False V: p5
IMPLS: True IMPLD: False V: (p6 & (p7 & (p8 & (p9 & (p10 & (p11 & (p12 & (p13 & (p14 & (p15 & (p16 & (p17 & (p18 & (p19 & p20))))))))))))))
IMPLS: True IMPLD: False V: p6
IMPLS: True IMPLD: False V: (p7 & (p8 & (p9 & (p10 & (p11 & (p12 & (p13 & (p14 & (p15 & (p16 & (p17 & (p18 & (p19 & p20)))))))))))))
IMPLS: True IMPLD: False V: p7
IMPLS: True IMPLD: False V: (p8 & (p9 & (p10 & (p11 & (p12 & (p13 & (p14 & (p15 & (p16 & (p17 & (p18 & (p19 & p20))))))))))))
IMPLS: True IMPLD: False V: p8
IMPLS: True IMPLD: False V: (p9 & (p10 & (p11 & (p12 & (p13 & (p14 & (p15 & (p16 & (p17 & (p18 & (p19 & p20)))))))))))
IMPLS: True IMPLD: False V: p9
IMPLS: True IMPLD: False V: (p10 & (p11 & (p12 & (p13 & (p14 & (p15 & (p16 & (p17 & (p18 & (p19 & p20))))))))))
IMPLS: True IMPLD: False V: p10
IMPLS: True IMPLD: False V: (p11 & (p12 & (p13 & (p14 & (p15 & (p16 & (p17 & (p18 & (p19 & p20)))))))))
IMPLS: True IMPLD: False V: p11
IMPLS: True IMPLD: False V: (p12 & (p13 & (p14 & (p15 & (p16 & (p17 & (p18 & (p19 & p20))))))))
IMPLS: True IMPLD: False V: p12
IMPLS: True IMPLD: False V: (p13 & (p14 & (p15 & (p16 & (p17 & (p18 & (p19 & p20)))))))
IMPLS: True IMPLD: False V: p13
IMPLS: True IMPLD: False V: (p14 & (p15 & (p16 & (p17 & (p18 & (p19 & p20))))))
IMPLS: True IMPLD: False V: p14
IMPLS: True IMPLD: False V: (p15 & (p16 & (p17 & (p18 & (p19 & p20)))))
IMPLS: True IMPLD: False V: p15
IMPLS: True IMPLD: False V: (p16 & (p17 & (p18 & (p19 & p20))))
IMPLS: True IMPLD: False V: p16
IMPLS: True IMPLD: False V: (p17 & (p18 & (p19 & p20)))
IMPLS: True IMPLD: False V: p17
IMPLS: True IMPLD: False V: (p18 & (p19 & p20))
IMPLS: True IMPLD: False V: p18
IMPLS: True IMPLD: False V: (p19 & p20)
IMPLS: True IMPLD: False V: p19
IMPLS: True IMPLD: False V: p20
IMPLS: True IMPLD: True V: p6
IMPLS: True IMPLD: True V: p7
IMPLS: True IMPLD: False V: (p1 & (p2 & (p3 & (p4 & (p5 & (p6 & (p7 & (p8 & (p9 & (p10 & (p11 & (p12 & (p13 & (p14 & (p15 & (p16 & (p17 & (p18 & (p19 & p20)))))))))))))))))))
IMPLS: True IMPLD: False V: p1
IMPLS: True IMPLD: False V: (p2 & (p3 & (p4 & (p5 & (p6 & (p7 & (p8 & (p9 & (p10 & (p11 & (p12 & (p13 & (p14 & (p15 & (p16 & (p17 & (p18 & (p19 & p20))))))))))))))))))
IMPLS: True IMPLD: False V: p2
IMPLS: True IMPLD: False V: (p3 & (p4 & (p5 & (p6 & (p7 & (p8 & (p9 & (p10 & (p11 & (p12 & (p13 & (p14 & (p15 & (p16 & (p17 & (p18 & (p19 & p20)))))))))))))))))
IMPLS: True IMPLD: False V: p3
IMPLS: True IMPLD: False V: (p4 & (p5 & (p6 & (p7 & (p8 & (p9 & (p10 & (p11 & (p12 & (p13 & (p14 & (p15 & (p16 & (p17 & (p18 & (p19 & p20))))))))))))))))
IMPLS: True IMPLD: False V: p4
IMPLS: True IMPLD: False V: (p5 & (p6 & (p7 & (p8 & (p9 & (p10 & (p11 & (p12 & (p13 & (p14 & (p15 & (p16 & (p17 & (p18 & (p19 & p20)))))))))))))))
IMPLS: True IMPLD: False V: p5
IMPLS: True IMPLD: False V: (p6 & (p7 & (p8 & (p9 & (p10 & (p11 & (p12 & (p13 & (p14 & (p15 & (p16 & (p17 & (p18 & (p19 & p20))))))))))))))
IMPLS: True IMPLD: False V: p6
IMPLS: True IMPLD: False V: (p7 & (p8 & (p9 & (p10 & (p11 & (p12 & (p13 & (p14 & (p15 & (p16 & (p17 & (p18 & (p19 & p20)))))))))))))
IMPLS: True IMPLD: False V: p7
IMPLS: True IMPLD: False V: (p8 & (p9 & (p10 & (p11 & (p12 & (p13 & (p14 & (p15 & (p16 & (p17 & (p18 & (p19 & p20))))))))))))
IMPLS: True IMPLD: False V: p8
IMPLS: True IMPLD: False V: (p9 & (p10 & (p11 & (p12 & (p13 & (p14 & (p15 & (p16 & (p17 & (p18 & (p19 & p20)))))))))))
IMPLS: True IMPLD: False V: p9
IMPLS: True IMPLD: False V: (p10 & (p11 & (p12 & (p13 & (p14 & (p15 & (p16 & (p17 & (p18 & (p19 & p20))))))))))
IMPLS: True IMPLD: False V: p10
IMPLS: True IMPLD: False V: (p11 & (p12 & (p13 & (p14 & (p15 & (p16 & (p17 & (p18 & (p19 & p20)))))))))
IMPLS: True IMPLD: False V: p11
IMPLS: True IMPLD: False V: (p12 & (p13 & (p14 & (p15 & (p16 & (p17 & (p18 & (p19 & p20))))))))
IMPLS: True IMPLD: False V: p12
IMPLS: True IMPLD: False V: (p13 & (p14 & (p15 & (p16 & (p17 & (p18 & (p19 & p20)))))))
IMPLS: True IMPLD: False V: p13
IMPLS: True IMPLD: False V: (p14 & (p15 & (p16 & (p17 & (p18 & (p19 & p20))))))
IMPLS: True IMPLD: False V: p14
IMPLS: True IMPLD: False V: (p15 & (p16 & (p17 & (p18 & (p19 & p20)))))
IMPLS: True IMPLD: False V: p15
IMPLS: True IMPLD: False V: (p16 & (p17 & (p18 & (p19 & p20))))
IMPLS: True IMPLD: False V: p16
IMPLS: True IMPLD: False V: (p17 & (p18 & (p19 & p20)))
IMPLS: True IMPLD: False V: p17
IMPLS: True IMPLD: False V: (p18 & (p19 & p20))
IMPLS: True IMPLD: False V: p18
IMPLS: True IMPLD: False V: (p19 & p20)
IMPLS: True IMPLD: False V: p19
IMPLS: True IMPLD: False V: p20
IMPLS: True IMPLD: True V: p7
IMPLS: True IMPLD: True V: p8
IMPLS: True IMPLD: False V: (p1 & (p2 & (p3 & (p4 & (p5 & (p6 & (p7 & (p8 & (p9 & (p10 & (p11 & (p12 & (p13 & (p14 & (p15 & (p16 & (p17 & (p18 & (p19 & p20)))))))))))))))))))
IMPLS: True IMPLD: False V: p1
IMPLS: True IMPLD: False V: (p2 & (p3 & (p4 & (p5 & (p6 & (p7 & (p8 & (p9 & (p10 & (p11 & (p12 & (p13 & (p14 & (p15 & (p16 & (p17 & (p18 & (p19 & p20))))))))))))))))))
IMPLS: True IMPLD: False V: p2
IMPLS: True IMPLD: False V: (p3 & (p4 & (p5 & (p6 & (p7 & (p8 & (p9 & (p10 & (p11 & (p12 & (p13 & (p14 & (p15 & (p16 & (p17 & (p18 & (p19 & p20)))))))))))))))))
IMPLS: True IMPLD: False V: p3
IMPLS: True IMPLD: False V: (p4 & (p5 & (p6 & (p7 & (p8 & (p9 & (p10 & (p11 & (p12 & (p13 & (p14 & (p15 & (p16 & (p17 & (p18 & (p19 & p20))))))))))))))))
IMPLS: True IMPLD: False V: p4
IMPLS: True IMPLD: False V: (p5 & (p6 & (p7 & (p8 & (p9 & (p10 & (p11 & (p12 & (p13 & (p14 & (p15 & (p16 & (p17 & (p18 & (p19 & p20)))))))))))))))
IMPLS: True IMPLD: False V: p5
IMPLS: True IMPLD: False V: (p6 & (p7 & (p8 & (p9 & (p10 & (p11 & (p12 & (p13 & (p14 & (p15 & (p16 & (p17 & (p18 & (p19 & p20))))))))))))))
IMPLS: True IMPLD: False V: p6
IMPLS: True IMPLD: False V: (p7 & (p8 & (p9 & (p10 & (p11 & (p12 & (p13 & (p14 & (p15 & (p16 & (p17 & (p18 & (p19 & p20)))))))))))))
IMPLS: True IMPLD: False V: p7
IMPLS: True IMPLD: False V: (p8 & (p9 & (p10 & (p11 & (p12 & (p13 & (p14 & (p15 & (p16 & (p17 & (p18 & (p19 & p20))))))))))))
IMPLS: True IMPLD: False V: p8
IMPLS: True IMPLD: False V: (p9 & (p10 & (p11 & (p12 & (p13 & (p14 & (p15 & (p16 & (p17 & (p18 & (p19 & p20)))))))))))
IMPLS: True IMPLD: False V: p9
IMPLS: True IMPLD: False V: (p10 & (p11 & (p12 & (p13 & (p14 & (p15 & (p16 & (p17 & (p18 & (p19 & p20))))))))))
IMPLS: True IMPLD: False V: p10
IMPLS: True IMPLD: False V: (p11 & (p12 & (p13 & (p14 & (p15 & (p16 & (p17 & (p18 & (p19 & p20)))))))))
IMPLS: True IMPLD: False V: p11
IMPLS: True IMPLD: False V: (p12 & (p13 & (p14 & (p15 & (p16 & (p17 & (p18 & (p19 & p20))))))))
IMPLS: True IMPLD: False V: p12
IMPLS: True IMPLD: False V: (p13 & (p14 & (p15 & (p16 & (p17 & (p18 & (p19 & p20)))))))
IMPLS: True IMPLD: False V: p13
IMPLS: True IMPLD: False V: (p14 & (p15 & (p16 & (p17 & (p18 & (p19 & p20))))))
IMPLS: True IMPLD: False V: p14
IMPLS: True IMPLD: False V: (p15 & (p16 & (p17 & (p18 & (p19 & p20)))))
IMPLS: True IMPLD: False V: p15
IMPLS: True IMPLD: False V: (p16 & (p17 & (p18 & (p19 & p20))))
IMPLS: True IMPLD: False V: p16
IMPLS: True IMPLD: False V: (p17 & (p18 & (p19 & p20)))
IMPLS: True IMPLD: False V: p17
IMPLS: True IMPLD: False V: (p18 & (p19 & p20))
IMPLS: True IMPLD: False V: p18
IMPLS: True IMPLD: False V: (p19 & p20)
IMPLS: True IMPLD: False V: p19
IMPLS: True IMPLD: False V: p20
IMPLS: True IMPLD: True V: p8
IMPLS: True IMPLD: True V: p9
IMPLS: True IMPLD: False V: (p1 & (p2 & (p3 & (p4 & (p5 & (p6 & (p7 & (p8 & (p9 & (p10 & (p11 & (p12 & (p13 & (p14 & (p15 & (p16 & (p17 & (p18 & (p19 & p20)))))))))))))))))))
IMPLS: True IMPLD: False V: p1
IMPLS: True IMPLD: False V: (p2 & (p3 & (p4 & (p5 & (p6 & (p7 & (p8 & (p9 & (p10 & (p11 & (p12 & (p13 & (p14 & (p15 & (p16 & (p17 & (p18 & (p19 & p20))))))))))))))))))
IMPLS: True IMPLD: False V: p2
IMPLS: True IMPLD: False V: (p3 & (p4 & (p5 & (p6 & (p7 & (p8 & (p9 & (p10 & (p11 & (p12 & (p13 & (p14 & (p15 & (p16 & (p17 & (p18 & (p19 & p20)))))))))))))))))
IMPLS: True IMPLD: False V: p3
IMPLS: True IMPLD: False V: (p4 & (p5 & (p6 & (p7 & (p8 & (p9 & (p10 & (p11 & (p12 & (p13 & (p14 & (p15 & (p16 & (p17 & (p18 & (p19 & p20))))))))))))))))
IMPLS: True IMPLD: False V: p4
IMPLS: True IMPLD: False V: (p5 & (p6 & (p7 & (p8 & (p9 & (p10 & (p11 & (p12 & (p13 & (p14 & (p15 & (p16 & (p17 & (p18 & (p19 & p20)))))))))))))))
IMPLS: True IMPLD: False V: p5
IMPLS: True IMPLD: False V: (p6 & (p7 & (p8 & (p9 & (p10 & (p11 & (p12 & (p13 & (p14 & (p15 & (p16 & (p17 & (p18 & (p19 & p20))))))))))))))
IMPLS: True IMPLD: False V: p6
IMPLS: True IMPLD: False V: (p7 & (p8 & (p9 & (p10 & (p11 & (p12 & (p13 & (p14 & (p15 & (p16 & (p17 & (p18 & (p19 & p20)))))))))))))
IMPLS: True IMPLD: False V: p7
IMPLS: True IMPLD: False V: (p8 & (p9 & (p10 & (p11 & (p12 & (p13 & (p14 & (p15 & (p16 & (p17 & (p18 & (p19 & p20))))))))))))
IMPLS: True IMPLD: False V: p8
IMPLS: True IMPLD: False V: (p9 & (p10 & (p11 & (p12 & (p13 & (p14 & (p15 & (p16 & (p17 & (p18 & (p19 & p20)))))))))))
IMPLS: True IMPLD: False V: p9
IMPLS: True IMPLD: False V: (p10 & (p11 & (p12 & (p13 & (p14 & (p15 & (p16 & (p17 & (p18 & (p19 & p20))))))))))
IMPLS: True IMPLD: False V: p10
IMPLS: True IMPLD: False V: (p11 & (p12 & (p13 & (p14 & (p15 & (p16 & (p17 & (p18 & (p19 & p20)))))))))
IMPLS: True IMPLD: False V: p11
IMPLS: True IMPLD: False V: (p12 & (p13 & (p14 & (p15 & (p16 & (p17 & (p18 & (p19 & p20))))))))
IMPLS: True IMPLD: False V: p12
IMPLS: True IMPLD: False V: (p13 & (p14 & (p15 & (p16 & (p17 & (p18 & (p19 & p20)))))))
IMPLS: True IMPLD: False V: p13
IMPLS: True IMPLD: False V: (p14 & (p15 & (p16 & (p17 & (p18 & (p19 & p20))))))
IMPLS: True IMPLD: False V: p14
IMPLS: True IMPLD: False V: (p15 & (p16 & (p17 & (p18 & (p19 & p20)))))
IMPLS: True IMPLD: False V: p15
IMPLS: True IMPLD: False V: (p16 & (p17 & (p18 & (p19 & p20))))
IMPLS: True IMPLD: False V: p16
IMPLS: True IMPLD: False V: (p17 & (p18 & (p19 & p20)))
IMPLS: True IMPLD: False V: p17
IMPLS: True IMPLD: False V: (p18 & (p19 & p20))
IMPLS: True IMPLD: False V: p18
IMPLS: True IMPLD: False V: (p19 & p20)
IMPLS: True IMPLD: False V: p19
IMPLS: True IMPLD: False V: p20
IMPLS: True IMPLD: True V: p9
IMPLS: True IMPLD: True V: p10
IMPLS: True IMPLD: False V: (p1 & (p2 & (p3 & (p4 & (p5 & (p6 & (p7 & (p8 & (p9 & (p10 & (p11 & (p12 & (p13 & (p14 & (p15 & (p16 & (p17 & (p18 & (p19 & p20)))))))))))))))))))
IMPLS: True IMPLD: False V: p1
IMPLS: True IMPLD: False V: (p2 & (p3 & (p4 & (p5 & (p6 & (p7 & (p8 & (p9 & (p10 & (p11 & (p12 & (p13 & (p14 & (p15 & (p16 & (p17 & (p18 & (p19 & p20))))))))))))))))))
IMPLS: True IMPLD: False V: p2
IMPLS: True IMPLD: False V: (p3 & (p4 & (p5 & (p6 & (p7 & (p8 & (p9 & (p10 & (p11 & (p12 & (p13 & (p14 & (p15 & (p16 & (p17 & (p18 & (p19 & p20)))))))))))))))))
IMPLS: True IMPLD: False V: p3
IMPLS: True IMPLD: False V: (p4 & (p5 & (p6 & (p7 & (p8 & (p9 & (p10 & (p11 & (p12 & (p13 & (p14 & (p15 & (p16 & (p17 & (p18 & (p19 & p20))))))))))))))))
IMPLS: True IMPLD: False V: p4
IMPLS: True IMPLD: False V: (p5 & (p6 & (p7 & (p8 & (p9 & (p10 & (p11 & (p12 & (p13 & (p14 & (p15 & (p16 & (p17 & (p18 & (p19 & p20)))))))))))))))
IMPLS: True IMPLD: False V: p5
IMPLS: True IMPLD: False V: (p6 & (p7 & (p8 & (p9 & (p10 & (p11 & (p12 & (p13 & (p14 & (p15 & (p16 & (p17 & (p18 & (p19 & p20))))))))))))))
IMPLS: True IMPLD: False V: p6
IMPLS: True IMPLD: False V: (p7 & (p8 & (p9 & (p10 & (p11 & (p12 & (p13 & (p14 & (p15 & (p16 & (p17 & (p18 & (p19 & p20)))))))))))))
IMPLS: True IMPLD: False V: p7
IMPLS: True IMPLD: False V: (p8 & (p9 & (p10 & (p11 & (p12 & (p13 & (p14 & (p15 & (p16 & (p17 & (p18 & (p19 & p20))))))))))))
IMPLS: True IMPLD: False V: p8
IMPLS: True IMPLD: False V: (p9 & (p10 & (p11 & (p12 & (p13 & (p14 & (p15 & (p16 & (p17 & (p18 & (p19 & p20)))))))))))
IMPLS: True IMPLD: False V: p9
IMPLS: True IMPLD: False V: (p10 & (p11 & (p12 & (p13 & (p14 & (p15 & (p16 & (p17 & (p18 & (p19 & p20))))))))))
IMPLS: True IMPLD: False V: p10
IMPLS: True IMPLD: False V: (p11 & (p12 & (p13 & (p14 & (p15 & (p16 & (p17 & (p18 & (p19 & p20)))))))))
IMPLS: True IMPLD: False V: p11
IMPLS: True IMPLD: False V: (p12 & (p13 & (p14 & (p15 & (p16 & (p17 & (p18 & (p19 & p20))))))))
IMPLS: True IMPLD: False V: p12
IMPLS: True IMPLD: False V: (p13 & (p14 & (p15 & (p16 & (p17 & (p18 & (p19 & p20)))))))
IMPLS: True IMPLD: False V: p13
IMPLS: True IMPLD: False V: (p14 & (p15 & (p16 & (p17 & (p18 & (p19 & p20))))))
IMPLS: True IMPLD: False V: p14
IMPLS: True IMPLD: False V: (p15 & (p16 & (p17 & (p18 & (p19 & p20)))))
IMPLS: True IMPLD: False V: p15
IMPLS: True IMPLD: False V: (p16 & (p17 & (p18 & (p19 & p20))))
IMPLS: True IMPLD: False V: p16
IMPLS: True IMPLD: False V: (p17 & (p18 & (p19 & p20)))
IMPLS: True IMPLD: False V: p17
IMPLS: True IMPLD: False V: (p18 & (p19 & p20))
IMPLS: True IMPLD: False V: p18
IMPLS: True IMPLD: False V: (p19 & p20)
IMPLS: True IMPLD: False V: p19
IMPLS: True IMPLD: False V: p20
IMPLS: True IMPLD: True V: p10
IMPLS: True IMPLD: True V: p11
IMPLS: True IMPLD: False V: (p1 & (p2 & (p3 & (p4 & (p5 & (p6 & (p7 & (p8 & (p9 & (p10 & (p11 & (p12 & (p13 & (p14 & (p15 & (p16 & (p17 & (p18 & (p19 & p20)))))))))))))))))))
IMPLS: True IMPLD: False V: p1
IMPLS: True IMPLD: False V: (p2 & (p3 & (p4 & (p5 & (p6 & (p7 & (p8 & (p9 & (p10 & (p11 & (p12 & (p13 & (p14 & (p15 & (p16 & (p17 & (p18 & (p19 & p20))))))))))))))))))
IMPLS: True IMPLD: False V: p2
IMPLS: True IMPLD: False V: (p3 & (p4 & (p5 & (p6 & (p7 & (p8 & (p9 & (p10 & (p11 & (p12 & (p13 & (p14 & (p15 & (p16 & (p17 & (p18 & (p19 & p20)))))))))))))))))
IMPLS: True IMPLD: False V: p3
IMPLS: True IMPLD: False V: (p4 & (p5 & (p6 & (p7 & (p8 & (p9 & (p10 & (p11 & (p12 & (p13 & (p14 & (p15 & (p16 & (p17 & (p18 & (p19 & p20))))))))))))))))
IMPLS: True IMPLD: False V: p4
IMPLS: True IMPLD: False V: (p5 & (p6 & (p7 & (p8 & (p9 & (p10 & (p11 & (p12 & (p13 & (p14 & (p15 & (p16 & (p17 & (p18 & (p19 & p20)))))))))))))))
IMPLS: True IMPLD: False V: p5
IMPLS: True IMPLD: False V: (p6 & (p7 & (p8 & (p9 & (p10 & (p11 & (p12 & (p13 & (p14 & (p15 & (p16 & (p17 & (p18 & (p19 & p20))))))))))))))
IMPLS: True IMPLD: False V: p6
IMPLS: True IMPLD: False V: (p7 & (p8 & (p9 & (p10 & (p11 & (p12 & (p13 & (p14 & (p15 & (p16 & (p17 & (p18 & (p19 & p20)))))))))))))
IMPLS: True IMPLD: False V: p7
IMPLS: True IMPLD: False V: (p8 & (p9 & (p10 & (p11 & (p12 & (p13 & (p14 & (p15 & (p16 & (p17 & (p18 & (p19 & p20))))))))))))
IMPLS: True IMPLD: False V: p8
IMPLS: True IMPLD: False V: (p9 & (p10 & (p11 & (p12 & (p13 & (p14 & (p15 & (p16 & (p17 & (p18 & (p19 & p20)))))))))))
IMPLS: True IMPLD: False V: p9
IMPLS: True IMPLD: False V: (p10 & (p11 & (p12 & (p13 & (p14 & (p15 & (p16 & (p17 & (p18 & (p19 & p20))))))))))
IMPLS: True IMPLD: False V: p10
IMPLS: True IMPLD: False V: (p11 & (p12 & (p13 & (p14 & (p15 & (p16 & (p17 & (p18 & (p19 & p20)))))))))
IMPLS: True IMPLD: False V: p11
IMPLS: True IMPLD: False V: (p12 & (p13 & (p14 & (p15 & (p16 & (p17 & (p18 & (p19 & p20))))))))
IMPLS: True IMPLD: False V: p12
IMPLS: True IMPLD: False V: (p13 & (p14 & (p15 & (p16 & (p17 & (p18 & (p19 & p20)))))))
IMPLS: True IMPLD: False V: p13
IMPLS: True IMPLD: False V: (p14 & (p15 & (p16 & (p17 & (p18 & (p19 & p20))))))
IMPLS: True IMPLD: False V: p14
IMPLS: True IMPLD: False V: (p15 & (p16 & (p17 & (p18 & (p19 & p20)))))
IMPLS: True IMPLD: False V: p15
IMPLS: True IMPLD: False V: (p16 & (p17 & (p18 & (p19 & p20))))
IMPLS: True IMPLD: False V: p16
IMPLS: True IMPLD: False V: (p17 & (p18 & (p19 & p20)))
IMPLS: True IMPLD: False V: p17
IMPLS: True IMPLD: False V: (p18 & (p19 & p20))
IMPLS: True IMPLD: False V: p18
IMPLS: True IMPLD: False V: (p19 & p20)
IMPLS: True IMPLD: False V: p19
IMPLS: True IMPLD: False V: p20
IMPLS: True IMPLD: True V: p11
IMPLS: True IMPLD: True V: p12
IMPLS: True IMPLD: False V: (p1 & (p2 & (p3 & (p4 & (p5 & (p6 & (p7 & (p8 & (p9 & (p10 & (p11 & (p12 & (p13 & (p14 & (p15 & (p16 & (p17 & (p18 & (p19 & p20)))))))))))))))))))
IMPLS: True IMPLD: False V: p1
IMPLS: True IMPLD: False V: (p2 & (p3 & (p4 & (p5 & (p6 & (p7 & (p8 & (p9 & (p10 & (p11 & (p12 & (p13 & (p14 & (p15 & (p16 & (p17 & (p18 & (p19 & p20))))))))))))))))))
IMPLS: True IMPLD: False V: p2
IMPLS: True IMPLD: False V: (p3 & (p4 & (p5 & (p6 & (p7 & (p8 & (p9 & (p10 & (p11 & (p12 & (p13 & (p14 & (p15 & (p16 & (p17 & (p18 & (p19 & p20)))))))))))))))))
IMPLS: True IMPLD: False V: p3
IMPLS: True IMPLD: False V: (p4 & (p5 & (p6 & (p7 & (p8 & (p9 & (p10 & (p11 & (p12 & (p13 & (p14 & (p15 & (p16 & (p17 & (p18 & (p19 & p20))))))))))))))))
IMPLS: True IMPLD: False V: p4
IMPLS: True IMPLD: False V: (p5 & (p6 & (p7 & (p8 & (p9 & (p10 & (p11 & (p12 & (p13 & (p14 & (p15 & (p16 & (p17 & (p18 & (p19 & p20)))))))))))))))
IMPLS: True IMPLD: False V: p5
IMPLS: True IMPLD: False V: (p6 & (p7 & (p8 & (p9 & (p10 & (p11 & (p12 & (p13 & (p14 & (p15 & (p16 & (p17 & (p18 & (p19 & p20))))))))))))))
IMPLS: True IMPLD: False V: p6
IMPLS: True IMPLD: False V: (p7 & (p8 & (p9 & (p10 & (p11 & (p12 & (p13 & (p14 & (p15 & (p16 & (p17 & (p18 & (p19 & p20)))))))))))))
IMPLS: True IMPLD: False V: p7
IMPLS: True IMPLD: False V: (p8 & (p9 & (p10 & (p11 & (p12 & (p13 & (p14 & (p15 & (p16 & (p17 & (p18 & (p19 & p20))))))))))))
IMPLS: True IMPLD: False V: p8
IMPLS: True IMPLD: False V: (p9 & (p10 & (p11 & (p12 & (p13 & (p14 & (p15 & (p16 & (p17 & (p18 & (p19 & p20)))))))))))
IMPLS: True IMPLD: False V: p9
IMPLS: True IMPLD: False V: (p10 & (p11 & (p12 & (p13 & (p14 & (p15 & (p16 & (p17 & (p18 & (p19 & p20))))))))))
IMPLS: True IMPLD: False V: p10
IMPLS: True IMPLD: False V: (p11 & (p12 & (p13 & (p14 & (p15 & (p16 & (p17 & (p18 & (p19 & p20)))))))))
IMPLS: True IMPLD: False V: p11
IMPLS: True IMPLD: False V: (p12 & (p13 & (p14 & (p15 & (p16 & (p17 & (p18 & (p19 & p20))))))))
IMPLS: True IMPLD: False V: p12
IMPLS: True IMPLD: False V: (p13 & (p14 & (p15 & (p16 & (p17 & (p18 & (p19 & p20)))))))
IMPLS: True IMPLD: False V: p13
IMPLS: True IMPLD: False V: (p14 & (p15 & (p16 & (p17 & (p18 & (p19 & p20))))))
IMPLS: True IMPLD: False V: p14
IMPLS: True IMPLD: False V: (p15 & (p16 & (p17 & (p18 & (p19 & p20)))))
IMPLS: True IMPLD: False V: p15
IMPLS: True IMPLD: False V: (p16 & (p17 & (p18 & (p19 & p20))))
IMPLS: True IMPLD: False V: p16
IMPLS: True IMPLD: False V: (p17 & (p18 & (p19 & p20)))
IMPLS: True IMPLD: False V: p17
IMPLS: True IMPLD: False V: (p18 & (p19 & p20))
IMPLS: True IMPLD: False V: p18
IMPLS: True IMPLD: False V: (p19 & p20)
IMPLS: True IMPLD: False V: p19
IMPLS: True IMPLD: False V: p20
IMPLS: True IMPLD: True V: p12
IMPLS: True IMPLD: True V: p13
IMPLS: True IMPLD: False V: (p1 & (p2 & (p3 & (p4 & (p5 & (p6 & (p7 & (p8 & (p9 & (p10 & (p11 & (p12 & (p13 & (p14 & (p15 & (p16 & (p17 & (p18 & (p19 & p20)))))))))))))))))))
IMPLS: True IMPLD: False V: p1
IMPLS: True IMPLD: False V: (p2 & (p3 & (p4 & (p5 & (p6 & (p7 & (p8 & (p9 & (p10 & (p11 & (p12 & (p13 & (p14 & (p15 & (p16 & (p17 & (p18 & (p19 & p20))))))))))))))))))
IMPLS: True IMPLD: False V: p2
IMPLS: True IMPLD: False V: (p3 & (p4 & (p5 & (p6 & (p7 & (p8 & (p9 & (p10 & (p11 & (p12 & (p13 & (p14 & (p15 & (p16 & (p17 & (p18 & (p19 & p20)))))))))))))))))
IMPLS: True IMPLD: False V: p3
IMPLS: True IMPLD: False V: (p4 & (p5 & (p6 & (p7 & (p8 & (p9 & (p10 & (p11 & (p12 & (p13 & (p14 & (p15 & (p16 & (p17 & (p18 & (p19 & p20))))))))))))))))
IMPLS: True IMPLD: False V: p4
IMPLS: True IMPLD: False V: (p5 & (p6 & (p7 & (p8 & (p9 & (p10 & (p11 & (p12 & (p13 & (p14 & (p15 & (p16 & (p17 & (p18 & (p19 & p20)))))))))))))))
IMPLS: True IMPLD: False V: p5
IMPLS: True IMPLD: False V: (p6 & (p7 & (p8 & (p9 & (p10 & (p11 & (p12 & (p13 & (p14 & (p15 & (p16 & (p17 & (p18 & (p19 & p20))))))))))))))
IMPLS: True IMPLD: False V: p6
IMPLS: True IMPLD: False V: (p7 & (p8 & (p9 & (p10 & (p11 & (p12 & (p13 & (p14 & (p15 & (p16 & (p17 & (p18 & (p19 & p20)))))))))))))
IMPLS: True IMPLD: False V: p7
IMPLS: True IMPLD: False V: (p8 & (p9 & (p10 & (p11 & (p12 & (p13 & (p14 & (p15 & (p16 & (p17 & (p18 & (p19 & p20))))))))))))
IMPLS: True IMPLD: False V: p8
IMPLS: True IMPLD: False V: (p9 & (p10 & (p11 & (p12 & (p13 & (p14 & (p15 & (p16 & (p17 & (p18 & (p19 & p20)))))))))))
IMPLS: True IMPLD: False V: p9
IMPLS: True IMPLD: False V: (p10 & (p11 & (p12 & (p13 & (p14 & (p15 & (p16 & (p17 & (p18 & (p19 & p20))))))))))
IMPLS: True IMPLD: False V: p10
IMPLS: True IMPLD: False V: (p11 & (p12 & (p13 & (p14 & (p15 & (p16 & (p17 & (p18 & (p19 & p20)))))))))
IMPLS: True IMPLD: False V: p11
IMPLS: True IMPLD: False V: (p12 & (p13 & (p14 & (p15 & (p16 & (p17 & (p18 & (p19 & p20))))))))
IMPLS: True IMPLD: False V: p12
IMPLS: True IMPLD: False V: (p13 & (p14 & (p15 & (p16 & (p17 & (p18 & (p19 & p20)))))))
IMPLS: True IMPLD: False V: p13
IMPLS: True IMPLD: False V: (p14 & (p15 & (p16 & (p17 & (p18 & (p19 & p20))))))
IMPLS: True IMPLD: False V: p14
IMPLS: True IMPLD: False V: (p15 & (p16 & (p17 & (p18 & (p19 & p20)))))
IMPLS: True IMPLD: False V: p15
IMPLS: True IMPLD: False V: (p16 & (p17 & (p18 & (p19 & p20))))
IMPLS: True IMPLD: False V: p16
IMPLS: True IMPLD: False V: (p17 & (p18 & (p19 & p20)))
IMPLS: True IMPLD: False V: p17
IMPLS: True IMPLD: False V: (p18 & (p19 & p20))
IMPLS: True IMPLD: False V: p18
IMPLS: True IMPLD: False V: (p19 & p20)
IMPLS: True IMPLD: False V: p19
IMPLS: True IMPLD: False V: p20
IMPLS: True IMPLD: True V: p13
IMPLS: True IMPLD: True V: p14
IMPLS: True IMPLD: False V: (p1 & (p2 & (p3 & (p4 & (p5 & (p6 & (p7 & (p8 & (p9 & (p10 & (p11 & (p12 & (p13 & (p14 & (p15 & (p16 & (p17 & (p18 & (p19 & p20)))))))))))))))))))
IMPLS: True IMPLD: False V: p1
IMPLS: True IMPLD: False V: (p2 & (p3 & (p4 & (p5 & (p6 & (p7 & (p8 & (p9 & (p10 & (p11 & (p12 & (p13 & (p14 & (p15 & (p16 & (p17 & (p18 & (p19 & p20))))))))))))))))))
IMPLS: True IMPLD: False V: p2
IMPLS: True IMPLD: False V: (p3 & (p4 & (p5 & (p6 & (p7 & (p8 & (p9 & (p10 & (p11 & (p12 & (p13 & (p14 & (p15 & (p16 & (p17 & (p18 & (p19 & p20)))))))))))))))))
IMPLS: True IMPLD: False V: p3
IMPLS: True IMPLD: False V: (p4 & (p5 & (p6 & (p7 & (p8 & (p9 & (p10 & (p11 & (p12 & (p13 & (p14 & (p15 & (p16 & (p17 & (p18 & (p19 & p20))))))))))))))))
IMPLS: True IMPLD: False V: p4
IMPLS: True IMPLD: False V: (p5 & (p6 & (p7 & (p8 & (p9 & (p10 & (p11 & (p12 & (p13 & (p14 & (p15 & (p16 & (p17 & (p18 & (p19 & p20)))))))))))))))
IMPLS: True IMPLD: False V: p5
IMPLS: True IMPLD: False V: (p6 & (p7 & (p8 & (p9 & (p10 & (p11 & (p12 & (p13 & (p14 & (p15 & (p16 & (p17 & (p18 & (p19 & p20))))))))))))))
IMPLS: True IMPLD: False V: p6
IMPLS: True IMPLD: False V: (p7 & (p8 & (p9 & (p10 & (p11 & (p12 & (p13 & (p14 & (p15 & (p16 & (p17 & (p18 & (p19 & p20)))))))))))))
IMPLS: True IMPLD: False V: p7
IMPLS: True IMPLD: False V: (p8 & (p9 & (p10 & (p11 & (p12 & (p13 & (p14 & (p15 & (p16 & (p17 & (p18 & (p19 & p20))))))))))))
IMPLS: True IMPLD: False V: p8
IMPLS: True IMPLD: False V: (p9 & (p10 & (p11 & (p12 & (p13 & (p14 & (p15 & (p16 & (p17 & (p18 & (p19 & p20)))))))))))
IMPLS: True IMPLD: False V: p9
IMPLS: True IMPLD: False V: (p10 & (p11 & (p12 & (p13 & (p14 & (p15 & (p16 & (p17 & (p18 & (p19 & p20))))))))))
IMPLS: True IMPLD: False V: p10
IMPLS: True IMPLD: False V: (p11 & (p12 & (p13 & (p14 & (p15 & (p16 & (p17 & (p18 & (p19 & p20)))))))))
IMPLS: True IMPLD: False V: p11
IMPLS: True IMPLD: False V: (p12 & (p13 & (p14 & (p15 & (p16 & (p17 & (p18 & (p19 & p20))))))))
IMPLS: True IMPLD: False V: p12
IMPLS: True IMPLD: False V: (p13 & (p14 & (p15 & (p16 & (p17 & (p18 & (p19 & p20)))))))
IMPLS: True IMPLD: False V: p13
IMPLS: True IMPLD: False V: (p14 & (p15 & (p16 & (p17 & (p18 & (p19 & p20))))))
IMPLS: True IMPLD: False V: p14
IMPLS: True IMPLD: False V: (p15 & (p16 & (p17 & (p18 & (p19 & p20)))))
IMPLS: True IMPLD: False V: p15
IMPLS: True IMPLD: False V: (p16 & (p17 & (p18 & (p19 & p20))))
IMPLS: True IMPLD: False V: p16
IMPLS: True IMPLD: False V: (p17 & (p18 & (p19 & p20)))
IMPLS: True IMPLD: False V: p17
IMPLS: True IMPLD: False V: (p18 & (p19 & p20))
IMPLS: True IMPLD: False V: p18
IMPLS: True IMPLD: False V: (p19 & p20)
IMPLS: True IMPLD: False V: p19
IMPLS: True IMPLD: False V: p20
IMPLS: True IMPLD: True V: p14
IMPLS: True IMPLD: True V: p15
IMPLS: True IMPLD: False V: (p1 & (p2 & (p3 & (p4 & (p5 & (p6 & (p7 & (p8 & (p9 & (p10 & (p11 & (p12 & (p13 & (p14 & (p15 & (p16 & (p17 & (p18 & (p19 & p20)))))))))))))))))))
IMPLS: True IMPLD: False V: p1
IMPLS: True IMPLD: False V: (p2 & (p3 & (p4 & (p5 & (p6 & (p7 & (p8 & (p9 & (p10 & (p11 & (p12 & (p13 & (p14 & (p15 & (p16 & (p17 & (p18 & (p19 & p20))))))))))))))))))
IMPLS: True IMPLD: False V: p2
IMPLS: True IMPLD: False V: (p3 & (p4 & (p5 & (p6 & (p7 & (p8 & (p9 & (p10 & (p11 & (p12 & (p13 & (p14 & (p15 & (p16 & (p17 & (p18 & (p19 & p20)))))))))))))))))
IMPLS: True IMPLD: False V: p3
IMPLS: True IMPLD: False V: (p4 & (p5 & (p6 & (p7 & (p8 & (p9 & (p10 & (p11 & (p12 & (p13 & (p14 & (p15 & (p16 & (p17 & (p18 & (p19 & p20))))))))))))))))
IMPLS: True IMPLD: False V: p4
IMPLS: True IMPLD: False V: (p5 & (p6 & (p7 & (p8 & (p9 & (p10 & (p11 & (p12 & (p13 & (p14 & (p15 & (p16 & (p17 & (p18 & (p19 & p20)))))))))))))))
IMPLS: True IMPLD: False V: p5
IMPLS: True IMPLD: False V: (p6 & (p7 & (p8 & (p9 & (p10 & (p11 & (p12 & (p13 & (p14 & (p15 & (p16 & (p17 & (p18 & (p19 & p20))))))))))))))
IMPLS: True IMPLD: False V: p6
IMPLS: True IMPLD: False V: (p7 & (p8 & (p9 & (p10 & (p11 & (p12 & (p13 & (p14 & (p15 & (p16 & (p17 & (p18 & (p19 & p20)))))))))))))
IMPLS: True IMPLD: False V: p7
IMPLS: True IMPLD: False V: (p8 & (p9 & (p10 & (p11 & (p12 & (p13 & (p14 & (p15 & (p16 & (p17 & (p18 & (p19 & p20))))))))))))
IMPLS: True IMPLD: False V: p8
IMPLS: True IMPLD: False V: (p9 & (p10 & (p11 & (p12 & (p13 & (p14 & (p15 & (p16 & (p17 & (p18 & (p19 & p20)))))))))))
IMPLS: True IMPLD: False V: p9
IMPLS: True IMPLD: False V: (p10 & (p11 & (p12 & (p13 & (p14 & (p15 & (p16 & (p17 & (p18 & (p19 & p20))))))))))
IMPLS: True IMPLD: False V: p10
IMPLS: True IMPLD: False V: (p11 & (p12 & (p13 & (p14 & (p15 & (p16 & (p17 & (p18 & (p19 & p20)))))))))
IMPLS: True IMPLD: False V: p11
IMPLS: True IMPLD: False V: (p12 & (p13 & (p14 & (p15 & (p16 & (p17 & (p18 & (p19 & p20))))))))
IMPLS: True IMPLD: False V: p12
IMPLS: True IMPLD: False V: (p13 & (p14 & (p15 & (p16 & (p17 & (p18 & (p19 & p20)))))))
IMPLS: True IMPLD: False V: p13
IMPLS: True IMPLD: False V: (p14 & (p15 & (p16 & (p17 & (p18 & (p19 & p20))))))
IMPLS: True IMPLD: False V: p14
IMPLS: True IMPLD: False V: (p15 & (p16 & (p17 & (p18 & (p19 & p20)))))
IMPLS: True IMPLD: False V: p15
IMPLS: True IMPLD: False V: (p16 & (p17 & (p18 & (p19 & p20))))
IMPLS: True IMPLD: False V: p16
IMPLS: True IMPLD: False V: (p17 & (p18 & (p19 & p20)))
IMPLS: True IMPLD: False V: p17
IMPLS: True IMPLD: False V: (p18 & (p19 & p20))
IMPLS: True IMPLD: False V: p18
IMPLS: True IMPLD: False V: (p19 & p20)
IMPLS: True IMPLD: False V: p19
IMPLS: True IMPLD: False V: p20
IMPLS: True IMPLD: True V: p15
IMPLS: True IMPLD: True V: p16
IMPLS: True IMPLD: False V: (p1 & (p2 & (p3 & (p4 & (p5 & (p6 & (p7 & (p8 & (p9 & (p10 & (p11 & (p12 & (p13 & (p14 & (p15 & (p16 & (p17 & (p18 & (p19 & p20)))))))))))))))))))
IMPLS: True IMPLD: False V: p1
IMPLS: True IMPLD: False V: (p2 & (p3 & (p4 & (p5 & (p6 & (p7 & (p8 & (p9 & (p10 & (p11 & (p12 & (p13 & (p14 & (p15 & (p16 & (p17 & (p18 & (p19 & p20))))))))))))))))))
IMPLS: True IMPLD: False V: p2
IMPLS: True IMPLD: False V: (p3 & (p4 & (p5 & (p6 & (p7 & (p8 & (p9 & (p10 & (p11 & (p12 & (p13 & (p14 & (p15 & (p16 & (p17 & (p18 & (p19 & p20)))))))))))))))))
IMPLS: True IMPLD: False V: p3
IMPLS: True IMPLD: False V: (p4 & (p5 & (p6 & (p7 & (p8 & (p9 & (p10 & (p11 & (p12 & (p13 & (p14 & (p15 & (p16 & (p17 & (p18 & (p19 & p20))))))))))))))))
IMPLS: True IMPLD: False V: p4
IMPLS: True IMPLD: False V: (p5 & (p6 & (p7 & (p8 & (p9 & (p10 & (p11 & (p12 & (p13 & (p14 & (p15 & (p16 & (p17 & (p18 & (p19 & p20)))))))))))))))
IMPLS: True IMPLD: False V: p5
IMPLS: True IMPLD: False V: (p6 & (p7 & (p8 & (p9 & (p10 & (p11 & (p12 & (p13 & (p14 & (p15 & (p16 & (p17 & (p18 & (p19 & p20))))))))))))))
IMPLS: True IMPLD: False V: p6
IMPLS: True IMPLD: False V: (p7 & (p8 & (p9 & (p10 & (p11 & (p12 & (p13 & (p14 & (p15 & (p16 & (p17 & (p18 & (p19 & p20)))))))))))))
IMPLS: True IMPLD: False V: p7
IMPLS: True IMPLD: False V: (p8 & (p9 & (p10 & (p11 & (p12 & (p13 & (p14 & (p15 & (p16 & (p17 & (p18 & (p19 & p20))))))))))))
IMPLS: True IMPLD: False V: p8
IMPLS: True IMPLD: False V: (p9 & (p10 & (p11 & (p12 & (p13 & (p14 & (p15 & (p16 & (p17 & (p18 & (p19 & p20)))))))))))
IMPLS: True IMPLD: False V: p9
IMPLS: True IMPLD: False V: (p10 & (p11 & (p12 & (p13 & (p14 & (p15 & (p16 & (p17 & (p18 & (p19 & p20))))))))))
IMPLS: True IMPLD: False V: p10
IMPLS: True IMPLD: False V: (p11 & (p12 & (p13 & (p14 & (p15 & (p16 & (p17 & (p18 & (p19 & p20)))))))))
IMPLS: True IMPLD: False V: p11
IMPLS: True IMPLD: False V: (p12 & (p13 & (p14 & (p15 & (p16 & (p17 & (p18 & (p19 & p20))))))))
IMPLS: True IMPLD: False V: p12
IMPLS: True IMPLD: False V: (p13 & (p14 & (p15 & (p16 & (p17 & (p18 & (p19 & p20)))))))
IMPLS: True IMPLD: False V: p13
IMPLS: True IMPLD: False V: (p14 & (p15 & (p16 & (p17 & (p18 & (p19 & p20))))))
IMPLS: True IMPLD: False V: p14
IMPLS: True IMPLD: False V: (p15 & (p16 & (p17 & (p18 & (p19 & p20)))))
IMPLS: True IMPLD: False V: p15
IMPLS: True IMPLD: False V: (p16 & (p17 & (p18 & (p19 & p20))))
IMPLS: True IMPLD: False V: p16
IMPLS: True IMPLD: False V: (p17 & (p18 & (p19 & p20)))
IMPLS: True IMPLD: False V: p17
IMPLS: True IMPLD: False V: (p18 & (p19 & p20))
IMPLS: True IMPLD: False V: p18
IMPLS: True IMPLD: False V: (p19 & p20)
IMPLS: True IMPLD: False V: p19
IMPLS: True IMPLD: False V: p20
IMPLS: True IMPLD: True V: p16
IMPLS: True IMPLD: True V: p17
IMPLS: True IMPLD: False V: (p1 & (p2 & (p3 & (p4 & (p5 & (p6 & (p7 & (p8 & (p9 & (p10 & (p11 & (p12 & (p13 & (p14 & (p15 & (p16 & (p17 & (p18 & (p19 & p20)))))))))))))))))))
IMPLS: True IMPLD: False V: p1
IMPLS: True IMPLD: False V: (p2 & (p3 & (p4 & (p5 & (p6 & (p7 & (p8 & (p9 & (p10 & (p11 & (p12 & (p13 & (p14 & (p15 & (p16 & (p17 & (p18 & (p19 & p20))))))))))))))))))
IMPLS: True IMPLD: False V: p2
IMPLS: True IMPLD: False V: (p3 & (p4 & (p5 & (p6 & (p7 & (p8 & (p9 & (p10 & (p11 & (p12 & (p13 & (p14 & (p15 & (p16 & (p17 & (p18 & (p19 & p20)))))))))))))))))
IMPLS: True IMPLD: False V: p3
IMPLS: True IMPLD: False V: (p4 & (p5 & (p6 & (p7 & (p8 & (p9 & (p10 & (p11 & (p12 & (p13 & (p14 & (p15 & (p16 & (p17 & (p18 & (p19 & p20))))))))))))))))
IMPLS: True IMPLD: False V: p4
IMPLS: True IMPLD: False V: (p5 & (p6 & (p7 & (p8 & (p9 & (p10 & (p11 & (p12 & (p13 & (p14 & (p15 & (p16 & (p17 & (p18 & (p19 & p20)))))))))))))))
IMPLS: True IMPLD: False V: p5
IMPLS: True IMPLD: False V: (p6 & (p7 & (p8 & (p9 & (p10 & (p11 & (p12 & (p13 & (p14 & (p15 & (p16 & (p17 & (p18 & (p19 & p20))))))))))))))
IMPLS: True IMPLD: False V: p6
IMPLS: True IMPLD: False V: (p7 & (p8 & (p9 & (p10 & (p11 & (p12 & (p13 & (p14 & (p15 & (p16 & (p17 & (p18 & (p19 & p20)))))))))))))
IMPLS: True IMPLD: False V: p7
IMPLS: True IMPLD: False V: (p8 & (p9 & (p10 & (p11 & (p12 & (p13 & (p14 & (p15 & (p16 & (p17 & (p18 & (p19 & p20))))))))))))
IMPLS: True IMPLD: False V: p8
IMPLS: True IMPLD: False V: (p9 & (p10 & (p11 & (p12 & (p13 & (p14 & (p15 & (p16 & (p17 & (p18 & (p19 & p20)))))))))))
IMPLS: True IMPLD: False V: p9
IMPLS: True IMPLD: False V: (p10 & (p11 & (p12 & (p13 & (p14 & (p15 & (p16 & (p17 & (p18 & (p19 & p20))))))))))
IMPLS: True IMPLD: False V: p10
IMPLS: True IMPLD: False V: (p11 & (p12 & (p13 & (p14 & (p15 & (p16 & (p17 & (p18 & (p19 & p20)))))))))
IMPLS: True IMPLD: False V: p11
IMPLS: True IMPLD: False V: (p12 & (p13 & (p14 & (p15 & (p16 & (p17 & (p18 & (p19 & p20))))))))
IMPLS: True IMPLD: False V: p12
IMPLS: True IMPLD: False V: (p13 & (p14 & (p15 & (p16 & (p17 & (p18 & (p19 & p20)))))))
IMPLS: True IMPLD: False V: p13
IMPLS: True IMPLD: False V: (p14 & (p15 & (p16 & (p17 & (p18 & (p19 & p20))))))
IMPLS: True IMPLD: False V: p14
IMPLS: True IMPLD: False V: (p15 & (p16 & (p17 & (p18 & (p19 & p20)))))
IMPLS: True IMPLD: False V: p15
IMPLS: True IMPLD: False V: (p16 & (p17 & (p18 & (p19 & p20))))
IMPLS: True IMPLD: False V: p16
IMPLS: True IMPLD: False V: (p17 & (p18 & (p19 & p20)))
IMPLS: True IMPLD: False V: p17
IMPLS: True IMPLD: False V: (p18 & (p19 & p20))
IMPLS: True IMPLD: False V: p18
IMPLS: True IMPLD: False V: (p19 & p20)
IMPLS: True IMPLD: False V: p19
IMPLS: True IMPLD: False V: p20
IMPLS: True IMPLD: True V: p17
IMPLS: True IMPLD: True V: p18
IMPLS: True IMPLD: False V: (p1 & (p2 & (p3 & (p4 & (p5 & (p6 & (p7 & (p8 & (p9 & (p10 & (p11 & (p12 & (p13 & (p14 & (p15 & (p16 & (p17 & (p18 & (p19 & p20)))))))))))))))))))
IMPLS: True IMPLD: False V: p1
IMPLS: True IMPLD: False V: (p2 & (p3 & (p4 & (p5 & (p6 & (p7 & (p8 & (p9 & (p10 & (p11 & (p12 & (p13 & (p14 & (p15 & (p16 & (p17 & (p18 & (p19 & p20))))))))))))))))))
IMPLS: True IMPLD: False V: p2
IMPLS: True IMPLD: False V: (p3 & (p4 & (p5 & (p6 & (p7 & (p8 & (p9 & (p10 & (p11 & (p12 & (p13 & (p14 & (p15 & (p16 & (p17 & (p18 & (p19 & p20)))))))))))))))))
IMPLS: True IMPLD: False V: p3
IMPLS: True IMPLD: False V: (p4 & (p5 & (p6 & (p7 & (p8 & (p9 & (p10 & (p11 & (p12 & (p13 & (p14 & (p15 & (p16 & (p17 & (p18 & (p19 & p20))))))))))))))))
IMPLS: True IMPLD: False V: p4
IMPLS: True IMPLD: False V: (p5 & (p6 & (p7 & (p8 & (p9 & (p10 & (p11 & (p12 & (p13 & (p14 & (p15 & (p16 & (p17 & (p18 & (p19 & p20)))))))))))))))
IMPLS: True IMPLD: False V: p5
IMPLS: True IMPLD: False V: (p6 & (p7 & (p8 & (p9 & (p10 & (p11 & (p12 & (p13 & (p14 & (p15 & (p16 & (p17 & (p18 & (p19 & p20))))))))))))))
IMPLS: True IMPLD: False V: p6
IMPLS: True IMPLD: False V: (p7 & (p8 & (p9 & (p10 & (p11 & (p12 & (p13 & (p14 & (p15 & (p16 & (p17 & (p18 & (p19 & p20)))))))))))))
IMPLS: True IMPLD: False V: p7
IMPLS: True IMPLD: False V: (p8 & (p9 & (p10 & (p11 & (p12 & (p13 & (p14 & (p15 & (p16 & (p17 & (p18 & (p19 & p20))))))))))))
IMPLS: True IMPLD: False V: p8
IMPLS: True IMPLD: False V: (p9 & (p10 & (p11 & (p12 & (p13 & (p14 & (p15 & (p16 & (p17 & (p18 & (p19 & p20)))))))))))
IMPLS: True IMPLD: False V: p9
IMPLS: True IMPLD: False V: (p10 & (p11 & (p12 & (p13 & (p14 & (p15 & (p16 & (p17 & (p18 & (p19 & p20))))))))))
IMPLS: True IMPLD: False V: p10
IMPLS: True IMPLD: False V: (p11 & (p12 & (p13 & (p14 & (p15 & (p16 & (p17 & (p18 & (p19 & p20)))))))))
IMPLS: True IMPLD: False V: p11
IMPLS: True IMPLD: False V: (p12 & (p13 & (p14 & (p15 & (p16 & (p17 & (p18 & (p19 & p20))))))))
IMPLS: True IMPLD: False V: p12
IMPLS: True IMPLD: False V: (p13 & (p14 & (p15 & (p16 & (p17 & (p18 & (p19 & p20)))))))
IMPLS: True IMPLD: False V: p13
IMPLS: True IMPLD: False V: (p14 & (p15 & (p16 & (p17 & (p18 & (p19 & p20))))))
IMPLS: True IMPLD: False V: p14
IMPLS: True IMPLD: False V: (p15 & (p16 & (p17 & (p18 & (p19 & p20)))))
IMPLS: True IMPLD: False V: p15
IMPLS: True IMPLD: False V: (p16 & (p17 & (p18 & (p19 & p20))))
IMPLS: True IMPLD: False V: p16
IMPLS: True IMPLD: False V: (p17 & (p18 & (p19 & p20)))
IMPLS: True IMPLD: False V: p17
IMPLS: True IMPLD: False V: (p18 & (p19 & p20))
IMPLS: True IMPLD: False V: p18
IMPLS: True IMPLD: False V: (p19 & p20)
IMPLS: True IMPLD: False V: p19
IMPLS: True IMPLD: False V: p20
IMPLS: True IMPLD: True V: p18
IMPLS: True IMPLD: True V: p19
IMPLS: True IMPLD: False V: (p1 & (p2 & (p3 & (p4 & (p5 & (p6 & (p7 & (p8 & (p9 & (p10 & (p11 & (p12 & (p13 & (p14 & (p15 & (p16 & (p17 & (p18 & (p19 & p20)))))))))))))))))))
IMPLS: True IMPLD: False V: p1
IMPLS: True IMPLD: False V: (p2 & (p3 & (p4 & (p5 & (p6 & (p7 & (p8 & (p9 & (p10 & (p11 & (p12 & (p13 & (p14 & (p15 & (p16 & (p17 & (p18 & (p19 & p20))))))))))))))))))
IMPLS: True IMPLD: False V: p2
IMPLS: True IMPLD: False V: (p3 & (p4 & (p5 & (p6 & (p7 & (p8 & (p9 & (p10 & (p11 & (p12 & (p13 & (p14 & (p15 & (p16 & (p17 & (p18 & (p19 & p20)))))))))))))))))
IMPLS: True IMPLD: False V: p3
IMPLS: True IMPLD: False V: (p4 & (p5 & (p6 & (p7 & (p8 & (p9 & (p10 & (p11 & (p12 & (p13 & (p14 & (p15 & (p16 & (p17 & (p18 & (p19 & p20))))))))))))))))
IMPLS: True IMPLD: False V: p4
IMPLS: True IMPLD: False V: (p5 & (p6 & (p7 & (p8 & (p9 & (p10 & (p11 & (p12 & (p13 & (p14 & (p15 & (p16 & (p17 & (p18 & (p19 & p20)))))))))))))))
IMPLS: True IMPLD: False V: p5
IMPLS: True IMPLD: False V: (p6 & (p7 & (p8 & (p9 & (p10 & (p11 & (p12 & (p13 & (p14 & (p15 & (p16 & (p17 & (p18 & (p19 & p20))))))))))))))
IMPLS: True IMPLD: False V: p6
IMPLS: True IMPLD: False V: (p7 & (p8 & (p9 & (p10 & (p11 & (p12 & (p13 & (p14 & (p15 & (p16 & (p17 & (p18 & (p19 & p20)))))))))))))
IMPLS: True IMPLD: False V: p7
IMPLS: True IMPLD: False V: (p8 & (p9 & (p10 & (p11 & (p12 & (p13 & (p14 & (p15 & (p16 & (p17 & (p18 & (p19 & p20))))))))))))
IMPLS: True IMPLD: False V: p8
IMPLS: True IMPLD: False V: (p9 & (p10 & (p11 & (p12 & (p13 & (p14 & (p15 & (p16 & (p17 & (p18 & (p19 & p20)))))))))))
IMPLS: True IMPLD: False V: p9
IMPLS: True IMPLD: False V: (p10 & (p11 & (p12 & (p13 & (p14 & (p15 & (p16 & (p17 & (p18 & (p19 & p20))))))))))
IMPLS: True IMPLD: False V: p10
IMPLS: True IMPLD: False V: (p11 & (p12 & (p13 & (p14 & (p15 & (p16 & (p17 & (p18 & (p19 & p20)))))))))
IMPLS: True IMPLD: False V: p11
IMPLS: True IMPLD: False V: (p12 & (p13 & (p14 & (p15 & (p16 & (p17 & (p18 & (p19 & p20))))))))
IMPLS: True IMPLD: False V: p12
IMPLS: True IMPLD: False V: (p13 & (p14 & (p15 & (p16 & (p17 & (p18 & (p19 & p20)))))))
IMPLS: True IMPLD: False V: p13
IMPLS: True IMPLD: False V: (p14 & (p15 & (p16 & (p17 & (p18 & (p19 & p20))))))
IMPLS: True IMPLD: False V: p14
IMPLS: True IMPLD: False V: (p15 & (p16 & (p17 & (p18 & (p19 & p20)))))
IMPLS: True IMPLD: False V: p15
IMPLS: True IMPLD: False V: (p16 & (p17 & (p18 & (p19 & p20))))
IMPLS: True IMPLD: False V: p16
IMPLS: True IMPLD: False V: (p17 & (p18 & (p19 & p20)))
IMPLS: True IMPLD: False V: p17
IMPLS: True IMPLD: False V: (p18 & (p19 & p20))
IMPLS: True IMPLD: False V: p18
IMPLS: True IMPLD: False V: (p19 & p20)
IMPLS: True IMPLD: False V: p19
IMPLS: True IMPLD: False V: p20
IMPLS: True IMPLD: True V: p19
IMPLS: True IMPLD: True V: p20
IMPLS: True IMPLD: False V: (p1 & (p2 & (p3 & (p4 & (p5 & (p6 & (p7 & (p8 & (p9 & (p10 & (p11 & (p12 & (p13 & (p14 & (p15 & (p16 & (p17 & (p18 & (p19 & p20)))))))))))))))))))
IMPLS: True IMPLD: False V: p1
IMPLS: True IMPLD: False V: (p2 & (p3 & (p4 & (p5 & (p6 & (p7 & (p8 & (p9 & (p10 & (p11 & (p12 & (p13 & (p14 & (p15 & (p16 & (p17 & (p18 & (p19 & p20))))))))))))))))))
IMPLS: True IMPLD: False V: p2
IMPLS: True IMPLD: False V: (p3 & (p4 & (p5 & (p6 & (p7 & (p8 & (p9 & (p10 & (p11 & (p12 & (p13 & (p14 & (p15 & (p16 & (p17 & (p18 & (p19 & p20)))))))))))))))))
IMPLS: True IMPLD: False V: p3
IMPLS: True IMPLD: False V: (p4 & (p5 & (p6 & (p7 & (p8 & (p9 & (p10 & (p11 & (p12 & (p13 & (p14 & (p15 & (p16 & (p17 & (p18 & (p19 & p20))))))))))))))))
IMPLS: True IMPLD: False V: p4
IMPLS: True IMPLD: False V: (p5 & (p6 & (p7 & (p8 & (p9 & (p10 & (p11 & (p12 & (p13 & (p14 & (p15 & (p16 & (p17 & (p18 & (p19 & p20)))))))))))))))
IMPLS: True IMPLD: False V: p5
IMPLS: True IMPLD: False V: (p6 & (p7 & (p8 & (p9 & (p10 & (p11 & (p12 & (p13 & (p14 & (p15 & (p16 & (p17 & (p18 & (p19 & p20))))))))))))))
IMPLS: True IMPLD: False V: p6
IMPLS: True IMPLD: False V: (p7 & (p8 & (p9 & (p10 & (p11 & (p12 & (p13 & (p14 & (p15 & (p16 & (p17 & (p18 & (p19 & p20)))))))))))))
IMPLS: True IMPLD: False V: p7
IMPLS: True IMPLD: False V: (p8 & (p9 & (p10 & (p11 & (p12 & (p13 & (p14 & (p15 & (p16 & (p17 & (p18 & (p19 & p20))))))))))))
IMPLS: True IMPLD: False V: p8
IMPLS: True IMPLD: False V: (p9 & (p10 & (p11 & (p12 & (p13 & (p14 & (p15 & (p16 & (p17 & (p18 & (p19 & p20)))))))))))
IMPLS: True IMPLD: False V: p9
IMPLS: True IMPLD: False V: (p10 & (p11 & (p12 & (p13 & (p14 & (p15 & (p16 & (p17 & (p18 & (p19 & p20))))))))))
IMPLS: True IMPLD: False V: p10
IMPLS: True IMPLD: False V: (p11 & (p12 & (p13 & (p14 & (p15 & (p16 & (p17 & (p18 & (p19 & p20)))))))))
IMPLS: True IMPLD: False V: p11
IMPLS: True IMPLD: False V: (p12 & (p13 & (p14 & (p15 & (p16 & (p17 & (p18 & (p19 & p20))))))))
IMPLS: True IMPLD: False V: p12
IMPLS: True IMPLD: False V: (p13 & (p14 & (p15 & (p16 & (p17 & (p18 & (p19 & p20)))))))
IMPLS: True IMPLD: False V: p13
IMPLS: True IMPLD: False V: (p14 & (p15 & (p16 & (p17 & (p18 & (p19 & p20))))))
IMPLS: True IMPLD: False V: p14
IMPLS: True IMPLD: False V: (p15 & (p16 & (p17 & (p18 & (p19 & p20)))))
IMPLS: True IMPLD: False V: p15
IMPLS: True IMPLD: False V: (p16 & (p17 & (p18 & (p19 & p20))))
IMPLS: True IMPLD: False V: p16
IMPLS: True IMPLD: False V: (p17 & (p18 & (p19 & p20)))
IMPLS: True IMPLD: False V: p17
IMPLS: True IMPLD: False V: (p18 & (p19 & p20))
IMPLS: True IMPLD: False V: p18
IMPLS: True IMPLD: False V: (p19 & p20)
IMPLS: True IMPLD: False V: p19
IMPLS: True IMPLD: False V: p20
IMPLS: True IMPLD: True V: p20
IMPLS: True IMPLD: True V: p1
IMPLS: True IMPLD: False V: (p1 & (p2 & (p3 & (p4 & (p5 & (p6 & (p7 & (p8 & (p9 & (p10 & (p11 & (p12 & (p13 & (p14 & (p15 & (p16 & (p17 & (p18 & (p19 & p20)))))))))))))))))))
IMPLS: True IMPLD: False V: p1
IMPLS: True IMPLD: False V: (p2 & (p3 & (p4 & (p5 & (p6 & (p7 & (p8 & (p9 & (p10 & (p11 & (p12 & (p13 & (p14 & (p15 & (p16 & (p17 & (p18 & (p19 & p20))))))))))))))))))
IMPLS: True IMPLD: False V: p2
IMPLS: True IMPLD: False V: (p3 & (p4 & (p5 & (p6 & (p7 & (p8 & (p9 & (p10 & (p11 & (p12 & (p13 & (p14 & (p15 & (p16 & (p17 & (p18 & (p19 & p20)))))))))))))))))
IMPLS: True IMPLD: False V: p3
IMPLS: True IMPLD: False V: (p4 & (p5 & (p6 & (p7 & (p8 & (p9 & (p10 & (p11 & (p12 & (p13 & (p14 & (p15 & (p16 & (p17 & (p18 & (p19 & p20))))))))))))))))
IMPLS: True IMPLD: False V: p4
IMPLS: True IMPLD: False V: (p5 & (p6 & (p7 & (p8 & (p9 & (p10 & (p11 & (p12 & (p13 & (p14 & (p15 & (p16 & (p17 & (p18 & (p19 & p20)))))))))))))))
IMPLS: True IMPLD: False V: p5
IMPLS: True IMPLD: False V: (p6 & (p7 & (p8 & (p9 & (p10 & (p11 & (p12 & (p13 & (p14 & (p15 & (p16 & (p17 & (p18 & (p19 & p20))))))))))))))
IMPLS: True IMPLD: False V: p6
IMPLS: True IMPLD: False V: (p7 & (p8 & (p9 & (p10 & (p11 & (p12 & (p13 & (p14 & (p15 & (p16 & (p17 & (p18 & (p19 & p20)))))))))))))
IMPLS: True IMPLD: False V: p7
IMPLS: True IMPLD: False V: (p8 & (p9 & (p10 & (p11 & (p12 & (p13 & (p14 & (p15 & (p16 & (p17 & (p18 & (p19 & p20))))))))))))
IMPLS: True IMPLD: False V: p8
IMPLS: True IMPLD: False V: (p9 & (p10 & (p11 & (p12 & (p13 & (p14 & (p15 & (p16 & (p17 & (p18 & (p19 & p20)))))))))))
IMPLS: True IMPLD: False V: p9
IMPLS: True IMPLD: False V: (p10 & (p11 & (p12 & (p13 & (p14 & (p15 & (p16 & (p17 & (p18 & (p19 & p20))))))))))
IMPLS: True IMPLD: False V: p10
IMPLS: True IMPLD: False V: (p11 & (p12 & (p13 & (p14 & (p15 & (p16 & (p17 & (p18 & (p19 & p20)))))))))
IMPLS: True IMPLD: False V: p11
IMPLS: True IMPLD: False V: (p12 & (p13 & (p14 & (p15 & (p16 & (p17 & (p18 & (p19 & p20))))))))
IMPLS: True IMPLD: False V: p12
IMPLS: True IMPLD: False V: (p13 & (p14 & (p15 & (p16 & (p17 & (p18 & (p19 & p20)))))))
IMPLS: True IMPLD: False V: p13
IMPLS: True IMPLD: False V: (p14 & (p15 & (p16 & (p17 & (p18 & (p19 & p20))))))
IMPLS: True IMPLD: False V: p14
IMPLS: True IMPLD: False V: (p15 & (p16 & (p17 & (p18 & (p19 & p20)))))
IMPLS: True IMPLD: False V: p15
IMPLS: True IMPLD: False V: (p16 & (p17 & (p18 & (p19 & p20))))
IMPLS: True IMPLD: False V: p16
IMPLS: True IMPLD: False V: (p17 & (p18 & (p19 & p20)))
IMPLS: True IMPLD: False V: p17
IMPLS: True IMPLD: False V: (p18 & (p19 & p20))
IMPLS: True IMPLD: False V: p18
IMPLS: True IMPLD: False V: (p19 & p20)
IMPLS: True IMPLD: False V: p19
IMPLS: True IMPLD: False V: p20
IMPLS: False IMPLD: True V: p1
IMPLS: False IMPLD: True V: p2
IMPLS: False IMPLD: True V: p3
IMPLS: False IMPLD: True V: p4
IMPLS: False IMPLD: True V: p5
IMPLS: False IMPLD: True V: p6
IMPLS: False IMPLD: True V: p7
IMPLS: False IMPLD: True V: p8
IMPLS: False IMPLD: True V: p9
IMPLS: False IMPLD: True V: p10
IMPLS: False IMPLD: True V: p11
IMPLS: False IMPLD: True V: p12
IMPLS: False IMPLD: True V: p13
IMPLS: False IMPLD: True V: p14
IMPLS: False IMPLD: True V: p15
IMPLS: False IMPLD: True V: p16
IMPLS: False IMPLD: True V: p17
IMPLS: False IMPLD: True V: p18
IMPLS: False IMPLD: True V: p19
IMPLS: False IMPLD: True V: p20
IMPLS: True IMPLD: False V: $goal
IMPLS: True IMPLD: False V: p0
IMPLS: False IMPLD: True V: $false
IMPLS: True IMPLD: False V: $goal
+++ Reading file '"benchmarks/syj207/intuitr-formulas/syj207-n10.p"'...
+++ Clausification...
[((p1 <=> p2) => (p1 & (p2 & (p3 & (p4 & (p5 & (p6 & (p7 & (p8 & (p9 & (p10 & (p11 & (p12 & (p13 & (p14 & (p15 & (p16 & (p17 & (p18 & (p19 & p20)))))))))))))))))))),((p2 <=> p3) => (p1 & (p2 & (p3 & (p4 & (p5 & (p6 & (p7 & (p8 & (p9 & (p10 & (p11 & (p12 & (p13 & (p14 & (p15 & (p16 & (p17 & (p18 & (p19 & p20)))))))))))))))))))),((p3 <=> p4) => (p1 & (p2 & (p3 & (p4 & (p5 & (p6 & (p7 & (p8 & (p9 & (p10 & (p11 & (p12 & (p13 & (p14 & (p15 & (p16 & (p17 & (p18 & (p19 & p20)))))))))))))))))))),((p4 <=> p5) => (p1 & (p2 & (p3 & (p4 & (p5 & (p6 & (p7 & (p8 & (p9 & (p10 & (p11 & (p12 & (p13 & (p14 & (p15 & (p16 & (p17 & (p18 & (p19 & p20)))))))))))))))))))),((p5 <=> p6) => (p1 & (p2 & (p3 & (p4 & (p5 & (p6 & (p7 & (p8 & (p9 & (p10 & (p11 & (p12 & (p13 & (p14 & (p15 & (p16 & (p17 & (p18 & (p19 & p20)))))))))))))))))))),((p6 <=> p7) => (p1 & (p2 & (p3 & (p4 & (p5 & (p6 & (p7 & (p8 & (p9 & (p10 & (p11 & (p12 & (p13 & (p14 & (p15 & (p16 & (p17 & (p18 & (p19 & p20)))))))))))))))))))),((p7 <=> p8) => (p1 & (p2 & (p3 & (p4 & (p5 & (p6 & (p7 & (p8 & (p9 & (p10 & (p11 & (p12 & (p13 & (p14 & (p15 & (p16 & (p17 & (p18 & (p19 & p20)))))))))))))))))))),((p8 <=> p9) => (p1 & (p2 & (p3 & (p4 & (p5 & (p6 & (p7 & (p8 & (p9 & (p10 & (p11 & (p12 & (p13 & (p14 & (p15 & (p16 & (p17 & (p18 & (p19 & p20)))))))))))))))))))),((p9 <=> p10) => (p1 & (p2 & (p3 & (p4 & (p5 & (p6 & (p7 & (p8 & (p9 & (p10 & (p11 & (p12 & (p13 & (p14 & (p15 & (p16 & (p17 & (p18 & (p19 & p20)))))))))))))))))))),((p10 <=> p11) => (p1 & (p2 & (p3 & (p4 & (p5 & (p6 & (p7 & (p8 & (p9 & (p10 & (p11 & (p12 & (p13 & (p14 & (p15 & (p16 & (p17 & (p18 & (p19 & p20)))))))))))))))))))),((p11 <=> p12) => (p1 & (p2 & (p3 & (p4 & (p5 & (p6 & (p7 & (p8 & (p9 & (p10 & (p11 & (p12 & (p13 & (p14 & (p15 & (p16 & (p17 & (p18 & (p19 & p20)))))))))))))))))))),((p12 <=> p13) => (p1 & (p2 & (p3 & (p4 & (p5 & (p6 & (p7 & (p8 & (p9 & (p10 & (p11 & (p12 & (p13 & (p14 & (p15 & (p16 & (p17 & (p18 & (p19 & p20)))))))))))))))))))),((p13 <=> p14) => (p1 & (p2 & (p3 & (p4 & (p5 & (p6 & (p7 & (p8 & (p9 & (p10 & (p11 & (p12 & (p13 & (p14 & (p15 & (p16 & (p17 & (p18 & (p19 & p20)))))))))))))))))))),((p14 <=> p15) => (p1 & (p2 & (p3 & (p4 & (p5 & (p6 & (p7 & (p8 & (p9 & (p10 & (p11 & (p12 & (p13 & (p14 & (p15 & (p16 & (p17 & (p18 & (p19 & p20)))))))))))))))))))),((p15 <=> p16) => (p1 & (p2 & (p3 & (p4 & (p5 & (p6 & (p7 & (p8 & (p9 & (p10 & (p11 & (p12 & (p13 & (p14 & (p15 & (p16 & (p17 & (p18 & (p19 & p20)))))))))))))))))))),((p16 <=> p17) => (p1 & (p2 & (p3 & (p4 & (p5 & (p6 & (p7 & (p8 & (p9 & (p10 & (p11 & (p12 & (p13 & (p14 & (p15 & (p16 & (p17 & (p18 & (p19 & p20)))))))))))))))))))),((p17 <=> p18) => (p1 & (p2 & (p3 & (p4 & (p5 & (p6 & (p7 & (p8 & (p9 & (p10 & (p11 & (p12 & (p13 & (p14 & (p15 & (p16 & (p17 & (p18 & (p19 & p20)))))))))))))))))))),((p18 <=> p19) => (p1 & (p2 & (p3 & (p4 & (p5 & (p6 & (p7 & (p8 & (p9 & (p10 & (p11 & (p12 & (p13 & (p14 & (p15 & (p16 & (p17 & (p18 & (p19 & p20)))))))))))))))))))),((p19 <=> p20) => (p1 & (p2 & (p3 & (p4 & (p5 & (p6 & (p7 & (p8 & (p9 & (p10 & (p11 & (p12 & (p13 & (p14 & (p15 & (p16 & (p17 & (p18 & (p19 & p20)))))))))))))))))))),((p20 <=> p1) => (p1 & (p2 & (p3 & (p4 & (p5 & (p6 & (p7 & (p8 & (p9 & (p10 & (p11 & (p12 & (p13 & (p14 & (p15 & (p16 & (p17 & (p18 & (p19 & p20)))))))))))))))))))),((p0 | ((p1 & (p2 & (p3 & (p4 & (p5 & (p6 & (p7 & (p8 & (p9 & (p10 & (p11 & (p12 & (p13 & (p14 & (p15 & (p16 & (p17 & (p18 & (p19 & p20))))))))))))))))))) | (p0 => $false))) => $goal)]
([["$p1","$p2"] =>  ["$p0"],["$p3"] =>  ["p19"],["$p3"] =>  ["p20"],["$p4"] =>  ["p18"],["$p4"] =>  ["$p3"],["$p5"] =>  ["p17"],["$p5"] =>  ["$p4"],["$p6"] =>  ["p16"],["$p6"] =>  ["$p5"],["$p7"] =>  ["p15"],["$p7"] =>  ["$p6"],["$p8"] =>  ["p14"],["$p8"] =>  ["$p7"],["$p9"] =>  ["p13"],["$p9"] =>  ["$p8"],["$p10"] =>  ["p12"],["$p10"] =>  ["$p9"],["$p11"] =>  ["p11"],["$p11"] =>  ["$p10"],["$p12"] =>  ["p10"],["$p12"] =>  ["$p11"],["$p13"] =>  ["p9"],["$p13"] =>  ["$p12"],["$p14"] =>  ["p8"],["$p14"] =>  ["$p13"],["$p15"] =>  ["p7"],["$p15"] =>  ["$p14"],["$p16"] =>  ["p6"],["$p16"] =>  ["$p15"],["$p17"] =>  ["p5"],["$p17"] =>  ["$p16"],["$p18"] =>  ["p4"],["$p18"] =>  ["$p17"],["$p19"] =>  ["p3"],["$p19"] =>  ["$p18"],["$p20"] =>  ["p2"],["$p20"] =>  ["$p19"],["$p21"] =>  ["p1"],["$p21"] =>  ["$p20"],["$p0"] =>  ["$p21"],["$p23","$p24"] =>  ["$p22"],["$p22"] =>  ["$p21"],["$p26","$p27"] =>  ["$p25"],["$p25"] =>  ["$p21"],["$p29","$p30"] =>  ["$p28"],["$p28"] =>  ["$p21"],["$p32","$p33"] =>  ["$p31"],["$p31"] =>  ["$p21"],["$p35","$p36"] =>  ["$p34"],["$p34"] =>  ["$p21"],["$p38","$p39"] =>  ["$p37"],["$p37"] =>  ["$p21"],["$p41","$p42"] =>  ["$p40"],["$p40"] =>  ["$p21"],["$p44","$p45"] =>  ["$p43"],["$p43"] =>  ["$p21"],["$p47","$p48"] =>  ["$p46"],["$p46"] =>  ["$p21"],["$p50","$p51"] =>  ["$p49"],["$p49"] =>  ["$p21"],["$p53","$p54"] =>  ["$p52"],["$p52"] =>  ["$p21"],["$p56","$p57"] =>  ["$p55"],["$p55"] =>  ["$p21"],["$p59","$p60"] =>  ["$p58"],["$p58"] =>  ["$p21"],["$p62","$p63"] =>  ["$p61"],["$p61"] =>  ["$p21"],["$p65","$p66"] =>  ["$p64"],["$p64"] =>  ["$p21"],["$p68","$p69"] =>  ["$p67"],["$p67"] =>  ["$p21"],["$p71","$p72"] =>  ["$p70"],["$p70"] =>  ["$p21"],["$p74","$p75"] =>  ["$p73"],["$p73"] =>  ["$p21"],["$p77","$p78"] =>  ["$p76"],["$p76"] =>  ["$p21"],["p0"] =>  ["$goal"],["p1","p2","p3","p4","p5","p6","p7","p8","p9","p10","p11","p12","p13","p14","p15","p16","p17","p18","p19","p20"] =>  ["$goal"]],[(("p1") -> ("p2")) -> ("$p1"),(("p2") -> ("p1")) -> ("$p2"),(("p2") -> ("p3")) -> ("$p23"),(("p3") -> ("p2")) -> ("$p24"),(("p3") -> ("p4")) -> ("$p26"),(("p4") -> ("p3")) -> ("$p27"),(("p4") -> ("p5")) -> ("$p29"),(("p5") -> ("p4")) -> ("$p30"),(("p5") -> ("p6")) -> ("$p32"),(("p6") -> ("p5")) -> ("$p33"),(("p6") -> ("p7")) -> ("$p35"),(("p7") -> ("p6")) -> ("$p36"),(("p7") -> ("p8")) -> ("$p38"),(("p8") -> ("p7")) -> ("$p39"),(("p8") -> ("p9")) -> ("$p41"),(("p9") -> ("p8")) -> ("$p42"),(("p9") -> ("p10")) -> ("$p44"),(("p10") -> ("p9")) -> ("$p45"),(("p10") -> ("p11")) -> ("$p47"),(("p11") -> ("p10")) -> ("$p48"),(("p11") -> ("p12")) -> ("$p50"),(("p12") -> ("p11")) -> ("$p51"),(("p12") -> ("p13")) -> ("$p53"),(("p13") -> ("p12")) -> ("$p54"),(("p13") -> ("p14")) -> ("$p56"),(("p14") -> ("p13")) -> ("$p57"),(("p14") -> ("p15")) -> ("$p59"),(("p15") -> ("p14")) -> ("$p60"),(("p15") -> ("p16")) -> ("$p62"),(("p16") -> ("p15")) -> ("$p63"),(("p16") -> ("p17")) -> ("$p65"),(("p17") -> ("p16")) -> ("$p66"),(("p17") -> ("p18")) -> ("$p68"),(("p18") -> ("p17")) -> ("$p69"),(("p18") -> ("p19")) -> ("$p71"),(("p19") -> ("p18")) -> ("$p72"),(("p19") -> ("p20")) -> ("$p74"),(("p20") -> ("p19")) -> ("$p75"),(("p20") -> ("p1")) -> ("$p77"),(("p1") -> ("p20")) -> ("$p78"),(("p0") -> ("$false")) -> ("$goal")],"$goal")
+++ Created 120 flat clauses and 41 implication clauses
+++ Proving (intuitR, CADE 2021)
+++ RESULT: CounterSatisfiable (intuitionistically)
============================
Clausification time: 0.010 sec
Prover time: 0.002 sec
