IMPLS: True IMPLD: True V: p1
IMPLS: True IMPLD: True V: p2
IMPLS: True IMPLD: False V: (p1 & (p2 & (p3 & (p4 & (p5 & (p6 & (p7 & (p8 & (p9 & (p10 & (p11 & (p12 & (p13 & (p14 & (p15 & p16)))))))))))))))
IMPLS: True IMPLD: False V: p1
IMPLS: True IMPLD: False V: (p2 & (p3 & (p4 & (p5 & (p6 & (p7 & (p8 & (p9 & (p10 & (p11 & (p12 & (p13 & (p14 & (p15 & p16))))))))))))))
IMPLS: True IMPLD: False V: p2
IMPLS: True IMPLD: False V: (p3 & (p4 & (p5 & (p6 & (p7 & (p8 & (p9 & (p10 & (p11 & (p12 & (p13 & (p14 & (p15 & p16)))))))))))))
IMPLS: True IMPLD: False V: p3
IMPLS: True IMPLD: False V: (p4 & (p5 & (p6 & (p7 & (p8 & (p9 & (p10 & (p11 & (p12 & (p13 & (p14 & (p15 & p16))))))))))))
IMPLS: True IMPLD: False V: p4
IMPLS: True IMPLD: False V: (p5 & (p6 & (p7 & (p8 & (p9 & (p10 & (p11 & (p12 & (p13 & (p14 & (p15 & p16)))))))))))
IMPLS: True IMPLD: False V: p5
IMPLS: True IMPLD: False V: (p6 & (p7 & (p8 & (p9 & (p10 & (p11 & (p12 & (p13 & (p14 & (p15 & p16))))))))))
IMPLS: True IMPLD: False V: p6
IMPLS: True IMPLD: False V: (p7 & (p8 & (p9 & (p10 & (p11 & (p12 & (p13 & (p14 & (p15 & p16)))))))))
IMPLS: True IMPLD: False V: p7
IMPLS: True IMPLD: False V: (p8 & (p9 & (p10 & (p11 & (p12 & (p13 & (p14 & (p15 & p16))))))))
IMPLS: True IMPLD: False V: p8
IMPLS: True IMPLD: False V: (p9 & (p10 & (p11 & (p12 & (p13 & (p14 & (p15 & p16)))))))
IMPLS: True IMPLD: False V: p9
IMPLS: True IMPLD: False V: (p10 & (p11 & (p12 & (p13 & (p14 & (p15 & p16))))))
IMPLS: True IMPLD: False V: p10
IMPLS: True IMPLD: False V: (p11 & (p12 & (p13 & (p14 & (p15 & p16)))))
IMPLS: True IMPLD: False V: p11
IMPLS: True IMPLD: False V: (p12 & (p13 & (p14 & (p15 & p16))))
IMPLS: True IMPLD: False V: p12
IMPLS: True IMPLD: False V: (p13 & (p14 & (p15 & p16)))
IMPLS: True IMPLD: False V: p13
IMPLS: True IMPLD: False V: (p14 & (p15 & p16))
IMPLS: True IMPLD: False V: p14
IMPLS: True IMPLD: False V: (p15 & p16)
IMPLS: True IMPLD: False V: p15
IMPLS: True IMPLD: False V: p16
IMPLS: True IMPLD: True V: p2
IMPLS: True IMPLD: True V: p3
IMPLS: True IMPLD: False V: (p1 & (p2 & (p3 & (p4 & (p5 & (p6 & (p7 & (p8 & (p9 & (p10 & (p11 & (p12 & (p13 & (p14 & (p15 & p16)))))))))))))))
IMPLS: True IMPLD: False V: p1
IMPLS: True IMPLD: False V: (p2 & (p3 & (p4 & (p5 & (p6 & (p7 & (p8 & (p9 & (p10 & (p11 & (p12 & (p13 & (p14 & (p15 & p16))))))))))))))
IMPLS: True IMPLD: False V: p2
IMPLS: True IMPLD: False V: (p3 & (p4 & (p5 & (p6 & (p7 & (p8 & (p9 & (p10 & (p11 & (p12 & (p13 & (p14 & (p15 & p16)))))))))))))
IMPLS: True IMPLD: False V: p3
IMPLS: True IMPLD: False V: (p4 & (p5 & (p6 & (p7 & (p8 & (p9 & (p10 & (p11 & (p12 & (p13 & (p14 & (p15 & p16))))))))))))
IMPLS: True IMPLD: False V: p4
IMPLS: True IMPLD: False V: (p5 & (p6 & (p7 & (p8 & (p9 & (p10 & (p11 & (p12 & (p13 & (p14 & (p15 & p16)))))))))))
IMPLS: True IMPLD: False V: p5
IMPLS: True IMPLD: False V: (p6 & (p7 & (p8 & (p9 & (p10 & (p11 & (p12 & (p13 & (p14 & (p15 & p16))))))))))
IMPLS: True IMPLD: False V: p6
IMPLS: True IMPLD: False V: (p7 & (p8 & (p9 & (p10 & (p11 & (p12 & (p13 & (p14 & (p15 & p16)))))))))
IMPLS: True IMPLD: False V: p7
IMPLS: True IMPLD: False V: (p8 & (p9 & (p10 & (p11 & (p12 & (p13 & (p14 & (p15 & p16))))))))
IMPLS: True IMPLD: False V: p8
IMPLS: True IMPLD: False V: (p9 & (p10 & (p11 & (p12 & (p13 & (p14 & (p15 & p16)))))))
IMPLS: True IMPLD: False V: p9
IMPLS: True IMPLD: False V: (p10 & (p11 & (p12 & (p13 & (p14 & (p15 & p16))))))
IMPLS: True IMPLD: False V: p10
IMPLS: True IMPLD: False V: (p11 & (p12 & (p13 & (p14 & (p15 & p16)))))
IMPLS: True IMPLD: False V: p11
IMPLS: True IMPLD: False V: (p12 & (p13 & (p14 & (p15 & p16))))
IMPLS: True IMPLD: False V: p12
IMPLS: True IMPLD: False V: (p13 & (p14 & (p15 & p16)))
IMPLS: True IMPLD: False V: p13
IMPLS: True IMPLD: False V: (p14 & (p15 & p16))
IMPLS: True IMPLD: False V: p14
IMPLS: True IMPLD: False V: (p15 & p16)
IMPLS: True IMPLD: False V: p15
IMPLS: True IMPLD: False V: p16
IMPLS: True IMPLD: True V: p3
IMPLS: True IMPLD: True V: p4
IMPLS: True IMPLD: False V: (p1 & (p2 & (p3 & (p4 & (p5 & (p6 & (p7 & (p8 & (p9 & (p10 & (p11 & (p12 & (p13 & (p14 & (p15 & p16)))))))))))))))
IMPLS: True IMPLD: False V: p1
IMPLS: True IMPLD: False V: (p2 & (p3 & (p4 & (p5 & (p6 & (p7 & (p8 & (p9 & (p10 & (p11 & (p12 & (p13 & (p14 & (p15 & p16))))))))))))))
IMPLS: True IMPLD: False V: p2
IMPLS: True IMPLD: False V: (p3 & (p4 & (p5 & (p6 & (p7 & (p8 & (p9 & (p10 & (p11 & (p12 & (p13 & (p14 & (p15 & p16)))))))))))))
IMPLS: True IMPLD: False V: p3
IMPLS: True IMPLD: False V: (p4 & (p5 & (p6 & (p7 & (p8 & (p9 & (p10 & (p11 & (p12 & (p13 & (p14 & (p15 & p16))))))))))))
IMPLS: True IMPLD: False V: p4
IMPLS: True IMPLD: False V: (p5 & (p6 & (p7 & (p8 & (p9 & (p10 & (p11 & (p12 & (p13 & (p14 & (p15 & p16)))))))))))
IMPLS: True IMPLD: False V: p5
IMPLS: True IMPLD: False V: (p6 & (p7 & (p8 & (p9 & (p10 & (p11 & (p12 & (p13 & (p14 & (p15 & p16))))))))))
IMPLS: True IMPLD: False V: p6
IMPLS: True IMPLD: False V: (p7 & (p8 & (p9 & (p10 & (p11 & (p12 & (p13 & (p14 & (p15 & p16)))))))))
IMPLS: True IMPLD: False V: p7
IMPLS: True IMPLD: False V: (p8 & (p9 & (p10 & (p11 & (p12 & (p13 & (p14 & (p15 & p16))))))))
IMPLS: True IMPLD: False V: p8
IMPLS: True IMPLD: False V: (p9 & (p10 & (p11 & (p12 & (p13 & (p14 & (p15 & p16)))))))
IMPLS: True IMPLD: False V: p9
IMPLS: True IMPLD: False V: (p10 & (p11 & (p12 & (p13 & (p14 & (p15 & p16))))))
IMPLS: True IMPLD: False V: p10
IMPLS: True IMPLD: False V: (p11 & (p12 & (p13 & (p14 & (p15 & p16)))))
IMPLS: True IMPLD: False V: p11
IMPLS: True IMPLD: False V: (p12 & (p13 & (p14 & (p15 & p16))))
IMPLS: True IMPLD: False V: p12
IMPLS: True IMPLD: False V: (p13 & (p14 & (p15 & p16)))
IMPLS: True IMPLD: False V: p13
IMPLS: True IMPLD: False V: (p14 & (p15 & p16))
IMPLS: True IMPLD: False V: p14
IMPLS: True IMPLD: False V: (p15 & p16)
IMPLS: True IMPLD: False V: p15
IMPLS: True IMPLD: False V: p16
IMPLS: True IMPLD: True V: p4
IMPLS: True IMPLD: True V: p5
IMPLS: True IMPLD: False V: (p1 & (p2 & (p3 & (p4 & (p5 & (p6 & (p7 & (p8 & (p9 & (p10 & (p11 & (p12 & (p13 & (p14 & (p15 & p16)))))))))))))))
IMPLS: True IMPLD: False V: p1
IMPLS: True IMPLD: False V: (p2 & (p3 & (p4 & (p5 & (p6 & (p7 & (p8 & (p9 & (p10 & (p11 & (p12 & (p13 & (p14 & (p15 & p16))))))))))))))
IMPLS: True IMPLD: False V: p2
IMPLS: True IMPLD: False V: (p3 & (p4 & (p5 & (p6 & (p7 & (p8 & (p9 & (p10 & (p11 & (p12 & (p13 & (p14 & (p15 & p16)))))))))))))
IMPLS: True IMPLD: False V: p3
IMPLS: True IMPLD: False V: (p4 & (p5 & (p6 & (p7 & (p8 & (p9 & (p10 & (p11 & (p12 & (p13 & (p14 & (p15 & p16))))))))))))
IMPLS: True IMPLD: False V: p4
IMPLS: True IMPLD: False V: (p5 & (p6 & (p7 & (p8 & (p9 & (p10 & (p11 & (p12 & (p13 & (p14 & (p15 & p16)))))))))))
IMPLS: True IMPLD: False V: p5
IMPLS: True IMPLD: False V: (p6 & (p7 & (p8 & (p9 & (p10 & (p11 & (p12 & (p13 & (p14 & (p15 & p16))))))))))
IMPLS: True IMPLD: False V: p6
IMPLS: True IMPLD: False V: (p7 & (p8 & (p9 & (p10 & (p11 & (p12 & (p13 & (p14 & (p15 & p16)))))))))
IMPLS: True IMPLD: False V: p7
IMPLS: True IMPLD: False V: (p8 & (p9 & (p10 & (p11 & (p12 & (p13 & (p14 & (p15 & p16))))))))
IMPLS: True IMPLD: False V: p8
IMPLS: True IMPLD: False V: (p9 & (p10 & (p11 & (p12 & (p13 & (p14 & (p15 & p16)))))))
IMPLS: True IMPLD: False V: p9
IMPLS: True IMPLD: False V: (p10 & (p11 & (p12 & (p13 & (p14 & (p15 & p16))))))
IMPLS: True IMPLD: False V: p10
IMPLS: True IMPLD: False V: (p11 & (p12 & (p13 & (p14 & (p15 & p16)))))
IMPLS: True IMPLD: False V: p11
IMPLS: True IMPLD: False V: (p12 & (p13 & (p14 & (p15 & p16))))
IMPLS: True IMPLD: False V: p12
IMPLS: True IMPLD: False V: (p13 & (p14 & (p15 & p16)))
IMPLS: True IMPLD: False V: p13
IMPLS: True IMPLD: False V: (p14 & (p15 & p16))
IMPLS: True IMPLD: False V: p14
IMPLS: True IMPLD: False V: (p15 & p16)
IMPLS: True IMPLD: False V: p15
IMPLS: True IMPLD: False V: p16
IMPLS: True IMPLD: True V: p5
IMPLS: True IMPLD: True V: p6
IMPLS: True IMPLD: False V: (p1 & (p2 & (p3 & (p4 & (p5 & (p6 & (p7 & (p8 & (p9 & (p10 & (p11 & (p12 & (p13 & (p14 & (p15 & p16)))))))))))))))
IMPLS: True IMPLD: False V: p1
IMPLS: True IMPLD: False V: (p2 & (p3 & (p4 & (p5 & (p6 & (p7 & (p8 & (p9 & (p10 & (p11 & (p12 & (p13 & (p14 & (p15 & p16))))))))))))))
IMPLS: True IMPLD: False V: p2
IMPLS: True IMPLD: False V: (p3 & (p4 & (p5 & (p6 & (p7 & (p8 & (p9 & (p10 & (p11 & (p12 & (p13 & (p14 & (p15 & p16)))))))))))))
IMPLS: True IMPLD: False V: p3
IMPLS: True IMPLD: False V: (p4 & (p5 & (p6 & (p7 & (p8 & (p9 & (p10 & (p11 & (p12 & (p13 & (p14 & (p15 & p16))))))))))))
IMPLS: True IMPLD: False V: p4
IMPLS: True IMPLD: False V: (p5 & (p6 & (p7 & (p8 & (p9 & (p10 & (p11 & (p12 & (p13 & (p14 & (p15 & p16)))))))))))
IMPLS: True IMPLD: False V: p5
IMPLS: True IMPLD: False V: (p6 & (p7 & (p8 & (p9 & (p10 & (p11 & (p12 & (p13 & (p14 & (p15 & p16))))))))))
IMPLS: True IMPLD: False V: p6
IMPLS: True IMPLD: False V: (p7 & (p8 & (p9 & (p10 & (p11 & (p12 & (p13 & (p14 & (p15 & p16)))))))))
IMPLS: True IMPLD: False V: p7
IMPLS: True IMPLD: False V: (p8 & (p9 & (p10 & (p11 & (p12 & (p13 & (p14 & (p15 & p16))))))))
IMPLS: True IMPLD: False V: p8
IMPLS: True IMPLD: False V: (p9 & (p10 & (p11 & (p12 & (p13 & (p14 & (p15 & p16)))))))
IMPLS: True IMPLD: False V: p9
IMPLS: True IMPLD: False V: (p10 & (p11 & (p12 & (p13 & (p14 & (p15 & p16))))))
IMPLS: True IMPLD: False V: p10
IMPLS: True IMPLD: False V: (p11 & (p12 & (p13 & (p14 & (p15 & p16)))))
IMPLS: True IMPLD: False V: p11
IMPLS: True IMPLD: False V: (p12 & (p13 & (p14 & (p15 & p16))))
IMPLS: True IMPLD: False V: p12
IMPLS: True IMPLD: False V: (p13 & (p14 & (p15 & p16)))
IMPLS: True IMPLD: False V: p13
IMPLS: True IMPLD: False V: (p14 & (p15 & p16))
IMPLS: True IMPLD: False V: p14
IMPLS: True IMPLD: False V: (p15 & p16)
IMPLS: True IMPLD: False V: p15
IMPLS: True IMPLD: False V: p16
IMPLS: True IMPLD: True V: p6
IMPLS: True IMPLD: True V: p7
IMPLS: True IMPLD: False V: (p1 & (p2 & (p3 & (p4 & (p5 & (p6 & (p7 & (p8 & (p9 & (p10 & (p11 & (p12 & (p13 & (p14 & (p15 & p16)))))))))))))))
IMPLS: True IMPLD: False V: p1
IMPLS: True IMPLD: False V: (p2 & (p3 & (p4 & (p5 & (p6 & (p7 & (p8 & (p9 & (p10 & (p11 & (p12 & (p13 & (p14 & (p15 & p16))))))))))))))
IMPLS: True IMPLD: False V: p2
IMPLS: True IMPLD: False V: (p3 & (p4 & (p5 & (p6 & (p7 & (p8 & (p9 & (p10 & (p11 & (p12 & (p13 & (p14 & (p15 & p16)))))))))))))
IMPLS: True IMPLD: False V: p3
IMPLS: True IMPLD: False V: (p4 & (p5 & (p6 & (p7 & (p8 & (p9 & (p10 & (p11 & (p12 & (p13 & (p14 & (p15 & p16))))))))))))
IMPLS: True IMPLD: False V: p4
IMPLS: True IMPLD: False V: (p5 & (p6 & (p7 & (p8 & (p9 & (p10 & (p11 & (p12 & (p13 & (p14 & (p15 & p16)))))))))))
IMPLS: True IMPLD: False V: p5
IMPLS: True IMPLD: False V: (p6 & (p7 & (p8 & (p9 & (p10 & (p11 & (p12 & (p13 & (p14 & (p15 & p16))))))))))
IMPLS: True IMPLD: False V: p6
IMPLS: True IMPLD: False V: (p7 & (p8 & (p9 & (p10 & (p11 & (p12 & (p13 & (p14 & (p15 & p16)))))))))
IMPLS: True IMPLD: False V: p7
IMPLS: True IMPLD: False V: (p8 & (p9 & (p10 & (p11 & (p12 & (p13 & (p14 & (p15 & p16))))))))
IMPLS: True IMPLD: False V: p8
IMPLS: True IMPLD: False V: (p9 & (p10 & (p11 & (p12 & (p13 & (p14 & (p15 & p16)))))))
IMPLS: True IMPLD: False V: p9
IMPLS: True IMPLD: False V: (p10 & (p11 & (p12 & (p13 & (p14 & (p15 & p16))))))
IMPLS: True IMPLD: False V: p10
IMPLS: True IMPLD: False V: (p11 & (p12 & (p13 & (p14 & (p15 & p16)))))
IMPLS: True IMPLD: False V: p11
IMPLS: True IMPLD: False V: (p12 & (p13 & (p14 & (p15 & p16))))
IMPLS: True IMPLD: False V: p12
IMPLS: True IMPLD: False V: (p13 & (p14 & (p15 & p16)))
IMPLS: True IMPLD: False V: p13
IMPLS: True IMPLD: False V: (p14 & (p15 & p16))
IMPLS: True IMPLD: False V: p14
IMPLS: True IMPLD: False V: (p15 & p16)
IMPLS: True IMPLD: False V: p15
IMPLS: True IMPLD: False V: p16
IMPLS: True IMPLD: True V: p7
IMPLS: True IMPLD: True V: p8
IMPLS: True IMPLD: False V: (p1 & (p2 & (p3 & (p4 & (p5 & (p6 & (p7 & (p8 & (p9 & (p10 & (p11 & (p12 & (p13 & (p14 & (p15 & p16)))))))))))))))
IMPLS: True IMPLD: False V: p1
IMPLS: True IMPLD: False V: (p2 & (p3 & (p4 & (p5 & (p6 & (p7 & (p8 & (p9 & (p10 & (p11 & (p12 & (p13 & (p14 & (p15 & p16))))))))))))))
IMPLS: True IMPLD: False V: p2
IMPLS: True IMPLD: False V: (p3 & (p4 & (p5 & (p6 & (p7 & (p8 & (p9 & (p10 & (p11 & (p12 & (p13 & (p14 & (p15 & p16)))))))))))))
IMPLS: True IMPLD: False V: p3
IMPLS: True IMPLD: False V: (p4 & (p5 & (p6 & (p7 & (p8 & (p9 & (p10 & (p11 & (p12 & (p13 & (p14 & (p15 & p16))))))))))))
IMPLS: True IMPLD: False V: p4
IMPLS: True IMPLD: False V: (p5 & (p6 & (p7 & (p8 & (p9 & (p10 & (p11 & (p12 & (p13 & (p14 & (p15 & p16)))))))))))
IMPLS: True IMPLD: False V: p5
IMPLS: True IMPLD: False V: (p6 & (p7 & (p8 & (p9 & (p10 & (p11 & (p12 & (p13 & (p14 & (p15 & p16))))))))))
IMPLS: True IMPLD: False V: p6
IMPLS: True IMPLD: False V: (p7 & (p8 & (p9 & (p10 & (p11 & (p12 & (p13 & (p14 & (p15 & p16)))))))))
IMPLS: True IMPLD: False V: p7
IMPLS: True IMPLD: False V: (p8 & (p9 & (p10 & (p11 & (p12 & (p13 & (p14 & (p15 & p16))))))))
IMPLS: True IMPLD: False V: p8
IMPLS: True IMPLD: False V: (p9 & (p10 & (p11 & (p12 & (p13 & (p14 & (p15 & p16)))))))
IMPLS: True IMPLD: False V: p9
IMPLS: True IMPLD: False V: (p10 & (p11 & (p12 & (p13 & (p14 & (p15 & p16))))))
IMPLS: True IMPLD: False V: p10
IMPLS: True IMPLD: False V: (p11 & (p12 & (p13 & (p14 & (p15 & p16)))))
IMPLS: True IMPLD: False V: p11
IMPLS: True IMPLD: False V: (p12 & (p13 & (p14 & (p15 & p16))))
IMPLS: True IMPLD: False V: p12
IMPLS: True IMPLD: False V: (p13 & (p14 & (p15 & p16)))
IMPLS: True IMPLD: False V: p13
IMPLS: True IMPLD: False V: (p14 & (p15 & p16))
IMPLS: True IMPLD: False V: p14
IMPLS: True IMPLD: False V: (p15 & p16)
IMPLS: True IMPLD: False V: p15
IMPLS: True IMPLD: False V: p16
IMPLS: True IMPLD: True V: p8
IMPLS: True IMPLD: True V: p9
IMPLS: True IMPLD: False V: (p1 & (p2 & (p3 & (p4 & (p5 & (p6 & (p7 & (p8 & (p9 & (p10 & (p11 & (p12 & (p13 & (p14 & (p15 & p16)))))))))))))))
IMPLS: True IMPLD: False V: p1
IMPLS: True IMPLD: False V: (p2 & (p3 & (p4 & (p5 & (p6 & (p7 & (p8 & (p9 & (p10 & (p11 & (p12 & (p13 & (p14 & (p15 & p16))))))))))))))
IMPLS: True IMPLD: False V: p2
IMPLS: True IMPLD: False V: (p3 & (p4 & (p5 & (p6 & (p7 & (p8 & (p9 & (p10 & (p11 & (p12 & (p13 & (p14 & (p15 & p16)))))))))))))
IMPLS: True IMPLD: False V: p3
IMPLS: True IMPLD: False V: (p4 & (p5 & (p6 & (p7 & (p8 & (p9 & (p10 & (p11 & (p12 & (p13 & (p14 & (p15 & p16))))))))))))
IMPLS: True IMPLD: False V: p4
IMPLS: True IMPLD: False V: (p5 & (p6 & (p7 & (p8 & (p9 & (p10 & (p11 & (p12 & (p13 & (p14 & (p15 & p16)))))))))))
IMPLS: True IMPLD: False V: p5
IMPLS: True IMPLD: False V: (p6 & (p7 & (p8 & (p9 & (p10 & (p11 & (p12 & (p13 & (p14 & (p15 & p16))))))))))
IMPLS: True IMPLD: False V: p6
IMPLS: True IMPLD: False V: (p7 & (p8 & (p9 & (p10 & (p11 & (p12 & (p13 & (p14 & (p15 & p16)))))))))
IMPLS: True IMPLD: False V: p7
IMPLS: True IMPLD: False V: (p8 & (p9 & (p10 & (p11 & (p12 & (p13 & (p14 & (p15 & p16))))))))
IMPLS: True IMPLD: False V: p8
IMPLS: True IMPLD: False V: (p9 & (p10 & (p11 & (p12 & (p13 & (p14 & (p15 & p16)))))))
IMPLS: True IMPLD: False V: p9
IMPLS: True IMPLD: False V: (p10 & (p11 & (p12 & (p13 & (p14 & (p15 & p16))))))
IMPLS: True IMPLD: False V: p10
IMPLS: True IMPLD: False V: (p11 & (p12 & (p13 & (p14 & (p15 & p16)))))
IMPLS: True IMPLD: False V: p11
IMPLS: True IMPLD: False V: (p12 & (p13 & (p14 & (p15 & p16))))
IMPLS: True IMPLD: False V: p12
IMPLS: True IMPLD: False V: (p13 & (p14 & (p15 & p16)))
IMPLS: True IMPLD: False V: p13
IMPLS: True IMPLD: False V: (p14 & (p15 & p16))
IMPLS: True IMPLD: False V: p14
IMPLS: True IMPLD: False V: (p15 & p16)
IMPLS: True IMPLD: False V: p15
IMPLS: True IMPLD: False V: p16
IMPLS: True IMPLD: True V: p9
IMPLS: True IMPLD: True V: p10
IMPLS: True IMPLD: False V: (p1 & (p2 & (p3 & (p4 & (p5 & (p6 & (p7 & (p8 & (p9 & (p10 & (p11 & (p12 & (p13 & (p14 & (p15 & p16)))))))))))))))
IMPLS: True IMPLD: False V: p1
IMPLS: True IMPLD: False V: (p2 & (p3 & (p4 & (p5 & (p6 & (p7 & (p8 & (p9 & (p10 & (p11 & (p12 & (p13 & (p14 & (p15 & p16))))))))))))))
IMPLS: True IMPLD: False V: p2
IMPLS: True IMPLD: False V: (p3 & (p4 & (p5 & (p6 & (p7 & (p8 & (p9 & (p10 & (p11 & (p12 & (p13 & (p14 & (p15 & p16)))))))))))))
IMPLS: True IMPLD: False V: p3
IMPLS: True IMPLD: False V: (p4 & (p5 & (p6 & (p7 & (p8 & (p9 & (p10 & (p11 & (p12 & (p13 & (p14 & (p15 & p16))))))))))))
IMPLS: True IMPLD: False V: p4
IMPLS: True IMPLD: False V: (p5 & (p6 & (p7 & (p8 & (p9 & (p10 & (p11 & (p12 & (p13 & (p14 & (p15 & p16)))))))))))
IMPLS: True IMPLD: False V: p5
IMPLS: True IMPLD: False V: (p6 & (p7 & (p8 & (p9 & (p10 & (p11 & (p12 & (p13 & (p14 & (p15 & p16))))))))))
IMPLS: True IMPLD: False V: p6
IMPLS: True IMPLD: False V: (p7 & (p8 & (p9 & (p10 & (p11 & (p12 & (p13 & (p14 & (p15 & p16)))))))))
IMPLS: True IMPLD: False V: p7
IMPLS: True IMPLD: False V: (p8 & (p9 & (p10 & (p11 & (p12 & (p13 & (p14 & (p15 & p16))))))))
IMPLS: True IMPLD: False V: p8
IMPLS: True IMPLD: False V: (p9 & (p10 & (p11 & (p12 & (p13 & (p14 & (p15 & p16)))))))
IMPLS: True IMPLD: False V: p9
IMPLS: True IMPLD: False V: (p10 & (p11 & (p12 & (p13 & (p14 & (p15 & p16))))))
IMPLS: True IMPLD: False V: p10
IMPLS: True IMPLD: False V: (p11 & (p12 & (p13 & (p14 & (p15 & p16)))))
IMPLS: True IMPLD: False V: p11
IMPLS: True IMPLD: False V: (p12 & (p13 & (p14 & (p15 & p16))))
IMPLS: True IMPLD: False V: p12
IMPLS: True IMPLD: False V: (p13 & (p14 & (p15 & p16)))
IMPLS: True IMPLD: False V: p13
IMPLS: True IMPLD: False V: (p14 & (p15 & p16))
IMPLS: True IMPLD: False V: p14
IMPLS: True IMPLD: False V: (p15 & p16)
IMPLS: True IMPLD: False V: p15
IMPLS: True IMPLD: False V: p16
IMPLS: True IMPLD: True V: p10
IMPLS: True IMPLD: True V: p11
IMPLS: True IMPLD: False V: (p1 & (p2 & (p3 & (p4 & (p5 & (p6 & (p7 & (p8 & (p9 & (p10 & (p11 & (p12 & (p13 & (p14 & (p15 & p16)))))))))))))))
IMPLS: True IMPLD: False V: p1
IMPLS: True IMPLD: False V: (p2 & (p3 & (p4 & (p5 & (p6 & (p7 & (p8 & (p9 & (p10 & (p11 & (p12 & (p13 & (p14 & (p15 & p16))))))))))))))
IMPLS: True IMPLD: False V: p2
IMPLS: True IMPLD: False V: (p3 & (p4 & (p5 & (p6 & (p7 & (p8 & (p9 & (p10 & (p11 & (p12 & (p13 & (p14 & (p15 & p16)))))))))))))
IMPLS: True IMPLD: False V: p3
IMPLS: True IMPLD: False V: (p4 & (p5 & (p6 & (p7 & (p8 & (p9 & (p10 & (p11 & (p12 & (p13 & (p14 & (p15 & p16))))))))))))
IMPLS: True IMPLD: False V: p4
IMPLS: True IMPLD: False V: (p5 & (p6 & (p7 & (p8 & (p9 & (p10 & (p11 & (p12 & (p13 & (p14 & (p15 & p16)))))))))))
IMPLS: True IMPLD: False V: p5
IMPLS: True IMPLD: False V: (p6 & (p7 & (p8 & (p9 & (p10 & (p11 & (p12 & (p13 & (p14 & (p15 & p16))))))))))
IMPLS: True IMPLD: False V: p6
IMPLS: True IMPLD: False V: (p7 & (p8 & (p9 & (p10 & (p11 & (p12 & (p13 & (p14 & (p15 & p16)))))))))
IMPLS: True IMPLD: False V: p7
IMPLS: True IMPLD: False V: (p8 & (p9 & (p10 & (p11 & (p12 & (p13 & (p14 & (p15 & p16))))))))
IMPLS: True IMPLD: False V: p8
IMPLS: True IMPLD: False V: (p9 & (p10 & (p11 & (p12 & (p13 & (p14 & (p15 & p16)))))))
IMPLS: True IMPLD: False V: p9
IMPLS: True IMPLD: False V: (p10 & (p11 & (p12 & (p13 & (p14 & (p15 & p16))))))
IMPLS: True IMPLD: False V: p10
IMPLS: True IMPLD: False V: (p11 & (p12 & (p13 & (p14 & (p15 & p16)))))
IMPLS: True IMPLD: False V: p11
IMPLS: True IMPLD: False V: (p12 & (p13 & (p14 & (p15 & p16))))
IMPLS: True IMPLD: False V: p12
IMPLS: True IMPLD: False V: (p13 & (p14 & (p15 & p16)))
IMPLS: True IMPLD: False V: p13
IMPLS: True IMPLD: False V: (p14 & (p15 & p16))
IMPLS: True IMPLD: False V: p14
IMPLS: True IMPLD: False V: (p15 & p16)
IMPLS: True IMPLD: False V: p15
IMPLS: True IMPLD: False V: p16
IMPLS: True IMPLD: True V: p11
IMPLS: True IMPLD: True V: p12
IMPLS: True IMPLD: False V: (p1 & (p2 & (p3 & (p4 & (p5 & (p6 & (p7 & (p8 & (p9 & (p10 & (p11 & (p12 & (p13 & (p14 & (p15 & p16)))))))))))))))
IMPLS: True IMPLD: False V: p1
IMPLS: True IMPLD: False V: (p2 & (p3 & (p4 & (p5 & (p6 & (p7 & (p8 & (p9 & (p10 & (p11 & (p12 & (p13 & (p14 & (p15 & p16))))))))))))))
IMPLS: True IMPLD: False V: p2
IMPLS: True IMPLD: False V: (p3 & (p4 & (p5 & (p6 & (p7 & (p8 & (p9 & (p10 & (p11 & (p12 & (p13 & (p14 & (p15 & p16)))))))))))))
IMPLS: True IMPLD: False V: p3
IMPLS: True IMPLD: False V: (p4 & (p5 & (p6 & (p7 & (p8 & (p9 & (p10 & (p11 & (p12 & (p13 & (p14 & (p15 & p16))))))))))))
IMPLS: True IMPLD: False V: p4
IMPLS: True IMPLD: False V: (p5 & (p6 & (p7 & (p8 & (p9 & (p10 & (p11 & (p12 & (p13 & (p14 & (p15 & p16)))))))))))
IMPLS: True IMPLD: False V: p5
IMPLS: True IMPLD: False V: (p6 & (p7 & (p8 & (p9 & (p10 & (p11 & (p12 & (p13 & (p14 & (p15 & p16))))))))))
IMPLS: True IMPLD: False V: p6
IMPLS: True IMPLD: False V: (p7 & (p8 & (p9 & (p10 & (p11 & (p12 & (p13 & (p14 & (p15 & p16)))))))))
IMPLS: True IMPLD: False V: p7
IMPLS: True IMPLD: False V: (p8 & (p9 & (p10 & (p11 & (p12 & (p13 & (p14 & (p15 & p16))))))))
IMPLS: True IMPLD: False V: p8
IMPLS: True IMPLD: False V: (p9 & (p10 & (p11 & (p12 & (p13 & (p14 & (p15 & p16)))))))
IMPLS: True IMPLD: False V: p9
IMPLS: True IMPLD: False V: (p10 & (p11 & (p12 & (p13 & (p14 & (p15 & p16))))))
IMPLS: True IMPLD: False V: p10
IMPLS: True IMPLD: False V: (p11 & (p12 & (p13 & (p14 & (p15 & p16)))))
IMPLS: True IMPLD: False V: p11
IMPLS: True IMPLD: False V: (p12 & (p13 & (p14 & (p15 & p16))))
IMPLS: True IMPLD: False V: p12
IMPLS: True IMPLD: False V: (p13 & (p14 & (p15 & p16)))
IMPLS: True IMPLD: False V: p13
IMPLS: True IMPLD: False V: (p14 & (p15 & p16))
IMPLS: True IMPLD: False V: p14
IMPLS: True IMPLD: False V: (p15 & p16)
IMPLS: True IMPLD: False V: p15
IMPLS: True IMPLD: False V: p16
IMPLS: True IMPLD: True V: p12
IMPLS: True IMPLD: True V: p13
IMPLS: True IMPLD: False V: (p1 & (p2 & (p3 & (p4 & (p5 & (p6 & (p7 & (p8 & (p9 & (p10 & (p11 & (p12 & (p13 & (p14 & (p15 & p16)))))))))))))))
IMPLS: True IMPLD: False V: p1
IMPLS: True IMPLD: False V: (p2 & (p3 & (p4 & (p5 & (p6 & (p7 & (p8 & (p9 & (p10 & (p11 & (p12 & (p13 & (p14 & (p15 & p16))))))))))))))
IMPLS: True IMPLD: False V: p2
IMPLS: True IMPLD: False V: (p3 & (p4 & (p5 & (p6 & (p7 & (p8 & (p9 & (p10 & (p11 & (p12 & (p13 & (p14 & (p15 & p16)))))))))))))
IMPLS: True IMPLD: False V: p3
IMPLS: True IMPLD: False V: (p4 & (p5 & (p6 & (p7 & (p8 & (p9 & (p10 & (p11 & (p12 & (p13 & (p14 & (p15 & p16))))))))))))
IMPLS: True IMPLD: False V: p4
IMPLS: True IMPLD: False V: (p5 & (p6 & (p7 & (p8 & (p9 & (p10 & (p11 & (p12 & (p13 & (p14 & (p15 & p16)))))))))))
IMPLS: True IMPLD: False V: p5
IMPLS: True IMPLD: False V: (p6 & (p7 & (p8 & (p9 & (p10 & (p11 & (p12 & (p13 & (p14 & (p15 & p16))))))))))
IMPLS: True IMPLD: False V: p6
IMPLS: True IMPLD: False V: (p7 & (p8 & (p9 & (p10 & (p11 & (p12 & (p13 & (p14 & (p15 & p16)))))))))
IMPLS: True IMPLD: False V: p7
IMPLS: True IMPLD: False V: (p8 & (p9 & (p10 & (p11 & (p12 & (p13 & (p14 & (p15 & p16))))))))
IMPLS: True IMPLD: False V: p8
IMPLS: True IMPLD: False V: (p9 & (p10 & (p11 & (p12 & (p13 & (p14 & (p15 & p16)))))))
IMPLS: True IMPLD: False V: p9
IMPLS: True IMPLD: False V: (p10 & (p11 & (p12 & (p13 & (p14 & (p15 & p16))))))
IMPLS: True IMPLD: False V: p10
IMPLS: True IMPLD: False V: (p11 & (p12 & (p13 & (p14 & (p15 & p16)))))
IMPLS: True IMPLD: False V: p11
IMPLS: True IMPLD: False V: (p12 & (p13 & (p14 & (p15 & p16))))
IMPLS: True IMPLD: False V: p12
IMPLS: True IMPLD: False V: (p13 & (p14 & (p15 & p16)))
IMPLS: True IMPLD: False V: p13
IMPLS: True IMPLD: False V: (p14 & (p15 & p16))
IMPLS: True IMPLD: False V: p14
IMPLS: True IMPLD: False V: (p15 & p16)
IMPLS: True IMPLD: False V: p15
IMPLS: True IMPLD: False V: p16
IMPLS: True IMPLD: True V: p13
IMPLS: True IMPLD: True V: p14
IMPLS: True IMPLD: False V: (p1 & (p2 & (p3 & (p4 & (p5 & (p6 & (p7 & (p8 & (p9 & (p10 & (p11 & (p12 & (p13 & (p14 & (p15 & p16)))))))))))))))
IMPLS: True IMPLD: False V: p1
IMPLS: True IMPLD: False V: (p2 & (p3 & (p4 & (p5 & (p6 & (p7 & (p8 & (p9 & (p10 & (p11 & (p12 & (p13 & (p14 & (p15 & p16))))))))))))))
IMPLS: True IMPLD: False V: p2
IMPLS: True IMPLD: False V: (p3 & (p4 & (p5 & (p6 & (p7 & (p8 & (p9 & (p10 & (p11 & (p12 & (p13 & (p14 & (p15 & p16)))))))))))))
IMPLS: True IMPLD: False V: p3
IMPLS: True IMPLD: False V: (p4 & (p5 & (p6 & (p7 & (p8 & (p9 & (p10 & (p11 & (p12 & (p13 & (p14 & (p15 & p16))))))))))))
IMPLS: True IMPLD: False V: p4
IMPLS: True IMPLD: False V: (p5 & (p6 & (p7 & (p8 & (p9 & (p10 & (p11 & (p12 & (p13 & (p14 & (p15 & p16)))))))))))
IMPLS: True IMPLD: False V: p5
IMPLS: True IMPLD: False V: (p6 & (p7 & (p8 & (p9 & (p10 & (p11 & (p12 & (p13 & (p14 & (p15 & p16))))))))))
IMPLS: True IMPLD: False V: p6
IMPLS: True IMPLD: False V: (p7 & (p8 & (p9 & (p10 & (p11 & (p12 & (p13 & (p14 & (p15 & p16)))))))))
IMPLS: True IMPLD: False V: p7
IMPLS: True IMPLD: False V: (p8 & (p9 & (p10 & (p11 & (p12 & (p13 & (p14 & (p15 & p16))))))))
IMPLS: True IMPLD: False V: p8
IMPLS: True IMPLD: False V: (p9 & (p10 & (p11 & (p12 & (p13 & (p14 & (p15 & p16)))))))
IMPLS: True IMPLD: False V: p9
IMPLS: True IMPLD: False V: (p10 & (p11 & (p12 & (p13 & (p14 & (p15 & p16))))))
IMPLS: True IMPLD: False V: p10
IMPLS: True IMPLD: False V: (p11 & (p12 & (p13 & (p14 & (p15 & p16)))))
IMPLS: True IMPLD: False V: p11
IMPLS: True IMPLD: False V: (p12 & (p13 & (p14 & (p15 & p16))))
IMPLS: True IMPLD: False V: p12
IMPLS: True IMPLD: False V: (p13 & (p14 & (p15 & p16)))
IMPLS: True IMPLD: False V: p13
IMPLS: True IMPLD: False V: (p14 & (p15 & p16))
IMPLS: True IMPLD: False V: p14
IMPLS: True IMPLD: False V: (p15 & p16)
IMPLS: True IMPLD: False V: p15
IMPLS: True IMPLD: False V: p16
IMPLS: True IMPLD: True V: p14
IMPLS: True IMPLD: True V: p15
IMPLS: True IMPLD: False V: (p1 & (p2 & (p3 & (p4 & (p5 & (p6 & (p7 & (p8 & (p9 & (p10 & (p11 & (p12 & (p13 & (p14 & (p15 & p16)))))))))))))))
IMPLS: True IMPLD: False V: p1
IMPLS: True IMPLD: False V: (p2 & (p3 & (p4 & (p5 & (p6 & (p7 & (p8 & (p9 & (p10 & (p11 & (p12 & (p13 & (p14 & (p15 & p16))))))))))))))
IMPLS: True IMPLD: False V: p2
IMPLS: True IMPLD: False V: (p3 & (p4 & (p5 & (p6 & (p7 & (p8 & (p9 & (p10 & (p11 & (p12 & (p13 & (p14 & (p15 & p16)))))))))))))
IMPLS: True IMPLD: False V: p3
IMPLS: True IMPLD: False V: (p4 & (p5 & (p6 & (p7 & (p8 & (p9 & (p10 & (p11 & (p12 & (p13 & (p14 & (p15 & p16))))))))))))
IMPLS: True IMPLD: False V: p4
IMPLS: True IMPLD: False V: (p5 & (p6 & (p7 & (p8 & (p9 & (p10 & (p11 & (p12 & (p13 & (p14 & (p15 & p16)))))))))))
IMPLS: True IMPLD: False V: p5
IMPLS: True IMPLD: False V: (p6 & (p7 & (p8 & (p9 & (p10 & (p11 & (p12 & (p13 & (p14 & (p15 & p16))))))))))
IMPLS: True IMPLD: False V: p6
IMPLS: True IMPLD: False V: (p7 & (p8 & (p9 & (p10 & (p11 & (p12 & (p13 & (p14 & (p15 & p16)))))))))
IMPLS: True IMPLD: False V: p7
IMPLS: True IMPLD: False V: (p8 & (p9 & (p10 & (p11 & (p12 & (p13 & (p14 & (p15 & p16))))))))
IMPLS: True IMPLD: False V: p8
IMPLS: True IMPLD: False V: (p9 & (p10 & (p11 & (p12 & (p13 & (p14 & (p15 & p16)))))))
IMPLS: True IMPLD: False V: p9
IMPLS: True IMPLD: False V: (p10 & (p11 & (p12 & (p13 & (p14 & (p15 & p16))))))
IMPLS: True IMPLD: False V: p10
IMPLS: True IMPLD: False V: (p11 & (p12 & (p13 & (p14 & (p15 & p16)))))
IMPLS: True IMPLD: False V: p11
IMPLS: True IMPLD: False V: (p12 & (p13 & (p14 & (p15 & p16))))
IMPLS: True IMPLD: False V: p12
IMPLS: True IMPLD: False V: (p13 & (p14 & (p15 & p16)))
IMPLS: True IMPLD: False V: p13
IMPLS: True IMPLD: False V: (p14 & (p15 & p16))
IMPLS: True IMPLD: False V: p14
IMPLS: True IMPLD: False V: (p15 & p16)
IMPLS: True IMPLD: False V: p15
IMPLS: True IMPLD: False V: p16
IMPLS: True IMPLD: True V: p15
IMPLS: True IMPLD: True V: p16
IMPLS: True IMPLD: False V: (p1 & (p2 & (p3 & (p4 & (p5 & (p6 & (p7 & (p8 & (p9 & (p10 & (p11 & (p12 & (p13 & (p14 & (p15 & p16)))))))))))))))
IMPLS: True IMPLD: False V: p1
IMPLS: True IMPLD: False V: (p2 & (p3 & (p4 & (p5 & (p6 & (p7 & (p8 & (p9 & (p10 & (p11 & (p12 & (p13 & (p14 & (p15 & p16))))))))))))))
IMPLS: True IMPLD: False V: p2
IMPLS: True IMPLD: False V: (p3 & (p4 & (p5 & (p6 & (p7 & (p8 & (p9 & (p10 & (p11 & (p12 & (p13 & (p14 & (p15 & p16)))))))))))))
IMPLS: True IMPLD: False V: p3
IMPLS: True IMPLD: False V: (p4 & (p5 & (p6 & (p7 & (p8 & (p9 & (p10 & (p11 & (p12 & (p13 & (p14 & (p15 & p16))))))))))))
IMPLS: True IMPLD: False V: p4
IMPLS: True IMPLD: False V: (p5 & (p6 & (p7 & (p8 & (p9 & (p10 & (p11 & (p12 & (p13 & (p14 & (p15 & p16)))))))))))
IMPLS: True IMPLD: False V: p5
IMPLS: True IMPLD: False V: (p6 & (p7 & (p8 & (p9 & (p10 & (p11 & (p12 & (p13 & (p14 & (p15 & p16))))))))))
IMPLS: True IMPLD: False V: p6
IMPLS: True IMPLD: False V: (p7 & (p8 & (p9 & (p10 & (p11 & (p12 & (p13 & (p14 & (p15 & p16)))))))))
IMPLS: True IMPLD: False V: p7
IMPLS: True IMPLD: False V: (p8 & (p9 & (p10 & (p11 & (p12 & (p13 & (p14 & (p15 & p16))))))))
IMPLS: True IMPLD: False V: p8
IMPLS: True IMPLD: False V: (p9 & (p10 & (p11 & (p12 & (p13 & (p14 & (p15 & p16)))))))
IMPLS: True IMPLD: False V: p9
IMPLS: True IMPLD: False V: (p10 & (p11 & (p12 & (p13 & (p14 & (p15 & p16))))))
IMPLS: True IMPLD: False V: p10
IMPLS: True IMPLD: False V: (p11 & (p12 & (p13 & (p14 & (p15 & p16)))))
IMPLS: True IMPLD: False V: p11
IMPLS: True IMPLD: False V: (p12 & (p13 & (p14 & (p15 & p16))))
IMPLS: True IMPLD: False V: p12
IMPLS: True IMPLD: False V: (p13 & (p14 & (p15 & p16)))
IMPLS: True IMPLD: False V: p13
IMPLS: True IMPLD: False V: (p14 & (p15 & p16))
IMPLS: True IMPLD: False V: p14
IMPLS: True IMPLD: False V: (p15 & p16)
IMPLS: True IMPLD: False V: p15
IMPLS: True IMPLD: False V: p16
IMPLS: True IMPLD: True V: p16
IMPLS: True IMPLD: True V: p1
IMPLS: True IMPLD: False V: (p1 & (p2 & (p3 & (p4 & (p5 & (p6 & (p7 & (p8 & (p9 & (p10 & (p11 & (p12 & (p13 & (p14 & (p15 & p16)))))))))))))))
IMPLS: True IMPLD: False V: p1
IMPLS: True IMPLD: False V: (p2 & (p3 & (p4 & (p5 & (p6 & (p7 & (p8 & (p9 & (p10 & (p11 & (p12 & (p13 & (p14 & (p15 & p16))))))))))))))
IMPLS: True IMPLD: False V: p2
IMPLS: True IMPLD: False V: (p3 & (p4 & (p5 & (p6 & (p7 & (p8 & (p9 & (p10 & (p11 & (p12 & (p13 & (p14 & (p15 & p16)))))))))))))
IMPLS: True IMPLD: False V: p3
IMPLS: True IMPLD: False V: (p4 & (p5 & (p6 & (p7 & (p8 & (p9 & (p10 & (p11 & (p12 & (p13 & (p14 & (p15 & p16))))))))))))
IMPLS: True IMPLD: False V: p4
IMPLS: True IMPLD: False V: (p5 & (p6 & (p7 & (p8 & (p9 & (p10 & (p11 & (p12 & (p13 & (p14 & (p15 & p16)))))))))))
IMPLS: True IMPLD: False V: p5
IMPLS: True IMPLD: False V: (p6 & (p7 & (p8 & (p9 & (p10 & (p11 & (p12 & (p13 & (p14 & (p15 & p16))))))))))
IMPLS: True IMPLD: False V: p6
IMPLS: True IMPLD: False V: (p7 & (p8 & (p9 & (p10 & (p11 & (p12 & (p13 & (p14 & (p15 & p16)))))))))
IMPLS: True IMPLD: False V: p7
IMPLS: True IMPLD: False V: (p8 & (p9 & (p10 & (p11 & (p12 & (p13 & (p14 & (p15 & p16))))))))
IMPLS: True IMPLD: False V: p8
IMPLS: True IMPLD: False V: (p9 & (p10 & (p11 & (p12 & (p13 & (p14 & (p15 & p16)))))))
IMPLS: True IMPLD: False V: p9
IMPLS: True IMPLD: False V: (p10 & (p11 & (p12 & (p13 & (p14 & (p15 & p16))))))
IMPLS: True IMPLD: False V: p10
IMPLS: True IMPLD: False V: (p11 & (p12 & (p13 & (p14 & (p15 & p16)))))
IMPLS: True IMPLD: False V: p11
IMPLS: True IMPLD: False V: (p12 & (p13 & (p14 & (p15 & p16))))
IMPLS: True IMPLD: False V: p12
IMPLS: True IMPLD: False V: (p13 & (p14 & (p15 & p16)))
IMPLS: True IMPLD: False V: p13
IMPLS: True IMPLD: False V: (p14 & (p15 & p16))
IMPLS: True IMPLD: False V: p14
IMPLS: True IMPLD: False V: (p15 & p16)
IMPLS: True IMPLD: False V: p15
IMPLS: True IMPLD: False V: p16
IMPLS: False IMPLD: True V: p1
IMPLS: False IMPLD: True V: p2
IMPLS: False IMPLD: True V: p3
IMPLS: False IMPLD: True V: p4
IMPLS: False IMPLD: True V: p5
IMPLS: False IMPLD: True V: p6
IMPLS: False IMPLD: True V: p7
IMPLS: False IMPLD: True V: p8
IMPLS: False IMPLD: True V: p9
IMPLS: False IMPLD: True V: p10
IMPLS: False IMPLD: True V: p11
IMPLS: False IMPLD: True V: p12
IMPLS: False IMPLD: True V: p13
IMPLS: False IMPLD: True V: p14
IMPLS: False IMPLD: True V: p15
IMPLS: False IMPLD: True V: p16
IMPLS: True IMPLD: False V: $goal
IMPLS: True IMPLD: False V: p0
IMPLS: False IMPLD: True V: $false
IMPLS: True IMPLD: False V: $goal
+++ Reading file '"benchmarks/syj207/intuitr-formulas/syj207-n08.p"'...
+++ Clausification...
[((p1 <=> p2) => (p1 & (p2 & (p3 & (p4 & (p5 & (p6 & (p7 & (p8 & (p9 & (p10 & (p11 & (p12 & (p13 & (p14 & (p15 & p16)))))))))))))))),((p2 <=> p3) => (p1 & (p2 & (p3 & (p4 & (p5 & (p6 & (p7 & (p8 & (p9 & (p10 & (p11 & (p12 & (p13 & (p14 & (p15 & p16)))))))))))))))),((p3 <=> p4) => (p1 & (p2 & (p3 & (p4 & (p5 & (p6 & (p7 & (p8 & (p9 & (p10 & (p11 & (p12 & (p13 & (p14 & (p15 & p16)))))))))))))))),((p4 <=> p5) => (p1 & (p2 & (p3 & (p4 & (p5 & (p6 & (p7 & (p8 & (p9 & (p10 & (p11 & (p12 & (p13 & (p14 & (p15 & p16)))))))))))))))),((p5 <=> p6) => (p1 & (p2 & (p3 & (p4 & (p5 & (p6 & (p7 & (p8 & (p9 & (p10 & (p11 & (p12 & (p13 & (p14 & (p15 & p16)))))))))))))))),((p6 <=> p7) => (p1 & (p2 & (p3 & (p4 & (p5 & (p6 & (p7 & (p8 & (p9 & (p10 & (p11 & (p12 & (p13 & (p14 & (p15 & p16)))))))))))))))),((p7 <=> p8) => (p1 & (p2 & (p3 & (p4 & (p5 & (p6 & (p7 & (p8 & (p9 & (p10 & (p11 & (p12 & (p13 & (p14 & (p15 & p16)))))))))))))))),((p8 <=> p9) => (p1 & (p2 & (p3 & (p4 & (p5 & (p6 & (p7 & (p8 & (p9 & (p10 & (p11 & (p12 & (p13 & (p14 & (p15 & p16)))))))))))))))),((p9 <=> p10) => (p1 & (p2 & (p3 & (p4 & (p5 & (p6 & (p7 & (p8 & (p9 & (p10 & (p11 & (p12 & (p13 & (p14 & (p15 & p16)))))))))))))))),((p10 <=> p11) => (p1 & (p2 & (p3 & (p4 & (p5 & (p6 & (p7 & (p8 & (p9 & (p10 & (p11 & (p12 & (p13 & (p14 & (p15 & p16)))))))))))))))),((p11 <=> p12) => (p1 & (p2 & (p3 & (p4 & (p5 & (p6 & (p7 & (p8 & (p9 & (p10 & (p11 & (p12 & (p13 & (p14 & (p15 & p16)))))))))))))))),((p12 <=> p13) => (p1 & (p2 & (p3 & (p4 & (p5 & (p6 & (p7 & (p8 & (p9 & (p10 & (p11 & (p12 & (p13 & (p14 & (p15 & p16)))))))))))))))),((p13 <=> p14) => (p1 & (p2 & (p3 & (p4 & (p5 & (p6 & (p7 & (p8 & (p9 & (p10 & (p11 & (p12 & (p13 & (p14 & (p15 & p16)))))))))))))))),((p14 <=> p15) => (p1 & (p2 & (p3 & (p4 & (p5 & (p6 & (p7 & (p8 & (p9 & (p10 & (p11 & (p12 & (p13 & (p14 & (p15 & p16)))))))))))))))),((p15 <=> p16) => (p1 & (p2 & (p3 & (p4 & (p5 & (p6 & (p7 & (p8 & (p9 & (p10 & (p11 & (p12 & (p13 & (p14 & (p15 & p16)))))))))))))))),((p16 <=> p1) => (p1 & (p2 & (p3 & (p4 & (p5 & (p6 & (p7 & (p8 & (p9 & (p10 & (p11 & (p12 & (p13 & (p14 & (p15 & p16)))))))))))))))),((p0 | ((p1 & (p2 & (p3 & (p4 & (p5 & (p6 & (p7 & (p8 & (p9 & (p10 & (p11 & (p12 & (p13 & (p14 & (p15 & p16))))))))))))))) | (p0 => $false))) => $goal)]
([["$p1","$p2"] =>  ["$p0"],["$p3"] =>  ["p15"],["$p3"] =>  ["p16"],["$p4"] =>  ["p14"],["$p4"] =>  ["$p3"],["$p5"] =>  ["p13"],["$p5"] =>  ["$p4"],["$p6"] =>  ["p12"],["$p6"] =>  ["$p5"],["$p7"] =>  ["p11"],["$p7"] =>  ["$p6"],["$p8"] =>  ["p10"],["$p8"] =>  ["$p7"],["$p9"] =>  ["p9"],["$p9"] =>  ["$p8"],["$p10"] =>  ["p8"],["$p10"] =>  ["$p9"],["$p11"] =>  ["p7"],["$p11"] =>  ["$p10"],["$p12"] =>  ["p6"],["$p12"] =>  ["$p11"],["$p13"] =>  ["p5"],["$p13"] =>  ["$p12"],["$p14"] =>  ["p4"],["$p14"] =>  ["$p13"],["$p15"] =>  ["p3"],["$p15"] =>  ["$p14"],["$p16"] =>  ["p2"],["$p16"] =>  ["$p15"],["$p17"] =>  ["p1"],["$p17"] =>  ["$p16"],["$p0"] =>  ["$p17"],["$p19","$p20"] =>  ["$p18"],["$p18"] =>  ["$p17"],["$p22","$p23"] =>  ["$p21"],["$p21"] =>  ["$p17"],["$p25","$p26"] =>  ["$p24"],["$p24"] =>  ["$p17"],["$p28","$p29"] =>  ["$p27"],["$p27"] =>  ["$p17"],["$p31","$p32"] =>  ["$p30"],["$p30"] =>  ["$p17"],["$p34","$p35"] =>  ["$p33"],["$p33"] =>  ["$p17"],["$p37","$p38"] =>  ["$p36"],["$p36"] =>  ["$p17"],["$p40","$p41"] =>  ["$p39"],["$p39"] =>  ["$p17"],["$p43","$p44"] =>  ["$p42"],["$p42"] =>  ["$p17"],["$p46","$p47"] =>  ["$p45"],["$p45"] =>  ["$p17"],["$p49","$p50"] =>  ["$p48"],["$p48"] =>  ["$p17"],["$p52","$p53"] =>  ["$p51"],["$p51"] =>  ["$p17"],["$p55","$p56"] =>  ["$p54"],["$p54"] =>  ["$p17"],["$p58","$p59"] =>  ["$p57"],["$p57"] =>  ["$p17"],["$p61","$p62"] =>  ["$p60"],["$p60"] =>  ["$p17"],["p0"] =>  ["$goal"],["p1","p2","p3","p4","p5","p6","p7","p8","p9","p10","p11","p12","p13","p14","p15","p16"] =>  ["$goal"]],[(("p1") -> ("p2")) -> ("$p1"),(("p2") -> ("p1")) -> ("$p2"),(("p2") -> ("p3")) -> ("$p19"),(("p3") -> ("p2")) -> ("$p20"),(("p3") -> ("p4")) -> ("$p22"),(("p4") -> ("p3")) -> ("$p23"),(("p4") -> ("p5")) -> ("$p25"),(("p5") -> ("p4")) -> ("$p26"),(("p5") -> ("p6")) -> ("$p28"),(("p6") -> ("p5")) -> ("$p29"),(("p6") -> ("p7")) -> ("$p31"),(("p7") -> ("p6")) -> ("$p32"),(("p7") -> ("p8")) -> ("$p34"),(("p8") -> ("p7")) -> ("$p35"),(("p8") -> ("p9")) -> ("$p37"),(("p9") -> ("p8")) -> ("$p38"),(("p9") -> ("p10")) -> ("$p40"),(("p10") -> ("p9")) -> ("$p41"),(("p10") -> ("p11")) -> ("$p43"),(("p11") -> ("p10")) -> ("$p44"),(("p11") -> ("p12")) -> ("$p46"),(("p12") -> ("p11")) -> ("$p47"),(("p12") -> ("p13")) -> ("$p49"),(("p13") -> ("p12")) -> ("$p50"),(("p13") -> ("p14")) -> ("$p52"),(("p14") -> ("p13")) -> ("$p53"),(("p14") -> ("p15")) -> ("$p55"),(("p15") -> ("p14")) -> ("$p56"),(("p15") -> ("p16")) -> ("$p58"),(("p16") -> ("p15")) -> ("$p59"),(("p16") -> ("p1")) -> ("$p61"),(("p1") -> ("p16")) -> ("$p62"),(("p0") -> ("$false")) -> ("$goal")],"$goal")
+++ Created 96 flat clauses and 33 implication clauses
+++ Proving (intuitR, CADE 2021)
+++ RESULT: CounterSatisfiable (intuitionistically)
============================
Clausification time: 0.006 sec
Prover time: 0.001 sec
