IMPLS: True IMPLD: True V: p1
IMPLS: True IMPLD: True V: p2
IMPLS: True IMPLD: False V: (p1 & (p2 & (p3 & (p4 & (p5 & (p6 & (p7 & (p8 & (p9 & (p10 & (p11 & (p12 & (p13 & (p14 & (p15 & (p16 & (p17 & p18)))))))))))))))))
IMPLS: True IMPLD: False V: p1
IMPLS: True IMPLD: False V: (p2 & (p3 & (p4 & (p5 & (p6 & (p7 & (p8 & (p9 & (p10 & (p11 & (p12 & (p13 & (p14 & (p15 & (p16 & (p17 & p18))))))))))))))))
IMPLS: True IMPLD: False V: p2
IMPLS: True IMPLD: False V: (p3 & (p4 & (p5 & (p6 & (p7 & (p8 & (p9 & (p10 & (p11 & (p12 & (p13 & (p14 & (p15 & (p16 & (p17 & p18)))))))))))))))
IMPLS: True IMPLD: False V: p3
IMPLS: True IMPLD: False V: (p4 & (p5 & (p6 & (p7 & (p8 & (p9 & (p10 & (p11 & (p12 & (p13 & (p14 & (p15 & (p16 & (p17 & p18))))))))))))))
IMPLS: True IMPLD: False V: p4
IMPLS: True IMPLD: False V: (p5 & (p6 & (p7 & (p8 & (p9 & (p10 & (p11 & (p12 & (p13 & (p14 & (p15 & (p16 & (p17 & p18)))))))))))))
IMPLS: True IMPLD: False V: p5
IMPLS: True IMPLD: False V: (p6 & (p7 & (p8 & (p9 & (p10 & (p11 & (p12 & (p13 & (p14 & (p15 & (p16 & (p17 & p18))))))))))))
IMPLS: True IMPLD: False V: p6
IMPLS: True IMPLD: False V: (p7 & (p8 & (p9 & (p10 & (p11 & (p12 & (p13 & (p14 & (p15 & (p16 & (p17 & p18)))))))))))
IMPLS: True IMPLD: False V: p7
IMPLS: True IMPLD: False V: (p8 & (p9 & (p10 & (p11 & (p12 & (p13 & (p14 & (p15 & (p16 & (p17 & p18))))))))))
IMPLS: True IMPLD: False V: p8
IMPLS: True IMPLD: False V: (p9 & (p10 & (p11 & (p12 & (p13 & (p14 & (p15 & (p16 & (p17 & p18)))))))))
IMPLS: True IMPLD: False V: p9
IMPLS: True IMPLD: False V: (p10 & (p11 & (p12 & (p13 & (p14 & (p15 & (p16 & (p17 & p18))))))))
IMPLS: True IMPLD: False V: p10
IMPLS: True IMPLD: False V: (p11 & (p12 & (p13 & (p14 & (p15 & (p16 & (p17 & p18)))))))
IMPLS: True IMPLD: False V: p11
IMPLS: True IMPLD: False V: (p12 & (p13 & (p14 & (p15 & (p16 & (p17 & p18))))))
IMPLS: True IMPLD: False V: p12
IMPLS: True IMPLD: False V: (p13 & (p14 & (p15 & (p16 & (p17 & p18)))))
IMPLS: True IMPLD: False V: p13
IMPLS: True IMPLD: False V: (p14 & (p15 & (p16 & (p17 & p18))))
IMPLS: True IMPLD: False V: p14
IMPLS: True IMPLD: False V: (p15 & (p16 & (p17 & p18)))
IMPLS: True IMPLD: False V: p15
IMPLS: True IMPLD: False V: (p16 & (p17 & p18))
IMPLS: True IMPLD: False V: p16
IMPLS: True IMPLD: False V: (p17 & p18)
IMPLS: True IMPLD: False V: p17
IMPLS: True IMPLD: False V: p18
IMPLS: True IMPLD: True V: p2
IMPLS: True IMPLD: True V: p3
IMPLS: True IMPLD: False V: (p1 & (p2 & (p3 & (p4 & (p5 & (p6 & (p7 & (p8 & (p9 & (p10 & (p11 & (p12 & (p13 & (p14 & (p15 & (p16 & (p17 & p18)))))))))))))))))
IMPLS: True IMPLD: False V: p1
IMPLS: True IMPLD: False V: (p2 & (p3 & (p4 & (p5 & (p6 & (p7 & (p8 & (p9 & (p10 & (p11 & (p12 & (p13 & (p14 & (p15 & (p16 & (p17 & p18))))))))))))))))
IMPLS: True IMPLD: False V: p2
IMPLS: True IMPLD: False V: (p3 & (p4 & (p5 & (p6 & (p7 & (p8 & (p9 & (p10 & (p11 & (p12 & (p13 & (p14 & (p15 & (p16 & (p17 & p18)))))))))))))))
IMPLS: True IMPLD: False V: p3
IMPLS: True IMPLD: False V: (p4 & (p5 & (p6 & (p7 & (p8 & (p9 & (p10 & (p11 & (p12 & (p13 & (p14 & (p15 & (p16 & (p17 & p18))))))))))))))
IMPLS: True IMPLD: False V: p4
IMPLS: True IMPLD: False V: (p5 & (p6 & (p7 & (p8 & (p9 & (p10 & (p11 & (p12 & (p13 & (p14 & (p15 & (p16 & (p17 & p18)))))))))))))
IMPLS: True IMPLD: False V: p5
IMPLS: True IMPLD: False V: (p6 & (p7 & (p8 & (p9 & (p10 & (p11 & (p12 & (p13 & (p14 & (p15 & (p16 & (p17 & p18))))))))))))
IMPLS: True IMPLD: False V: p6
IMPLS: True IMPLD: False V: (p7 & (p8 & (p9 & (p10 & (p11 & (p12 & (p13 & (p14 & (p15 & (p16 & (p17 & p18)))))))))))
IMPLS: True IMPLD: False V: p7
IMPLS: True IMPLD: False V: (p8 & (p9 & (p10 & (p11 & (p12 & (p13 & (p14 & (p15 & (p16 & (p17 & p18))))))))))
IMPLS: True IMPLD: False V: p8
IMPLS: True IMPLD: False V: (p9 & (p10 & (p11 & (p12 & (p13 & (p14 & (p15 & (p16 & (p17 & p18)))))))))
IMPLS: True IMPLD: False V: p9
IMPLS: True IMPLD: False V: (p10 & (p11 & (p12 & (p13 & (p14 & (p15 & (p16 & (p17 & p18))))))))
IMPLS: True IMPLD: False V: p10
IMPLS: True IMPLD: False V: (p11 & (p12 & (p13 & (p14 & (p15 & (p16 & (p17 & p18)))))))
IMPLS: True IMPLD: False V: p11
IMPLS: True IMPLD: False V: (p12 & (p13 & (p14 & (p15 & (p16 & (p17 & p18))))))
IMPLS: True IMPLD: False V: p12
IMPLS: True IMPLD: False V: (p13 & (p14 & (p15 & (p16 & (p17 & p18)))))
IMPLS: True IMPLD: False V: p13
IMPLS: True IMPLD: False V: (p14 & (p15 & (p16 & (p17 & p18))))
IMPLS: True IMPLD: False V: p14
IMPLS: True IMPLD: False V: (p15 & (p16 & (p17 & p18)))
IMPLS: True IMPLD: False V: p15
IMPLS: True IMPLD: False V: (p16 & (p17 & p18))
IMPLS: True IMPLD: False V: p16
IMPLS: True IMPLD: False V: (p17 & p18)
IMPLS: True IMPLD: False V: p17
IMPLS: True IMPLD: False V: p18
IMPLS: True IMPLD: True V: p3
IMPLS: True IMPLD: True V: p4
IMPLS: True IMPLD: False V: (p1 & (p2 & (p3 & (p4 & (p5 & (p6 & (p7 & (p8 & (p9 & (p10 & (p11 & (p12 & (p13 & (p14 & (p15 & (p16 & (p17 & p18)))))))))))))))))
IMPLS: True IMPLD: False V: p1
IMPLS: True IMPLD: False V: (p2 & (p3 & (p4 & (p5 & (p6 & (p7 & (p8 & (p9 & (p10 & (p11 & (p12 & (p13 & (p14 & (p15 & (p16 & (p17 & p18))))))))))))))))
IMPLS: True IMPLD: False V: p2
IMPLS: True IMPLD: False V: (p3 & (p4 & (p5 & (p6 & (p7 & (p8 & (p9 & (p10 & (p11 & (p12 & (p13 & (p14 & (p15 & (p16 & (p17 & p18)))))))))))))))
IMPLS: True IMPLD: False V: p3
IMPLS: True IMPLD: False V: (p4 & (p5 & (p6 & (p7 & (p8 & (p9 & (p10 & (p11 & (p12 & (p13 & (p14 & (p15 & (p16 & (p17 & p18))))))))))))))
IMPLS: True IMPLD: False V: p4
IMPLS: True IMPLD: False V: (p5 & (p6 & (p7 & (p8 & (p9 & (p10 & (p11 & (p12 & (p13 & (p14 & (p15 & (p16 & (p17 & p18)))))))))))))
IMPLS: True IMPLD: False V: p5
IMPLS: True IMPLD: False V: (p6 & (p7 & (p8 & (p9 & (p10 & (p11 & (p12 & (p13 & (p14 & (p15 & (p16 & (p17 & p18))))))))))))
IMPLS: True IMPLD: False V: p6
IMPLS: True IMPLD: False V: (p7 & (p8 & (p9 & (p10 & (p11 & (p12 & (p13 & (p14 & (p15 & (p16 & (p17 & p18)))))))))))
IMPLS: True IMPLD: False V: p7
IMPLS: True IMPLD: False V: (p8 & (p9 & (p10 & (p11 & (p12 & (p13 & (p14 & (p15 & (p16 & (p17 & p18))))))))))
IMPLS: True IMPLD: False V: p8
IMPLS: True IMPLD: False V: (p9 & (p10 & (p11 & (p12 & (p13 & (p14 & (p15 & (p16 & (p17 & p18)))))))))
IMPLS: True IMPLD: False V: p9
IMPLS: True IMPLD: False V: (p10 & (p11 & (p12 & (p13 & (p14 & (p15 & (p16 & (p17 & p18))))))))
IMPLS: True IMPLD: False V: p10
IMPLS: True IMPLD: False V: (p11 & (p12 & (p13 & (p14 & (p15 & (p16 & (p17 & p18)))))))
IMPLS: True IMPLD: False V: p11
IMPLS: True IMPLD: False V: (p12 & (p13 & (p14 & (p15 & (p16 & (p17 & p18))))))
IMPLS: True IMPLD: False V: p12
IMPLS: True IMPLD: False V: (p13 & (p14 & (p15 & (p16 & (p17 & p18)))))
IMPLS: True IMPLD: False V: p13
IMPLS: True IMPLD: False V: (p14 & (p15 & (p16 & (p17 & p18))))
IMPLS: True IMPLD: False V: p14
IMPLS: True IMPLD: False V: (p15 & (p16 & (p17 & p18)))
IMPLS: True IMPLD: False V: p15
IMPLS: True IMPLD: False V: (p16 & (p17 & p18))
IMPLS: True IMPLD: False V: p16
IMPLS: True IMPLD: False V: (p17 & p18)
IMPLS: True IMPLD: False V: p17
IMPLS: True IMPLD: False V: p18
IMPLS: True IMPLD: True V: p4
IMPLS: True IMPLD: True V: p5
IMPLS: True IMPLD: False V: (p1 & (p2 & (p3 & (p4 & (p5 & (p6 & (p7 & (p8 & (p9 & (p10 & (p11 & (p12 & (p13 & (p14 & (p15 & (p16 & (p17 & p18)))))))))))))))))
IMPLS: True IMPLD: False V: p1
IMPLS: True IMPLD: False V: (p2 & (p3 & (p4 & (p5 & (p6 & (p7 & (p8 & (p9 & (p10 & (p11 & (p12 & (p13 & (p14 & (p15 & (p16 & (p17 & p18))))))))))))))))
IMPLS: True IMPLD: False V: p2
IMPLS: True IMPLD: False V: (p3 & (p4 & (p5 & (p6 & (p7 & (p8 & (p9 & (p10 & (p11 & (p12 & (p13 & (p14 & (p15 & (p16 & (p17 & p18)))))))))))))))
IMPLS: True IMPLD: False V: p3
IMPLS: True IMPLD: False V: (p4 & (p5 & (p6 & (p7 & (p8 & (p9 & (p10 & (p11 & (p12 & (p13 & (p14 & (p15 & (p16 & (p17 & p18))))))))))))))
IMPLS: True IMPLD: False V: p4
IMPLS: True IMPLD: False V: (p5 & (p6 & (p7 & (p8 & (p9 & (p10 & (p11 & (p12 & (p13 & (p14 & (p15 & (p16 & (p17 & p18)))))))))))))
IMPLS: True IMPLD: False V: p5
IMPLS: True IMPLD: False V: (p6 & (p7 & (p8 & (p9 & (p10 & (p11 & (p12 & (p13 & (p14 & (p15 & (p16 & (p17 & p18))))))))))))
IMPLS: True IMPLD: False V: p6
IMPLS: True IMPLD: False V: (p7 & (p8 & (p9 & (p10 & (p11 & (p12 & (p13 & (p14 & (p15 & (p16 & (p17 & p18)))))))))))
IMPLS: True IMPLD: False V: p7
IMPLS: True IMPLD: False V: (p8 & (p9 & (p10 & (p11 & (p12 & (p13 & (p14 & (p15 & (p16 & (p17 & p18))))))))))
IMPLS: True IMPLD: False V: p8
IMPLS: True IMPLD: False V: (p9 & (p10 & (p11 & (p12 & (p13 & (p14 & (p15 & (p16 & (p17 & p18)))))))))
IMPLS: True IMPLD: False V: p9
IMPLS: True IMPLD: False V: (p10 & (p11 & (p12 & (p13 & (p14 & (p15 & (p16 & (p17 & p18))))))))
IMPLS: True IMPLD: False V: p10
IMPLS: True IMPLD: False V: (p11 & (p12 & (p13 & (p14 & (p15 & (p16 & (p17 & p18)))))))
IMPLS: True IMPLD: False V: p11
IMPLS: True IMPLD: False V: (p12 & (p13 & (p14 & (p15 & (p16 & (p17 & p18))))))
IMPLS: True IMPLD: False V: p12
IMPLS: True IMPLD: False V: (p13 & (p14 & (p15 & (p16 & (p17 & p18)))))
IMPLS: True IMPLD: False V: p13
IMPLS: True IMPLD: False V: (p14 & (p15 & (p16 & (p17 & p18))))
IMPLS: True IMPLD: False V: p14
IMPLS: True IMPLD: False V: (p15 & (p16 & (p17 & p18)))
IMPLS: True IMPLD: False V: p15
IMPLS: True IMPLD: False V: (p16 & (p17 & p18))
IMPLS: True IMPLD: False V: p16
IMPLS: True IMPLD: False V: (p17 & p18)
IMPLS: True IMPLD: False V: p17
IMPLS: True IMPLD: False V: p18
IMPLS: True IMPLD: True V: p5
IMPLS: True IMPLD: True V: p6
IMPLS: True IMPLD: False V: (p1 & (p2 & (p3 & (p4 & (p5 & (p6 & (p7 & (p8 & (p9 & (p10 & (p11 & (p12 & (p13 & (p14 & (p15 & (p16 & (p17 & p18)))))))))))))))))
IMPLS: True IMPLD: False V: p1
IMPLS: True IMPLD: False V: (p2 & (p3 & (p4 & (p5 & (p6 & (p7 & (p8 & (p9 & (p10 & (p11 & (p12 & (p13 & (p14 & (p15 & (p16 & (p17 & p18))))))))))))))))
IMPLS: True IMPLD: False V: p2
IMPLS: True IMPLD: False V: (p3 & (p4 & (p5 & (p6 & (p7 & (p8 & (p9 & (p10 & (p11 & (p12 & (p13 & (p14 & (p15 & (p16 & (p17 & p18)))))))))))))))
IMPLS: True IMPLD: False V: p3
IMPLS: True IMPLD: False V: (p4 & (p5 & (p6 & (p7 & (p8 & (p9 & (p10 & (p11 & (p12 & (p13 & (p14 & (p15 & (p16 & (p17 & p18))))))))))))))
IMPLS: True IMPLD: False V: p4
IMPLS: True IMPLD: False V: (p5 & (p6 & (p7 & (p8 & (p9 & (p10 & (p11 & (p12 & (p13 & (p14 & (p15 & (p16 & (p17 & p18)))))))))))))
IMPLS: True IMPLD: False V: p5
IMPLS: True IMPLD: False V: (p6 & (p7 & (p8 & (p9 & (p10 & (p11 & (p12 & (p13 & (p14 & (p15 & (p16 & (p17 & p18))))))))))))
IMPLS: True IMPLD: False V: p6
IMPLS: True IMPLD: False V: (p7 & (p8 & (p9 & (p10 & (p11 & (p12 & (p13 & (p14 & (p15 & (p16 & (p17 & p18)))))))))))
IMPLS: True IMPLD: False V: p7
IMPLS: True IMPLD: False V: (p8 & (p9 & (p10 & (p11 & (p12 & (p13 & (p14 & (p15 & (p16 & (p17 & p18))))))))))
IMPLS: True IMPLD: False V: p8
IMPLS: True IMPLD: False V: (p9 & (p10 & (p11 & (p12 & (p13 & (p14 & (p15 & (p16 & (p17 & p18)))))))))
IMPLS: True IMPLD: False V: p9
IMPLS: True IMPLD: False V: (p10 & (p11 & (p12 & (p13 & (p14 & (p15 & (p16 & (p17 & p18))))))))
IMPLS: True IMPLD: False V: p10
IMPLS: True IMPLD: False V: (p11 & (p12 & (p13 & (p14 & (p15 & (p16 & (p17 & p18)))))))
IMPLS: True IMPLD: False V: p11
IMPLS: True IMPLD: False V: (p12 & (p13 & (p14 & (p15 & (p16 & (p17 & p18))))))
IMPLS: True IMPLD: False V: p12
IMPLS: True IMPLD: False V: (p13 & (p14 & (p15 & (p16 & (p17 & p18)))))
IMPLS: True IMPLD: False V: p13
IMPLS: True IMPLD: False V: (p14 & (p15 & (p16 & (p17 & p18))))
IMPLS: True IMPLD: False V: p14
IMPLS: True IMPLD: False V: (p15 & (p16 & (p17 & p18)))
IMPLS: True IMPLD: False V: p15
IMPLS: True IMPLD: False V: (p16 & (p17 & p18))
IMPLS: True IMPLD: False V: p16
IMPLS: True IMPLD: False V: (p17 & p18)
IMPLS: True IMPLD: False V: p17
IMPLS: True IMPLD: False V: p18
IMPLS: True IMPLD: True V: p6
IMPLS: True IMPLD: True V: p7
IMPLS: True IMPLD: False V: (p1 & (p2 & (p3 & (p4 & (p5 & (p6 & (p7 & (p8 & (p9 & (p10 & (p11 & (p12 & (p13 & (p14 & (p15 & (p16 & (p17 & p18)))))))))))))))))
IMPLS: True IMPLD: False V: p1
IMPLS: True IMPLD: False V: (p2 & (p3 & (p4 & (p5 & (p6 & (p7 & (p8 & (p9 & (p10 & (p11 & (p12 & (p13 & (p14 & (p15 & (p16 & (p17 & p18))))))))))))))))
IMPLS: True IMPLD: False V: p2
IMPLS: True IMPLD: False V: (p3 & (p4 & (p5 & (p6 & (p7 & (p8 & (p9 & (p10 & (p11 & (p12 & (p13 & (p14 & (p15 & (p16 & (p17 & p18)))))))))))))))
IMPLS: True IMPLD: False V: p3
IMPLS: True IMPLD: False V: (p4 & (p5 & (p6 & (p7 & (p8 & (p9 & (p10 & (p11 & (p12 & (p13 & (p14 & (p15 & (p16 & (p17 & p18))))))))))))))
IMPLS: True IMPLD: False V: p4
IMPLS: True IMPLD: False V: (p5 & (p6 & (p7 & (p8 & (p9 & (p10 & (p11 & (p12 & (p13 & (p14 & (p15 & (p16 & (p17 & p18)))))))))))))
IMPLS: True IMPLD: False V: p5
IMPLS: True IMPLD: False V: (p6 & (p7 & (p8 & (p9 & (p10 & (p11 & (p12 & (p13 & (p14 & (p15 & (p16 & (p17 & p18))))))))))))
IMPLS: True IMPLD: False V: p6
IMPLS: True IMPLD: False V: (p7 & (p8 & (p9 & (p10 & (p11 & (p12 & (p13 & (p14 & (p15 & (p16 & (p17 & p18)))))))))))
IMPLS: True IMPLD: False V: p7
IMPLS: True IMPLD: False V: (p8 & (p9 & (p10 & (p11 & (p12 & (p13 & (p14 & (p15 & (p16 & (p17 & p18))))))))))
IMPLS: True IMPLD: False V: p8
IMPLS: True IMPLD: False V: (p9 & (p10 & (p11 & (p12 & (p13 & (p14 & (p15 & (p16 & (p17 & p18)))))))))
IMPLS: True IMPLD: False V: p9
IMPLS: True IMPLD: False V: (p10 & (p11 & (p12 & (p13 & (p14 & (p15 & (p16 & (p17 & p18))))))))
IMPLS: True IMPLD: False V: p10
IMPLS: True IMPLD: False V: (p11 & (p12 & (p13 & (p14 & (p15 & (p16 & (p17 & p18)))))))
IMPLS: True IMPLD: False V: p11
IMPLS: True IMPLD: False V: (p12 & (p13 & (p14 & (p15 & (p16 & (p17 & p18))))))
IMPLS: True IMPLD: False V: p12
IMPLS: True IMPLD: False V: (p13 & (p14 & (p15 & (p16 & (p17 & p18)))))
IMPLS: True IMPLD: False V: p13
IMPLS: True IMPLD: False V: (p14 & (p15 & (p16 & (p17 & p18))))
IMPLS: True IMPLD: False V: p14
IMPLS: True IMPLD: False V: (p15 & (p16 & (p17 & p18)))
IMPLS: True IMPLD: False V: p15
IMPLS: True IMPLD: False V: (p16 & (p17 & p18))
IMPLS: True IMPLD: False V: p16
IMPLS: True IMPLD: False V: (p17 & p18)
IMPLS: True IMPLD: False V: p17
IMPLS: True IMPLD: False V: p18
IMPLS: True IMPLD: True V: p7
IMPLS: True IMPLD: True V: p8
IMPLS: True IMPLD: False V: (p1 & (p2 & (p3 & (p4 & (p5 & (p6 & (p7 & (p8 & (p9 & (p10 & (p11 & (p12 & (p13 & (p14 & (p15 & (p16 & (p17 & p18)))))))))))))))))
IMPLS: True IMPLD: False V: p1
IMPLS: True IMPLD: False V: (p2 & (p3 & (p4 & (p5 & (p6 & (p7 & (p8 & (p9 & (p10 & (p11 & (p12 & (p13 & (p14 & (p15 & (p16 & (p17 & p18))))))))))))))))
IMPLS: True IMPLD: False V: p2
IMPLS: True IMPLD: False V: (p3 & (p4 & (p5 & (p6 & (p7 & (p8 & (p9 & (p10 & (p11 & (p12 & (p13 & (p14 & (p15 & (p16 & (p17 & p18)))))))))))))))
IMPLS: True IMPLD: False V: p3
IMPLS: True IMPLD: False V: (p4 & (p5 & (p6 & (p7 & (p8 & (p9 & (p10 & (p11 & (p12 & (p13 & (p14 & (p15 & (p16 & (p17 & p18))))))))))))))
IMPLS: True IMPLD: False V: p4
IMPLS: True IMPLD: False V: (p5 & (p6 & (p7 & (p8 & (p9 & (p10 & (p11 & (p12 & (p13 & (p14 & (p15 & (p16 & (p17 & p18)))))))))))))
IMPLS: True IMPLD: False V: p5
IMPLS: True IMPLD: False V: (p6 & (p7 & (p8 & (p9 & (p10 & (p11 & (p12 & (p13 & (p14 & (p15 & (p16 & (p17 & p18))))))))))))
IMPLS: True IMPLD: False V: p6
IMPLS: True IMPLD: False V: (p7 & (p8 & (p9 & (p10 & (p11 & (p12 & (p13 & (p14 & (p15 & (p16 & (p17 & p18)))))))))))
IMPLS: True IMPLD: False V: p7
IMPLS: True IMPLD: False V: (p8 & (p9 & (p10 & (p11 & (p12 & (p13 & (p14 & (p15 & (p16 & (p17 & p18))))))))))
IMPLS: True IMPLD: False V: p8
IMPLS: True IMPLD: False V: (p9 & (p10 & (p11 & (p12 & (p13 & (p14 & (p15 & (p16 & (p17 & p18)))))))))
IMPLS: True IMPLD: False V: p9
IMPLS: True IMPLD: False V: (p10 & (p11 & (p12 & (p13 & (p14 & (p15 & (p16 & (p17 & p18))))))))
IMPLS: True IMPLD: False V: p10
IMPLS: True IMPLD: False V: (p11 & (p12 & (p13 & (p14 & (p15 & (p16 & (p17 & p18)))))))
IMPLS: True IMPLD: False V: p11
IMPLS: True IMPLD: False V: (p12 & (p13 & (p14 & (p15 & (p16 & (p17 & p18))))))
IMPLS: True IMPLD: False V: p12
IMPLS: True IMPLD: False V: (p13 & (p14 & (p15 & (p16 & (p17 & p18)))))
IMPLS: True IMPLD: False V: p13
IMPLS: True IMPLD: False V: (p14 & (p15 & (p16 & (p17 & p18))))
IMPLS: True IMPLD: False V: p14
IMPLS: True IMPLD: False V: (p15 & (p16 & (p17 & p18)))
IMPLS: True IMPLD: False V: p15
IMPLS: True IMPLD: False V: (p16 & (p17 & p18))
IMPLS: True IMPLD: False V: p16
IMPLS: True IMPLD: False V: (p17 & p18)
IMPLS: True IMPLD: False V: p17
IMPLS: True IMPLD: False V: p18
IMPLS: True IMPLD: True V: p8
IMPLS: True IMPLD: True V: p9
IMPLS: True IMPLD: False V: (p1 & (p2 & (p3 & (p4 & (p5 & (p6 & (p7 & (p8 & (p9 & (p10 & (p11 & (p12 & (p13 & (p14 & (p15 & (p16 & (p17 & p18)))))))))))))))))
IMPLS: True IMPLD: False V: p1
IMPLS: True IMPLD: False V: (p2 & (p3 & (p4 & (p5 & (p6 & (p7 & (p8 & (p9 & (p10 & (p11 & (p12 & (p13 & (p14 & (p15 & (p16 & (p17 & p18))))))))))))))))
IMPLS: True IMPLD: False V: p2
IMPLS: True IMPLD: False V: (p3 & (p4 & (p5 & (p6 & (p7 & (p8 & (p9 & (p10 & (p11 & (p12 & (p13 & (p14 & (p15 & (p16 & (p17 & p18)))))))))))))))
IMPLS: True IMPLD: False V: p3
IMPLS: True IMPLD: False V: (p4 & (p5 & (p6 & (p7 & (p8 & (p9 & (p10 & (p11 & (p12 & (p13 & (p14 & (p15 & (p16 & (p17 & p18))))))))))))))
IMPLS: True IMPLD: False V: p4
IMPLS: True IMPLD: False V: (p5 & (p6 & (p7 & (p8 & (p9 & (p10 & (p11 & (p12 & (p13 & (p14 & (p15 & (p16 & (p17 & p18)))))))))))))
IMPLS: True IMPLD: False V: p5
IMPLS: True IMPLD: False V: (p6 & (p7 & (p8 & (p9 & (p10 & (p11 & (p12 & (p13 & (p14 & (p15 & (p16 & (p17 & p18))))))))))))
IMPLS: True IMPLD: False V: p6
IMPLS: True IMPLD: False V: (p7 & (p8 & (p9 & (p10 & (p11 & (p12 & (p13 & (p14 & (p15 & (p16 & (p17 & p18)))))))))))
IMPLS: True IMPLD: False V: p7
IMPLS: True IMPLD: False V: (p8 & (p9 & (p10 & (p11 & (p12 & (p13 & (p14 & (p15 & (p16 & (p17 & p18))))))))))
IMPLS: True IMPLD: False V: p8
IMPLS: True IMPLD: False V: (p9 & (p10 & (p11 & (p12 & (p13 & (p14 & (p15 & (p16 & (p17 & p18)))))))))
IMPLS: True IMPLD: False V: p9
IMPLS: True IMPLD: False V: (p10 & (p11 & (p12 & (p13 & (p14 & (p15 & (p16 & (p17 & p18))))))))
IMPLS: True IMPLD: False V: p10
IMPLS: True IMPLD: False V: (p11 & (p12 & (p13 & (p14 & (p15 & (p16 & (p17 & p18)))))))
IMPLS: True IMPLD: False V: p11
IMPLS: True IMPLD: False V: (p12 & (p13 & (p14 & (p15 & (p16 & (p17 & p18))))))
IMPLS: True IMPLD: False V: p12
IMPLS: True IMPLD: False V: (p13 & (p14 & (p15 & (p16 & (p17 & p18)))))
IMPLS: True IMPLD: False V: p13
IMPLS: True IMPLD: False V: (p14 & (p15 & (p16 & (p17 & p18))))
IMPLS: True IMPLD: False V: p14
IMPLS: True IMPLD: False V: (p15 & (p16 & (p17 & p18)))
IMPLS: True IMPLD: False V: p15
IMPLS: True IMPLD: False V: (p16 & (p17 & p18))
IMPLS: True IMPLD: False V: p16
IMPLS: True IMPLD: False V: (p17 & p18)
IMPLS: True IMPLD: False V: p17
IMPLS: True IMPLD: False V: p18
IMPLS: True IMPLD: True V: p9
IMPLS: True IMPLD: True V: p10
IMPLS: True IMPLD: False V: (p1 & (p2 & (p3 & (p4 & (p5 & (p6 & (p7 & (p8 & (p9 & (p10 & (p11 & (p12 & (p13 & (p14 & (p15 & (p16 & (p17 & p18)))))))))))))))))
IMPLS: True IMPLD: False V: p1
IMPLS: True IMPLD: False V: (p2 & (p3 & (p4 & (p5 & (p6 & (p7 & (p8 & (p9 & (p10 & (p11 & (p12 & (p13 & (p14 & (p15 & (p16 & (p17 & p18))))))))))))))))
IMPLS: True IMPLD: False V: p2
IMPLS: True IMPLD: False V: (p3 & (p4 & (p5 & (p6 & (p7 & (p8 & (p9 & (p10 & (p11 & (p12 & (p13 & (p14 & (p15 & (p16 & (p17 & p18)))))))))))))))
IMPLS: True IMPLD: False V: p3
IMPLS: True IMPLD: False V: (p4 & (p5 & (p6 & (p7 & (p8 & (p9 & (p10 & (p11 & (p12 & (p13 & (p14 & (p15 & (p16 & (p17 & p18))))))))))))))
IMPLS: True IMPLD: False V: p4
IMPLS: True IMPLD: False V: (p5 & (p6 & (p7 & (p8 & (p9 & (p10 & (p11 & (p12 & (p13 & (p14 & (p15 & (p16 & (p17 & p18)))))))))))))
IMPLS: True IMPLD: False V: p5
IMPLS: True IMPLD: False V: (p6 & (p7 & (p8 & (p9 & (p10 & (p11 & (p12 & (p13 & (p14 & (p15 & (p16 & (p17 & p18))))))))))))
IMPLS: True IMPLD: False V: p6
IMPLS: True IMPLD: False V: (p7 & (p8 & (p9 & (p10 & (p11 & (p12 & (p13 & (p14 & (p15 & (p16 & (p17 & p18)))))))))))
IMPLS: True IMPLD: False V: p7
IMPLS: True IMPLD: False V: (p8 & (p9 & (p10 & (p11 & (p12 & (p13 & (p14 & (p15 & (p16 & (p17 & p18))))))))))
IMPLS: True IMPLD: False V: p8
IMPLS: True IMPLD: False V: (p9 & (p10 & (p11 & (p12 & (p13 & (p14 & (p15 & (p16 & (p17 & p18)))))))))
IMPLS: True IMPLD: False V: p9
IMPLS: True IMPLD: False V: (p10 & (p11 & (p12 & (p13 & (p14 & (p15 & (p16 & (p17 & p18))))))))
IMPLS: True IMPLD: False V: p10
IMPLS: True IMPLD: False V: (p11 & (p12 & (p13 & (p14 & (p15 & (p16 & (p17 & p18)))))))
IMPLS: True IMPLD: False V: p11
IMPLS: True IMPLD: False V: (p12 & (p13 & (p14 & (p15 & (p16 & (p17 & p18))))))
IMPLS: True IMPLD: False V: p12
IMPLS: True IMPLD: False V: (p13 & (p14 & (p15 & (p16 & (p17 & p18)))))
IMPLS: True IMPLD: False V: p13
IMPLS: True IMPLD: False V: (p14 & (p15 & (p16 & (p17 & p18))))
IMPLS: True IMPLD: False V: p14
IMPLS: True IMPLD: False V: (p15 & (p16 & (p17 & p18)))
IMPLS: True IMPLD: False V: p15
IMPLS: True IMPLD: False V: (p16 & (p17 & p18))
IMPLS: True IMPLD: False V: p16
IMPLS: True IMPLD: False V: (p17 & p18)
IMPLS: True IMPLD: False V: p17
IMPLS: True IMPLD: False V: p18
IMPLS: True IMPLD: True V: p10
IMPLS: True IMPLD: True V: p11
IMPLS: True IMPLD: False V: (p1 & (p2 & (p3 & (p4 & (p5 & (p6 & (p7 & (p8 & (p9 & (p10 & (p11 & (p12 & (p13 & (p14 & (p15 & (p16 & (p17 & p18)))))))))))))))))
IMPLS: True IMPLD: False V: p1
IMPLS: True IMPLD: False V: (p2 & (p3 & (p4 & (p5 & (p6 & (p7 & (p8 & (p9 & (p10 & (p11 & (p12 & (p13 & (p14 & (p15 & (p16 & (p17 & p18))))))))))))))))
IMPLS: True IMPLD: False V: p2
IMPLS: True IMPLD: False V: (p3 & (p4 & (p5 & (p6 & (p7 & (p8 & (p9 & (p10 & (p11 & (p12 & (p13 & (p14 & (p15 & (p16 & (p17 & p18)))))))))))))))
IMPLS: True IMPLD: False V: p3
IMPLS: True IMPLD: False V: (p4 & (p5 & (p6 & (p7 & (p8 & (p9 & (p10 & (p11 & (p12 & (p13 & (p14 & (p15 & (p16 & (p17 & p18))))))))))))))
IMPLS: True IMPLD: False V: p4
IMPLS: True IMPLD: False V: (p5 & (p6 & (p7 & (p8 & (p9 & (p10 & (p11 & (p12 & (p13 & (p14 & (p15 & (p16 & (p17 & p18)))))))))))))
IMPLS: True IMPLD: False V: p5
IMPLS: True IMPLD: False V: (p6 & (p7 & (p8 & (p9 & (p10 & (p11 & (p12 & (p13 & (p14 & (p15 & (p16 & (p17 & p18))))))))))))
IMPLS: True IMPLD: False V: p6
IMPLS: True IMPLD: False V: (p7 & (p8 & (p9 & (p10 & (p11 & (p12 & (p13 & (p14 & (p15 & (p16 & (p17 & p18)))))))))))
IMPLS: True IMPLD: False V: p7
IMPLS: True IMPLD: False V: (p8 & (p9 & (p10 & (p11 & (p12 & (p13 & (p14 & (p15 & (p16 & (p17 & p18))))))))))
IMPLS: True IMPLD: False V: p8
IMPLS: True IMPLD: False V: (p9 & (p10 & (p11 & (p12 & (p13 & (p14 & (p15 & (p16 & (p17 & p18)))))))))
IMPLS: True IMPLD: False V: p9
IMPLS: True IMPLD: False V: (p10 & (p11 & (p12 & (p13 & (p14 & (p15 & (p16 & (p17 & p18))))))))
IMPLS: True IMPLD: False V: p10
IMPLS: True IMPLD: False V: (p11 & (p12 & (p13 & (p14 & (p15 & (p16 & (p17 & p18)))))))
IMPLS: True IMPLD: False V: p11
IMPLS: True IMPLD: False V: (p12 & (p13 & (p14 & (p15 & (p16 & (p17 & p18))))))
IMPLS: True IMPLD: False V: p12
IMPLS: True IMPLD: False V: (p13 & (p14 & (p15 & (p16 & (p17 & p18)))))
IMPLS: True IMPLD: False V: p13
IMPLS: True IMPLD: False V: (p14 & (p15 & (p16 & (p17 & p18))))
IMPLS: True IMPLD: False V: p14
IMPLS: True IMPLD: False V: (p15 & (p16 & (p17 & p18)))
IMPLS: True IMPLD: False V: p15
IMPLS: True IMPLD: False V: (p16 & (p17 & p18))
IMPLS: True IMPLD: False V: p16
IMPLS: True IMPLD: False V: (p17 & p18)
IMPLS: True IMPLD: False V: p17
IMPLS: True IMPLD: False V: p18
IMPLS: True IMPLD: True V: p11
IMPLS: True IMPLD: True V: p12
IMPLS: True IMPLD: False V: (p1 & (p2 & (p3 & (p4 & (p5 & (p6 & (p7 & (p8 & (p9 & (p10 & (p11 & (p12 & (p13 & (p14 & (p15 & (p16 & (p17 & p18)))))))))))))))))
IMPLS: True IMPLD: False V: p1
IMPLS: True IMPLD: False V: (p2 & (p3 & (p4 & (p5 & (p6 & (p7 & (p8 & (p9 & (p10 & (p11 & (p12 & (p13 & (p14 & (p15 & (p16 & (p17 & p18))))))))))))))))
IMPLS: True IMPLD: False V: p2
IMPLS: True IMPLD: False V: (p3 & (p4 & (p5 & (p6 & (p7 & (p8 & (p9 & (p10 & (p11 & (p12 & (p13 & (p14 & (p15 & (p16 & (p17 & p18)))))))))))))))
IMPLS: True IMPLD: False V: p3
IMPLS: True IMPLD: False V: (p4 & (p5 & (p6 & (p7 & (p8 & (p9 & (p10 & (p11 & (p12 & (p13 & (p14 & (p15 & (p16 & (p17 & p18))))))))))))))
IMPLS: True IMPLD: False V: p4
IMPLS: True IMPLD: False V: (p5 & (p6 & (p7 & (p8 & (p9 & (p10 & (p11 & (p12 & (p13 & (p14 & (p15 & (p16 & (p17 & p18)))))))))))))
IMPLS: True IMPLD: False V: p5
IMPLS: True IMPLD: False V: (p6 & (p7 & (p8 & (p9 & (p10 & (p11 & (p12 & (p13 & (p14 & (p15 & (p16 & (p17 & p18))))))))))))
IMPLS: True IMPLD: False V: p6
IMPLS: True IMPLD: False V: (p7 & (p8 & (p9 & (p10 & (p11 & (p12 & (p13 & (p14 & (p15 & (p16 & (p17 & p18)))))))))))
IMPLS: True IMPLD: False V: p7
IMPLS: True IMPLD: False V: (p8 & (p9 & (p10 & (p11 & (p12 & (p13 & (p14 & (p15 & (p16 & (p17 & p18))))))))))
IMPLS: True IMPLD: False V: p8
IMPLS: True IMPLD: False V: (p9 & (p10 & (p11 & (p12 & (p13 & (p14 & (p15 & (p16 & (p17 & p18)))))))))
IMPLS: True IMPLD: False V: p9
IMPLS: True IMPLD: False V: (p10 & (p11 & (p12 & (p13 & (p14 & (p15 & (p16 & (p17 & p18))))))))
IMPLS: True IMPLD: False V: p10
IMPLS: True IMPLD: False V: (p11 & (p12 & (p13 & (p14 & (p15 & (p16 & (p17 & p18)))))))
IMPLS: True IMPLD: False V: p11
IMPLS: True IMPLD: False V: (p12 & (p13 & (p14 & (p15 & (p16 & (p17 & p18))))))
IMPLS: True IMPLD: False V: p12
IMPLS: True IMPLD: False V: (p13 & (p14 & (p15 & (p16 & (p17 & p18)))))
IMPLS: True IMPLD: False V: p13
IMPLS: True IMPLD: False V: (p14 & (p15 & (p16 & (p17 & p18))))
IMPLS: True IMPLD: False V: p14
IMPLS: True IMPLD: False V: (p15 & (p16 & (p17 & p18)))
IMPLS: True IMPLD: False V: p15
IMPLS: True IMPLD: False V: (p16 & (p17 & p18))
IMPLS: True IMPLD: False V: p16
IMPLS: True IMPLD: False V: (p17 & p18)
IMPLS: True IMPLD: False V: p17
IMPLS: True IMPLD: False V: p18
IMPLS: True IMPLD: True V: p12
IMPLS: True IMPLD: True V: p13
IMPLS: True IMPLD: False V: (p1 & (p2 & (p3 & (p4 & (p5 & (p6 & (p7 & (p8 & (p9 & (p10 & (p11 & (p12 & (p13 & (p14 & (p15 & (p16 & (p17 & p18)))))))))))))))))
IMPLS: True IMPLD: False V: p1
IMPLS: True IMPLD: False V: (p2 & (p3 & (p4 & (p5 & (p6 & (p7 & (p8 & (p9 & (p10 & (p11 & (p12 & (p13 & (p14 & (p15 & (p16 & (p17 & p18))))))))))))))))
IMPLS: True IMPLD: False V: p2
IMPLS: True IMPLD: False V: (p3 & (p4 & (p5 & (p6 & (p7 & (p8 & (p9 & (p10 & (p11 & (p12 & (p13 & (p14 & (p15 & (p16 & (p17 & p18)))))))))))))))
IMPLS: True IMPLD: False V: p3
IMPLS: True IMPLD: False V: (p4 & (p5 & (p6 & (p7 & (p8 & (p9 & (p10 & (p11 & (p12 & (p13 & (p14 & (p15 & (p16 & (p17 & p18))))))))))))))
IMPLS: True IMPLD: False V: p4
IMPLS: True IMPLD: False V: (p5 & (p6 & (p7 & (p8 & (p9 & (p10 & (p11 & (p12 & (p13 & (p14 & (p15 & (p16 & (p17 & p18)))))))))))))
IMPLS: True IMPLD: False V: p5
IMPLS: True IMPLD: False V: (p6 & (p7 & (p8 & (p9 & (p10 & (p11 & (p12 & (p13 & (p14 & (p15 & (p16 & (p17 & p18))))))))))))
IMPLS: True IMPLD: False V: p6
IMPLS: True IMPLD: False V: (p7 & (p8 & (p9 & (p10 & (p11 & (p12 & (p13 & (p14 & (p15 & (p16 & (p17 & p18)))))))))))
IMPLS: True IMPLD: False V: p7
IMPLS: True IMPLD: False V: (p8 & (p9 & (p10 & (p11 & (p12 & (p13 & (p14 & (p15 & (p16 & (p17 & p18))))))))))
IMPLS: True IMPLD: False V: p8
IMPLS: True IMPLD: False V: (p9 & (p10 & (p11 & (p12 & (p13 & (p14 & (p15 & (p16 & (p17 & p18)))))))))
IMPLS: True IMPLD: False V: p9
IMPLS: True IMPLD: False V: (p10 & (p11 & (p12 & (p13 & (p14 & (p15 & (p16 & (p17 & p18))))))))
IMPLS: True IMPLD: False V: p10
IMPLS: True IMPLD: False V: (p11 & (p12 & (p13 & (p14 & (p15 & (p16 & (p17 & p18)))))))
IMPLS: True IMPLD: False V: p11
IMPLS: True IMPLD: False V: (p12 & (p13 & (p14 & (p15 & (p16 & (p17 & p18))))))
IMPLS: True IMPLD: False V: p12
IMPLS: True IMPLD: False V: (p13 & (p14 & (p15 & (p16 & (p17 & p18)))))
IMPLS: True IMPLD: False V: p13
IMPLS: True IMPLD: False V: (p14 & (p15 & (p16 & (p17 & p18))))
IMPLS: True IMPLD: False V: p14
IMPLS: True IMPLD: False V: (p15 & (p16 & (p17 & p18)))
IMPLS: True IMPLD: False V: p15
IMPLS: True IMPLD: False V: (p16 & (p17 & p18))
IMPLS: True IMPLD: False V: p16
IMPLS: True IMPLD: False V: (p17 & p18)
IMPLS: True IMPLD: False V: p17
IMPLS: True IMPLD: False V: p18
IMPLS: True IMPLD: True V: p13
IMPLS: True IMPLD: True V: p14
IMPLS: True IMPLD: False V: (p1 & (p2 & (p3 & (p4 & (p5 & (p6 & (p7 & (p8 & (p9 & (p10 & (p11 & (p12 & (p13 & (p14 & (p15 & (p16 & (p17 & p18)))))))))))))))))
IMPLS: True IMPLD: False V: p1
IMPLS: True IMPLD: False V: (p2 & (p3 & (p4 & (p5 & (p6 & (p7 & (p8 & (p9 & (p10 & (p11 & (p12 & (p13 & (p14 & (p15 & (p16 & (p17 & p18))))))))))))))))
IMPLS: True IMPLD: False V: p2
IMPLS: True IMPLD: False V: (p3 & (p4 & (p5 & (p6 & (p7 & (p8 & (p9 & (p10 & (p11 & (p12 & (p13 & (p14 & (p15 & (p16 & (p17 & p18)))))))))))))))
IMPLS: True IMPLD: False V: p3
IMPLS: True IMPLD: False V: (p4 & (p5 & (p6 & (p7 & (p8 & (p9 & (p10 & (p11 & (p12 & (p13 & (p14 & (p15 & (p16 & (p17 & p18))))))))))))))
IMPLS: True IMPLD: False V: p4
IMPLS: True IMPLD: False V: (p5 & (p6 & (p7 & (p8 & (p9 & (p10 & (p11 & (p12 & (p13 & (p14 & (p15 & (p16 & (p17 & p18)))))))))))))
IMPLS: True IMPLD: False V: p5
IMPLS: True IMPLD: False V: (p6 & (p7 & (p8 & (p9 & (p10 & (p11 & (p12 & (p13 & (p14 & (p15 & (p16 & (p17 & p18))))))))))))
IMPLS: True IMPLD: False V: p6
IMPLS: True IMPLD: False V: (p7 & (p8 & (p9 & (p10 & (p11 & (p12 & (p13 & (p14 & (p15 & (p16 & (p17 & p18)))))))))))
IMPLS: True IMPLD: False V: p7
IMPLS: True IMPLD: False V: (p8 & (p9 & (p10 & (p11 & (p12 & (p13 & (p14 & (p15 & (p16 & (p17 & p18))))))))))
IMPLS: True IMPLD: False V: p8
IMPLS: True IMPLD: False V: (p9 & (p10 & (p11 & (p12 & (p13 & (p14 & (p15 & (p16 & (p17 & p18)))))))))
IMPLS: True IMPLD: False V: p9
IMPLS: True IMPLD: False V: (p10 & (p11 & (p12 & (p13 & (p14 & (p15 & (p16 & (p17 & p18))))))))
IMPLS: True IMPLD: False V: p10
IMPLS: True IMPLD: False V: (p11 & (p12 & (p13 & (p14 & (p15 & (p16 & (p17 & p18)))))))
IMPLS: True IMPLD: False V: p11
IMPLS: True IMPLD: False V: (p12 & (p13 & (p14 & (p15 & (p16 & (p17 & p18))))))
IMPLS: True IMPLD: False V: p12
IMPLS: True IMPLD: False V: (p13 & (p14 & (p15 & (p16 & (p17 & p18)))))
IMPLS: True IMPLD: False V: p13
IMPLS: True IMPLD: False V: (p14 & (p15 & (p16 & (p17 & p18))))
IMPLS: True IMPLD: False V: p14
IMPLS: True IMPLD: False V: (p15 & (p16 & (p17 & p18)))
IMPLS: True IMPLD: False V: p15
IMPLS: True IMPLD: False V: (p16 & (p17 & p18))
IMPLS: True IMPLD: False V: p16
IMPLS: True IMPLD: False V: (p17 & p18)
IMPLS: True IMPLD: False V: p17
IMPLS: True IMPLD: False V: p18
IMPLS: True IMPLD: True V: p14
IMPLS: True IMPLD: True V: p15
IMPLS: True IMPLD: False V: (p1 & (p2 & (p3 & (p4 & (p5 & (p6 & (p7 & (p8 & (p9 & (p10 & (p11 & (p12 & (p13 & (p14 & (p15 & (p16 & (p17 & p18)))))))))))))))))
IMPLS: True IMPLD: False V: p1
IMPLS: True IMPLD: False V: (p2 & (p3 & (p4 & (p5 & (p6 & (p7 & (p8 & (p9 & (p10 & (p11 & (p12 & (p13 & (p14 & (p15 & (p16 & (p17 & p18))))))))))))))))
IMPLS: True IMPLD: False V: p2
IMPLS: True IMPLD: False V: (p3 & (p4 & (p5 & (p6 & (p7 & (p8 & (p9 & (p10 & (p11 & (p12 & (p13 & (p14 & (p15 & (p16 & (p17 & p18)))))))))))))))
IMPLS: True IMPLD: False V: p3
IMPLS: True IMPLD: False V: (p4 & (p5 & (p6 & (p7 & (p8 & (p9 & (p10 & (p11 & (p12 & (p13 & (p14 & (p15 & (p16 & (p17 & p18))))))))))))))
IMPLS: True IMPLD: False V: p4
IMPLS: True IMPLD: False V: (p5 & (p6 & (p7 & (p8 & (p9 & (p10 & (p11 & (p12 & (p13 & (p14 & (p15 & (p16 & (p17 & p18)))))))))))))
IMPLS: True IMPLD: False V: p5
IMPLS: True IMPLD: False V: (p6 & (p7 & (p8 & (p9 & (p10 & (p11 & (p12 & (p13 & (p14 & (p15 & (p16 & (p17 & p18))))))))))))
IMPLS: True IMPLD: False V: p6
IMPLS: True IMPLD: False V: (p7 & (p8 & (p9 & (p10 & (p11 & (p12 & (p13 & (p14 & (p15 & (p16 & (p17 & p18)))))))))))
IMPLS: True IMPLD: False V: p7
IMPLS: True IMPLD: False V: (p8 & (p9 & (p10 & (p11 & (p12 & (p13 & (p14 & (p15 & (p16 & (p17 & p18))))))))))
IMPLS: True IMPLD: False V: p8
IMPLS: True IMPLD: False V: (p9 & (p10 & (p11 & (p12 & (p13 & (p14 & (p15 & (p16 & (p17 & p18)))))))))
IMPLS: True IMPLD: False V: p9
IMPLS: True IMPLD: False V: (p10 & (p11 & (p12 & (p13 & (p14 & (p15 & (p16 & (p17 & p18))))))))
IMPLS: True IMPLD: False V: p10
IMPLS: True IMPLD: False V: (p11 & (p12 & (p13 & (p14 & (p15 & (p16 & (p17 & p18)))))))
IMPLS: True IMPLD: False V: p11
IMPLS: True IMPLD: False V: (p12 & (p13 & (p14 & (p15 & (p16 & (p17 & p18))))))
IMPLS: True IMPLD: False V: p12
IMPLS: True IMPLD: False V: (p13 & (p14 & (p15 & (p16 & (p17 & p18)))))
IMPLS: True IMPLD: False V: p13
IMPLS: True IMPLD: False V: (p14 & (p15 & (p16 & (p17 & p18))))
IMPLS: True IMPLD: False V: p14
IMPLS: True IMPLD: False V: (p15 & (p16 & (p17 & p18)))
IMPLS: True IMPLD: False V: p15
IMPLS: True IMPLD: False V: (p16 & (p17 & p18))
IMPLS: True IMPLD: False V: p16
IMPLS: True IMPLD: False V: (p17 & p18)
IMPLS: True IMPLD: False V: p17
IMPLS: True IMPLD: False V: p18
IMPLS: True IMPLD: True V: p15
IMPLS: True IMPLD: True V: p16
IMPLS: True IMPLD: False V: (p1 & (p2 & (p3 & (p4 & (p5 & (p6 & (p7 & (p8 & (p9 & (p10 & (p11 & (p12 & (p13 & (p14 & (p15 & (p16 & (p17 & p18)))))))))))))))))
IMPLS: True IMPLD: False V: p1
IMPLS: True IMPLD: False V: (p2 & (p3 & (p4 & (p5 & (p6 & (p7 & (p8 & (p9 & (p10 & (p11 & (p12 & (p13 & (p14 & (p15 & (p16 & (p17 & p18))))))))))))))))
IMPLS: True IMPLD: False V: p2
IMPLS: True IMPLD: False V: (p3 & (p4 & (p5 & (p6 & (p7 & (p8 & (p9 & (p10 & (p11 & (p12 & (p13 & (p14 & (p15 & (p16 & (p17 & p18)))))))))))))))
IMPLS: True IMPLD: False V: p3
IMPLS: True IMPLD: False V: (p4 & (p5 & (p6 & (p7 & (p8 & (p9 & (p10 & (p11 & (p12 & (p13 & (p14 & (p15 & (p16 & (p17 & p18))))))))))))))
IMPLS: True IMPLD: False V: p4
IMPLS: True IMPLD: False V: (p5 & (p6 & (p7 & (p8 & (p9 & (p10 & (p11 & (p12 & (p13 & (p14 & (p15 & (p16 & (p17 & p18)))))))))))))
IMPLS: True IMPLD: False V: p5
IMPLS: True IMPLD: False V: (p6 & (p7 & (p8 & (p9 & (p10 & (p11 & (p12 & (p13 & (p14 & (p15 & (p16 & (p17 & p18))))))))))))
IMPLS: True IMPLD: False V: p6
IMPLS: True IMPLD: False V: (p7 & (p8 & (p9 & (p10 & (p11 & (p12 & (p13 & (p14 & (p15 & (p16 & (p17 & p18)))))))))))
IMPLS: True IMPLD: False V: p7
IMPLS: True IMPLD: False V: (p8 & (p9 & (p10 & (p11 & (p12 & (p13 & (p14 & (p15 & (p16 & (p17 & p18))))))))))
IMPLS: True IMPLD: False V: p8
IMPLS: True IMPLD: False V: (p9 & (p10 & (p11 & (p12 & (p13 & (p14 & (p15 & (p16 & (p17 & p18)))))))))
IMPLS: True IMPLD: False V: p9
IMPLS: True IMPLD: False V: (p10 & (p11 & (p12 & (p13 & (p14 & (p15 & (p16 & (p17 & p18))))))))
IMPLS: True IMPLD: False V: p10
IMPLS: True IMPLD: False V: (p11 & (p12 & (p13 & (p14 & (p15 & (p16 & (p17 & p18)))))))
IMPLS: True IMPLD: False V: p11
IMPLS: True IMPLD: False V: (p12 & (p13 & (p14 & (p15 & (p16 & (p17 & p18))))))
IMPLS: True IMPLD: False V: p12
IMPLS: True IMPLD: False V: (p13 & (p14 & (p15 & (p16 & (p17 & p18)))))
IMPLS: True IMPLD: False V: p13
IMPLS: True IMPLD: False V: (p14 & (p15 & (p16 & (p17 & p18))))
IMPLS: True IMPLD: False V: p14
IMPLS: True IMPLD: False V: (p15 & (p16 & (p17 & p18)))
IMPLS: True IMPLD: False V: p15
IMPLS: True IMPLD: False V: (p16 & (p17 & p18))
IMPLS: True IMPLD: False V: p16
IMPLS: True IMPLD: False V: (p17 & p18)
IMPLS: True IMPLD: False V: p17
IMPLS: True IMPLD: False V: p18
IMPLS: True IMPLD: True V: p16
IMPLS: True IMPLD: True V: p17
IMPLS: True IMPLD: False V: (p1 & (p2 & (p3 & (p4 & (p5 & (p6 & (p7 & (p8 & (p9 & (p10 & (p11 & (p12 & (p13 & (p14 & (p15 & (p16 & (p17 & p18)))))))))))))))))
IMPLS: True IMPLD: False V: p1
IMPLS: True IMPLD: False V: (p2 & (p3 & (p4 & (p5 & (p6 & (p7 & (p8 & (p9 & (p10 & (p11 & (p12 & (p13 & (p14 & (p15 & (p16 & (p17 & p18))))))))))))))))
IMPLS: True IMPLD: False V: p2
IMPLS: True IMPLD: False V: (p3 & (p4 & (p5 & (p6 & (p7 & (p8 & (p9 & (p10 & (p11 & (p12 & (p13 & (p14 & (p15 & (p16 & (p17 & p18)))))))))))))))
IMPLS: True IMPLD: False V: p3
IMPLS: True IMPLD: False V: (p4 & (p5 & (p6 & (p7 & (p8 & (p9 & (p10 & (p11 & (p12 & (p13 & (p14 & (p15 & (p16 & (p17 & p18))))))))))))))
IMPLS: True IMPLD: False V: p4
IMPLS: True IMPLD: False V: (p5 & (p6 & (p7 & (p8 & (p9 & (p10 & (p11 & (p12 & (p13 & (p14 & (p15 & (p16 & (p17 & p18)))))))))))))
IMPLS: True IMPLD: False V: p5
IMPLS: True IMPLD: False V: (p6 & (p7 & (p8 & (p9 & (p10 & (p11 & (p12 & (p13 & (p14 & (p15 & (p16 & (p17 & p18))))))))))))
IMPLS: True IMPLD: False V: p6
IMPLS: True IMPLD: False V: (p7 & (p8 & (p9 & (p10 & (p11 & (p12 & (p13 & (p14 & (p15 & (p16 & (p17 & p18)))))))))))
IMPLS: True IMPLD: False V: p7
IMPLS: True IMPLD: False V: (p8 & (p9 & (p10 & (p11 & (p12 & (p13 & (p14 & (p15 & (p16 & (p17 & p18))))))))))
IMPLS: True IMPLD: False V: p8
IMPLS: True IMPLD: False V: (p9 & (p10 & (p11 & (p12 & (p13 & (p14 & (p15 & (p16 & (p17 & p18)))))))))
IMPLS: True IMPLD: False V: p9
IMPLS: True IMPLD: False V: (p10 & (p11 & (p12 & (p13 & (p14 & (p15 & (p16 & (p17 & p18))))))))
IMPLS: True IMPLD: False V: p10
IMPLS: True IMPLD: False V: (p11 & (p12 & (p13 & (p14 & (p15 & (p16 & (p17 & p18)))))))
IMPLS: True IMPLD: False V: p11
IMPLS: True IMPLD: False V: (p12 & (p13 & (p14 & (p15 & (p16 & (p17 & p18))))))
IMPLS: True IMPLD: False V: p12
IMPLS: True IMPLD: False V: (p13 & (p14 & (p15 & (p16 & (p17 & p18)))))
IMPLS: True IMPLD: False V: p13
IMPLS: True IMPLD: False V: (p14 & (p15 & (p16 & (p17 & p18))))
IMPLS: True IMPLD: False V: p14
IMPLS: True IMPLD: False V: (p15 & (p16 & (p17 & p18)))
IMPLS: True IMPLD: False V: p15
IMPLS: True IMPLD: False V: (p16 & (p17 & p18))
IMPLS: True IMPLD: False V: p16
IMPLS: True IMPLD: False V: (p17 & p18)
IMPLS: True IMPLD: False V: p17
IMPLS: True IMPLD: False V: p18
IMPLS: True IMPLD: True V: p17
IMPLS: True IMPLD: True V: p18
IMPLS: True IMPLD: False V: (p1 & (p2 & (p3 & (p4 & (p5 & (p6 & (p7 & (p8 & (p9 & (p10 & (p11 & (p12 & (p13 & (p14 & (p15 & (p16 & (p17 & p18)))))))))))))))))
IMPLS: True IMPLD: False V: p1
IMPLS: True IMPLD: False V: (p2 & (p3 & (p4 & (p5 & (p6 & (p7 & (p8 & (p9 & (p10 & (p11 & (p12 & (p13 & (p14 & (p15 & (p16 & (p17 & p18))))))))))))))))
IMPLS: True IMPLD: False V: p2
IMPLS: True IMPLD: False V: (p3 & (p4 & (p5 & (p6 & (p7 & (p8 & (p9 & (p10 & (p11 & (p12 & (p13 & (p14 & (p15 & (p16 & (p17 & p18)))))))))))))))
IMPLS: True IMPLD: False V: p3
IMPLS: True IMPLD: False V: (p4 & (p5 & (p6 & (p7 & (p8 & (p9 & (p10 & (p11 & (p12 & (p13 & (p14 & (p15 & (p16 & (p17 & p18))))))))))))))
IMPLS: True IMPLD: False V: p4
IMPLS: True IMPLD: False V: (p5 & (p6 & (p7 & (p8 & (p9 & (p10 & (p11 & (p12 & (p13 & (p14 & (p15 & (p16 & (p17 & p18)))))))))))))
IMPLS: True IMPLD: False V: p5
IMPLS: True IMPLD: False V: (p6 & (p7 & (p8 & (p9 & (p10 & (p11 & (p12 & (p13 & (p14 & (p15 & (p16 & (p17 & p18))))))))))))
IMPLS: True IMPLD: False V: p6
IMPLS: True IMPLD: False V: (p7 & (p8 & (p9 & (p10 & (p11 & (p12 & (p13 & (p14 & (p15 & (p16 & (p17 & p18)))))))))))
IMPLS: True IMPLD: False V: p7
IMPLS: True IMPLD: False V: (p8 & (p9 & (p10 & (p11 & (p12 & (p13 & (p14 & (p15 & (p16 & (p17 & p18))))))))))
IMPLS: True IMPLD: False V: p8
IMPLS: True IMPLD: False V: (p9 & (p10 & (p11 & (p12 & (p13 & (p14 & (p15 & (p16 & (p17 & p18)))))))))
IMPLS: True IMPLD: False V: p9
IMPLS: True IMPLD: False V: (p10 & (p11 & (p12 & (p13 & (p14 & (p15 & (p16 & (p17 & p18))))))))
IMPLS: True IMPLD: False V: p10
IMPLS: True IMPLD: False V: (p11 & (p12 & (p13 & (p14 & (p15 & (p16 & (p17 & p18)))))))
IMPLS: True IMPLD: False V: p11
IMPLS: True IMPLD: False V: (p12 & (p13 & (p14 & (p15 & (p16 & (p17 & p18))))))
IMPLS: True IMPLD: False V: p12
IMPLS: True IMPLD: False V: (p13 & (p14 & (p15 & (p16 & (p17 & p18)))))
IMPLS: True IMPLD: False V: p13
IMPLS: True IMPLD: False V: (p14 & (p15 & (p16 & (p17 & p18))))
IMPLS: True IMPLD: False V: p14
IMPLS: True IMPLD: False V: (p15 & (p16 & (p17 & p18)))
IMPLS: True IMPLD: False V: p15
IMPLS: True IMPLD: False V: (p16 & (p17 & p18))
IMPLS: True IMPLD: False V: p16
IMPLS: True IMPLD: False V: (p17 & p18)
IMPLS: True IMPLD: False V: p17
IMPLS: True IMPLD: False V: p18
IMPLS: True IMPLD: True V: p18
IMPLS: True IMPLD: True V: p1
IMPLS: True IMPLD: False V: (p1 & (p2 & (p3 & (p4 & (p5 & (p6 & (p7 & (p8 & (p9 & (p10 & (p11 & (p12 & (p13 & (p14 & (p15 & (p16 & (p17 & p18)))))))))))))))))
IMPLS: True IMPLD: False V: p1
IMPLS: True IMPLD: False V: (p2 & (p3 & (p4 & (p5 & (p6 & (p7 & (p8 & (p9 & (p10 & (p11 & (p12 & (p13 & (p14 & (p15 & (p16 & (p17 & p18))))))))))))))))
IMPLS: True IMPLD: False V: p2
IMPLS: True IMPLD: False V: (p3 & (p4 & (p5 & (p6 & (p7 & (p8 & (p9 & (p10 & (p11 & (p12 & (p13 & (p14 & (p15 & (p16 & (p17 & p18)))))))))))))))
IMPLS: True IMPLD: False V: p3
IMPLS: True IMPLD: False V: (p4 & (p5 & (p6 & (p7 & (p8 & (p9 & (p10 & (p11 & (p12 & (p13 & (p14 & (p15 & (p16 & (p17 & p18))))))))))))))
IMPLS: True IMPLD: False V: p4
IMPLS: True IMPLD: False V: (p5 & (p6 & (p7 & (p8 & (p9 & (p10 & (p11 & (p12 & (p13 & (p14 & (p15 & (p16 & (p17 & p18)))))))))))))
IMPLS: True IMPLD: False V: p5
IMPLS: True IMPLD: False V: (p6 & (p7 & (p8 & (p9 & (p10 & (p11 & (p12 & (p13 & (p14 & (p15 & (p16 & (p17 & p18))))))))))))
IMPLS: True IMPLD: False V: p6
IMPLS: True IMPLD: False V: (p7 & (p8 & (p9 & (p10 & (p11 & (p12 & (p13 & (p14 & (p15 & (p16 & (p17 & p18)))))))))))
IMPLS: True IMPLD: False V: p7
IMPLS: True IMPLD: False V: (p8 & (p9 & (p10 & (p11 & (p12 & (p13 & (p14 & (p15 & (p16 & (p17 & p18))))))))))
IMPLS: True IMPLD: False V: p8
IMPLS: True IMPLD: False V: (p9 & (p10 & (p11 & (p12 & (p13 & (p14 & (p15 & (p16 & (p17 & p18)))))))))
IMPLS: True IMPLD: False V: p9
IMPLS: True IMPLD: False V: (p10 & (p11 & (p12 & (p13 & (p14 & (p15 & (p16 & (p17 & p18))))))))
IMPLS: True IMPLD: False V: p10
IMPLS: True IMPLD: False V: (p11 & (p12 & (p13 & (p14 & (p15 & (p16 & (p17 & p18)))))))
IMPLS: True IMPLD: False V: p11
IMPLS: True IMPLD: False V: (p12 & (p13 & (p14 & (p15 & (p16 & (p17 & p18))))))
IMPLS: True IMPLD: False V: p12
IMPLS: True IMPLD: False V: (p13 & (p14 & (p15 & (p16 & (p17 & p18)))))
IMPLS: True IMPLD: False V: p13
IMPLS: True IMPLD: False V: (p14 & (p15 & (p16 & (p17 & p18))))
IMPLS: True IMPLD: False V: p14
IMPLS: True IMPLD: False V: (p15 & (p16 & (p17 & p18)))
IMPLS: True IMPLD: False V: p15
IMPLS: True IMPLD: False V: (p16 & (p17 & p18))
IMPLS: True IMPLD: False V: p16
IMPLS: True IMPLD: False V: (p17 & p18)
IMPLS: True IMPLD: False V: p17
IMPLS: True IMPLD: False V: p18
IMPLS: False IMPLD: True V: p1
IMPLS: False IMPLD: True V: p2
IMPLS: False IMPLD: True V: p3
IMPLS: False IMPLD: True V: p4
IMPLS: False IMPLD: True V: p5
IMPLS: False IMPLD: True V: p6
IMPLS: False IMPLD: True V: p7
IMPLS: False IMPLD: True V: p8
IMPLS: False IMPLD: True V: p9
IMPLS: False IMPLD: True V: p10
IMPLS: False IMPLD: True V: p11
IMPLS: False IMPLD: True V: p12
IMPLS: False IMPLD: True V: p13
IMPLS: False IMPLD: True V: p14
IMPLS: False IMPLD: True V: p15
IMPLS: False IMPLD: True V: p16
IMPLS: False IMPLD: True V: p17
IMPLS: False IMPLD: True V: p18
IMPLS: True IMPLD: False V: $goal
IMPLS: True IMPLD: False V: p0
IMPLS: False IMPLD: True V: $false
IMPLS: True IMPLD: False V: $goal
+++ Reading file '"benchmarks/syj207/intuitr-formulas/syj207-n09.p"'...
+++ Clausification...
[((p1 <=> p2) => (p1 & (p2 & (p3 & (p4 & (p5 & (p6 & (p7 & (p8 & (p9 & (p10 & (p11 & (p12 & (p13 & (p14 & (p15 & (p16 & (p17 & p18)))))))))))))))))),((p2 <=> p3) => (p1 & (p2 & (p3 & (p4 & (p5 & (p6 & (p7 & (p8 & (p9 & (p10 & (p11 & (p12 & (p13 & (p14 & (p15 & (p16 & (p17 & p18)))))))))))))))))),((p3 <=> p4) => (p1 & (p2 & (p3 & (p4 & (p5 & (p6 & (p7 & (p8 & (p9 & (p10 & (p11 & (p12 & (p13 & (p14 & (p15 & (p16 & (p17 & p18)))))))))))))))))),((p4 <=> p5) => (p1 & (p2 & (p3 & (p4 & (p5 & (p6 & (p7 & (p8 & (p9 & (p10 & (p11 & (p12 & (p13 & (p14 & (p15 & (p16 & (p17 & p18)))))))))))))))))),((p5 <=> p6) => (p1 & (p2 & (p3 & (p4 & (p5 & (p6 & (p7 & (p8 & (p9 & (p10 & (p11 & (p12 & (p13 & (p14 & (p15 & (p16 & (p17 & p18)))))))))))))))))),((p6 <=> p7) => (p1 & (p2 & (p3 & (p4 & (p5 & (p6 & (p7 & (p8 & (p9 & (p10 & (p11 & (p12 & (p13 & (p14 & (p15 & (p16 & (p17 & p18)))))))))))))))))),((p7 <=> p8) => (p1 & (p2 & (p3 & (p4 & (p5 & (p6 & (p7 & (p8 & (p9 & (p10 & (p11 & (p12 & (p13 & (p14 & (p15 & (p16 & (p17 & p18)))))))))))))))))),((p8 <=> p9) => (p1 & (p2 & (p3 & (p4 & (p5 & (p6 & (p7 & (p8 & (p9 & (p10 & (p11 & (p12 & (p13 & (p14 & (p15 & (p16 & (p17 & p18)))))))))))))))))),((p9 <=> p10) => (p1 & (p2 & (p3 & (p4 & (p5 & (p6 & (p7 & (p8 & (p9 & (p10 & (p11 & (p12 & (p13 & (p14 & (p15 & (p16 & (p17 & p18)))))))))))))))))),((p10 <=> p11) => (p1 & (p2 & (p3 & (p4 & (p5 & (p6 & (p7 & (p8 & (p9 & (p10 & (p11 & (p12 & (p13 & (p14 & (p15 & (p16 & (p17 & p18)))))))))))))))))),((p11 <=> p12) => (p1 & (p2 & (p3 & (p4 & (p5 & (p6 & (p7 & (p8 & (p9 & (p10 & (p11 & (p12 & (p13 & (p14 & (p15 & (p16 & (p17 & p18)))))))))))))))))),((p12 <=> p13) => (p1 & (p2 & (p3 & (p4 & (p5 & (p6 & (p7 & (p8 & (p9 & (p10 & (p11 & (p12 & (p13 & (p14 & (p15 & (p16 & (p17 & p18)))))))))))))))))),((p13 <=> p14) => (p1 & (p2 & (p3 & (p4 & (p5 & (p6 & (p7 & (p8 & (p9 & (p10 & (p11 & (p12 & (p13 & (p14 & (p15 & (p16 & (p17 & p18)))))))))))))))))),((p14 <=> p15) => (p1 & (p2 & (p3 & (p4 & (p5 & (p6 & (p7 & (p8 & (p9 & (p10 & (p11 & (p12 & (p13 & (p14 & (p15 & (p16 & (p17 & p18)))))))))))))))))),((p15 <=> p16) => (p1 & (p2 & (p3 & (p4 & (p5 & (p6 & (p7 & (p8 & (p9 & (p10 & (p11 & (p12 & (p13 & (p14 & (p15 & (p16 & (p17 & p18)))))))))))))))))),((p16 <=> p17) => (p1 & (p2 & (p3 & (p4 & (p5 & (p6 & (p7 & (p8 & (p9 & (p10 & (p11 & (p12 & (p13 & (p14 & (p15 & (p16 & (p17 & p18)))))))))))))))))),((p17 <=> p18) => (p1 & (p2 & (p3 & (p4 & (p5 & (p6 & (p7 & (p8 & (p9 & (p10 & (p11 & (p12 & (p13 & (p14 & (p15 & (p16 & (p17 & p18)))))))))))))))))),((p18 <=> p1) => (p1 & (p2 & (p3 & (p4 & (p5 & (p6 & (p7 & (p8 & (p9 & (p10 & (p11 & (p12 & (p13 & (p14 & (p15 & (p16 & (p17 & p18)))))))))))))))))),((p0 | ((p1 & (p2 & (p3 & (p4 & (p5 & (p6 & (p7 & (p8 & (p9 & (p10 & (p11 & (p12 & (p13 & (p14 & (p15 & (p16 & (p17 & p18))))))))))))))))) | (p0 => $false))) => $goal)]
([["$p1","$p2"] =>  ["$p0"],["$p3"] =>  ["p17"],["$p3"] =>  ["p18"],["$p4"] =>  ["p16"],["$p4"] =>  ["$p3"],["$p5"] =>  ["p15"],["$p5"] =>  ["$p4"],["$p6"] =>  ["p14"],["$p6"] =>  ["$p5"],["$p7"] =>  ["p13"],["$p7"] =>  ["$p6"],["$p8"] =>  ["p12"],["$p8"] =>  ["$p7"],["$p9"] =>  ["p11"],["$p9"] =>  ["$p8"],["$p10"] =>  ["p10"],["$p10"] =>  ["$p9"],["$p11"] =>  ["p9"],["$p11"] =>  ["$p10"],["$p12"] =>  ["p8"],["$p12"] =>  ["$p11"],["$p13"] =>  ["p7"],["$p13"] =>  ["$p12"],["$p14"] =>  ["p6"],["$p14"] =>  ["$p13"],["$p15"] =>  ["p5"],["$p15"] =>  ["$p14"],["$p16"] =>  ["p4"],["$p16"] =>  ["$p15"],["$p17"] =>  ["p3"],["$p17"] =>  ["$p16"],["$p18"] =>  ["p2"],["$p18"] =>  ["$p17"],["$p19"] =>  ["p1"],["$p19"] =>  ["$p18"],["$p0"] =>  ["$p19"],["$p21","$p22"] =>  ["$p20"],["$p20"] =>  ["$p19"],["$p24","$p25"] =>  ["$p23"],["$p23"] =>  ["$p19"],["$p27","$p28"] =>  ["$p26"],["$p26"] =>  ["$p19"],["$p30","$p31"] =>  ["$p29"],["$p29"] =>  ["$p19"],["$p33","$p34"] =>  ["$p32"],["$p32"] =>  ["$p19"],["$p36","$p37"] =>  ["$p35"],["$p35"] =>  ["$p19"],["$p39","$p40"] =>  ["$p38"],["$p38"] =>  ["$p19"],["$p42","$p43"] =>  ["$p41"],["$p41"] =>  ["$p19"],["$p45","$p46"] =>  ["$p44"],["$p44"] =>  ["$p19"],["$p48","$p49"] =>  ["$p47"],["$p47"] =>  ["$p19"],["$p51","$p52"] =>  ["$p50"],["$p50"] =>  ["$p19"],["$p54","$p55"] =>  ["$p53"],["$p53"] =>  ["$p19"],["$p57","$p58"] =>  ["$p56"],["$p56"] =>  ["$p19"],["$p60","$p61"] =>  ["$p59"],["$p59"] =>  ["$p19"],["$p63","$p64"] =>  ["$p62"],["$p62"] =>  ["$p19"],["$p66","$p67"] =>  ["$p65"],["$p65"] =>  ["$p19"],["$p69","$p70"] =>  ["$p68"],["$p68"] =>  ["$p19"],["p0"] =>  ["$goal"],["p1","p2","p3","p4","p5","p6","p7","p8","p9","p10","p11","p12","p13","p14","p15","p16","p17","p18"] =>  ["$goal"]],[(("p1") -> ("p2")) -> ("$p1"),(("p2") -> ("p1")) -> ("$p2"),(("p2") -> ("p3")) -> ("$p21"),(("p3") -> ("p2")) -> ("$p22"),(("p3") -> ("p4")) -> ("$p24"),(("p4") -> ("p3")) -> ("$p25"),(("p4") -> ("p5")) -> ("$p27"),(("p5") -> ("p4")) -> ("$p28"),(("p5") -> ("p6")) -> ("$p30"),(("p6") -> ("p5")) -> ("$p31"),(("p6") -> ("p7")) -> ("$p33"),(("p7") -> ("p6")) -> ("$p34"),(("p7") -> ("p8")) -> ("$p36"),(("p8") -> ("p7")) -> ("$p37"),(("p8") -> ("p9")) -> ("$p39"),(("p9") -> ("p8")) -> ("$p40"),(("p9") -> ("p10")) -> ("$p42"),(("p10") -> ("p9")) -> ("$p43"),(("p10") -> ("p11")) -> ("$p45"),(("p11") -> ("p10")) -> ("$p46"),(("p11") -> ("p12")) -> ("$p48"),(("p12") -> ("p11")) -> ("$p49"),(("p12") -> ("p13")) -> ("$p51"),(("p13") -> ("p12")) -> ("$p52"),(("p13") -> ("p14")) -> ("$p54"),(("p14") -> ("p13")) -> ("$p55"),(("p14") -> ("p15")) -> ("$p57"),(("p15") -> ("p14")) -> ("$p58"),(("p15") -> ("p16")) -> ("$p60"),(("p16") -> ("p15")) -> ("$p61"),(("p16") -> ("p17")) -> ("$p63"),(("p17") -> ("p16")) -> ("$p64"),(("p17") -> ("p18")) -> ("$p66"),(("p18") -> ("p17")) -> ("$p67"),(("p18") -> ("p1")) -> ("$p69"),(("p1") -> ("p18")) -> ("$p70"),(("p0") -> ("$false")) -> ("$goal")],"$goal")
+++ Created 108 flat clauses and 37 implication clauses
+++ Proving (intuitR, CADE 2021)
+++ RESULT: CounterSatisfiable (intuitionistically)
============================
Clausification time: 0.008 sec
Prover time: 0.002 sec
