IMPLS: True IMPLD: True V: p1
IMPLS: True IMPLD: True V: p2
IMPLS: True IMPLD: False V: (p1 & (p2 & (p3 & p4)))
IMPLS: True IMPLD: False V: p1
IMPLS: True IMPLD: False V: (p2 & (p3 & p4))
IMPLS: True IMPLD: False V: p2
IMPLS: True IMPLD: False V: (p3 & p4)
IMPLS: True IMPLD: False V: p3
IMPLS: True IMPLD: False V: p4
IMPLS: True IMPLD: True V: p2
IMPLS: True IMPLD: True V: p3
IMPLS: True IMPLD: False V: (p1 & (p2 & (p3 & p4)))
IMPLS: True IMPLD: False V: p1
IMPLS: True IMPLD: False V: (p2 & (p3 & p4))
IMPLS: True IMPLD: False V: p2
IMPLS: True IMPLD: False V: (p3 & p4)
IMPLS: True IMPLD: False V: p3
IMPLS: True IMPLD: False V: p4
IMPLS: True IMPLD: True V: p3
IMPLS: True IMPLD: True V: p4
IMPLS: True IMPLD: False V: (p1 & (p2 & (p3 & p4)))
IMPLS: True IMPLD: False V: p1
IMPLS: True IMPLD: False V: (p2 & (p3 & p4))
IMPLS: True IMPLD: False V: p2
IMPLS: True IMPLD: False V: (p3 & p4)
IMPLS: True IMPLD: False V: p3
IMPLS: True IMPLD: False V: p4
IMPLS: True IMPLD: True V: p4
IMPLS: True IMPLD: True V: p1
IMPLS: True IMPLD: False V: (p1 & (p2 & (p3 & p4)))
IMPLS: True IMPLD: False V: p1
IMPLS: True IMPLD: False V: (p2 & (p3 & p4))
IMPLS: True IMPLD: False V: p2
IMPLS: True IMPLD: False V: (p3 & p4)
IMPLS: True IMPLD: False V: p3
IMPLS: True IMPLD: False V: p4
IMPLS: False IMPLD: True V: p1
IMPLS: False IMPLD: True V: p2
IMPLS: False IMPLD: True V: p3
IMPLS: False IMPLD: True V: p4
IMPLS: True IMPLD: False V: $goal
IMPLS: True IMPLD: False V: p0
IMPLS: False IMPLD: True V: $false
IMPLS: True IMPLD: False V: $goal
+++ Reading file '"/home/uma-op/dev/bmstu/diploma/benchmarks/syj207/intuitr-formulas/syj207-n02.p"'...
+++ Clausification...
[((p1 <=> p2) => (p1 & (p2 & (p3 & p4)))),((p2 <=> p3) => (p1 & (p2 & (p3 & p4)))),((p3 <=> p4) => (p1 & (p2 & (p3 & p4)))),((p4 <=> p1) => (p1 & (p2 & (p3 & p4)))),((p0 | ((p1 & (p2 & (p3 & p4))) | (p0 => $false))) => $goal)]
([["$p1","$p2"] =>  ["$p0"],["$p3"] =>  ["p3"],["$p3"] =>  ["p4"],["$p4"] =>  ["p2"],["$p4"] =>  ["$p3"],["$p5"] =>  ["p1"],["$p5"] =>  ["$p4"],["$p0"] =>  ["$p5"],["$p7","$p8"] =>  ["$p6"],["$p6"] =>  ["$p5"],["$p10","$p11"] =>  ["$p9"],["$p9"] =>  ["$p5"],["$p13","$p14"] =>  ["$p12"],["$p12"] =>  ["$p5"],["p0"] =>  ["$goal"],["p1","p2","p3","p4"] =>  ["$goal"]],[(("p1") -> ("p2")) -> ("$p1"),(("p2") -> ("p1")) -> ("$p2"),(("p2") -> ("p3")) -> ("$p7"),(("p3") -> ("p2")) -> ("$p8"),(("p3") -> ("p4")) -> ("$p10"),(("p4") -> ("p3")) -> ("$p11"),(("p4") -> ("p1")) -> ("$p13"),(("p1") -> ("p4")) -> ("$p14"),(("p0") -> ("$false")) -> ("$goal")],"$goal")
+++ Created 24 flat clauses and 9 implication clauses
+++ Proving (intuitR, CADE 2021)
+++ RESULT: CounterSatisfiable (intuitionistically)
============================
Clausification time: 0.001 sec
Prover time: 0.000 sec
