\BOOKMARK [1][-]{section.1}{\376\377\004\030\004\075\004\101\004\102\004\100\004\103\004\072\004\106\004\070\004\117\000\040\004\077\004\076\004\073\004\114\004\067\004\076\004\062\004\060\004\102\004\065\004\073\004\117}{}% 1
\BOOKMARK [2][-]{subsection.1.1}{\376\377\004\044\004\076\004\100\004\074\004\060\004\102\000\040\004\062\004\105\004\076\004\064\004\075\004\113\004\105\000\040\004\064\004\060\004\075\004\075\004\113\004\105}{section.1}% 2
\BOOKMARK [2][-]{subsection.1.2}{\376\377\004\027\004\060\004\077\004\103\004\101\004\072}{section.1}% 3
\BOOKMARK [2][-]{subsection.1.3}{\376\377\004\037\004\100\004\070\004\074\004\065\004\100\000\040\004\062\004\105\004\076\004\064\004\075\004\113\004\105\000\040\004\064\004\060\004\075\004\075\004\113\004\105}{section.1}% 4
\BOOKMARK [2][-]{subsection.1.4}{\376\377\004\037\004\100\004\070\004\074\004\065\004\100\000\040\004\062\004\113\004\105\004\076\004\064\004\075\004\113\004\105\000\040\004\064\004\060\004\075\004\075\004\113\004\105}{section.1}% 5
\BOOKMARK [1][-]{section.2}{\376\377\004\022\004\113\004\061\004\100\004\060\004\075\004\075\004\113\004\065\000\040\004\102\004\065\004\105\004\075\004\076\004\073\004\076\004\063\004\070\004\070}{}% 6
\BOOKMARK [2][-]{subsection.2.1}{\376\377\004\057\004\067\004\113\004\072\000\040\004\077\004\100\004\076\004\063\004\100\004\060\004\074\004\074\004\070\004\100\004\076\004\062\004\060\004\075\004\070\004\117\000:\000\040\000H\000a\000s\000k\000e\000l\000l}{section.2}% 7
\BOOKMARK [2][-]{subsection.2.2}{\376\377\004\041\004\070\004\101\004\102\004\065\004\074\004\060\000\040\004\101\004\061\004\076\004\100\004\072\004\070\000\040\000S\000t\000a\000c\000k}{section.2}% 8
\BOOKMARK [2][-]{subsection.2.3}{\376\377\004\021\004\070\004\061\004\073\004\070\004\076\004\102\004\065\004\072\004\070}{section.2}% 9
\BOOKMARK [2][-]{subsection.2.4}{\376\377\000S\000M\000T\000-\004\100\004\065\004\110\004\060\004\102\004\065\004\073\004\114\000\040\000Z\0003}{section.2}% 10
\BOOKMARK [1][-]{section.3}{\376\377\004\020\004\100\004\105\004\070\004\102\004\065\004\072\004\102\004\103\004\100\004\060}{}% 11
\BOOKMARK [2][-]{subsection.3.1}{\376\377\004\036\004\061\004\111\004\060\004\117\000\040\004\101\004\105\004\065\004\074\004\060}{section.3}% 12
\BOOKMARK [2][-]{subsection.3.2}{\376\377\004\044\004\060\004\067\004\060\000\040\0001\000:\000\040\004\064\004\076\004\072\004\060\004\067\004\060\004\102\004\065\004\073\004\114\004\101\004\102\004\062\004\076\000\040\000\050\004\075\004\065\004\060\004\075\004\075\004\076\004\102\004\070\004\100\004\076\004\062\004\060\004\075\004\075\004\076\004\065\000\051}{section.3}% 13
\BOOKMARK [3][-]{subsubsection.3.2.1}{\376\377\004\032\004\073\004\076\004\067\004\070\004\104\004\070\004\072\004\060\004\106\004\070\004\117}{subsection.3.2}% 14
\BOOKMARK [3][-]{subsubsection.3.2.2}{\376\377\004\037\004\076\004\070\004\101\004\072\000\040\004\062\004\113\004\062\004\076\004\064\004\060\000\040\004\062\000\040\004\070\004\101\004\107\004\070\004\101\004\073\004\065\004\075\004\070\004\070\000\040\000C\000A\000r\000r\000o\000w}{subsection.3.2}% 15
\BOOKMARK [2][-]{subsection.3.3}{\376\377\004\044\004\060\004\067\004\060\000\040\0002\000:\000\040\004\060\004\075\004\075\004\076\004\102\004\060\004\106\004\070\004\117}{section.3}% 16
\BOOKMARK [3][-]{subsubsection.3.3.1}{\376\377\004\020\004\075\004\075\004\076\004\102\004\070\004\100\004\076\004\062\004\060\004\075\004\070\004\065\000\040\000C\000A\000r\000r\000o\000w}{subsection.3.3}% 17
\BOOKMARK [3][-]{subsubsection.3.3.2}{\376\377\004\020\004\075\004\075\004\076\004\102\004\070\004\100\004\076\004\062\004\060\004\075\004\070\004\065\000\040\004\072\004\073\004\076\004\067\004\070\004\104\004\070\004\072\004\060\004\106\004\070\004\070}{subsection.3.3}% 18
\BOOKMARK [3][-]{subsubsection.3.3.3}{\376\377\004\040\004\065\004\064\004\103\004\072\004\106\004\070\004\117\000\040\004\070\004\102\004\076\004\063\004\076\004\062\004\076\004\063\004\076\000\040\004\102\004\065\004\100\004\074\004\060}{subsection.3.3}% 19
\BOOKMARK [2][-]{subsection.3.4}{\376\377\004\044\004\060\004\067\004\060\000\040\0003\000:\000\040\004\072\004\076\004\075\004\102\004\100\004\074\004\076\004\064\004\065\004\073\004\114}{section.3}% 20
\BOOKMARK [1][-]{section.4}{\376\377\004\037\004\100\004\070\004\074\004\065\004\100\004\113\000\040\004\070\004\101\004\077\004\076\004\073\004\114\004\067\004\076\004\062\004\060\004\075\004\070\004\117}{}% 21
\BOOKMARK [2][-]{subsection.4.1}{\376\377\004\022\004\060\004\073\004\070\004\064\004\075\004\060\004\117\000\040\004\104\004\076\004\100\004\074\004\103\004\073\004\060\000:\000\040\000a\000\040\000a}{section.4}% 22
\BOOKMARK [2][-]{subsection.4.2}{\376\377\004\022\004\060\004\073\004\070\004\064\004\075\004\060\004\117\000\040\004\104\004\076\004\100\004\074\004\103\004\073\004\060\000:\000\040\000m\000o\000d\000u\000s\000\040\000p\000o\000n\000e\000n\000s}{section.4}% 23
\BOOKMARK [2][-]{subsection.4.3}{\376\377\004\035\004\065\004\062\004\060\004\073\004\070\004\064\004\075\004\060\004\117\000\040\004\104\004\076\004\100\004\074\004\103\004\073\004\060\000:\000\040\004\101\004\105\004\065\004\074\004\060\000\040\004\037\004\070\004\100\004\101\004\060}{section.4}% 24
\BOOKMARK [2][-]{subsection.4.4}{\376\377\004\035\004\065\004\062\004\060\004\073\004\070\004\064\004\075\004\060\004\117\000\040\004\104\004\076\004\100\004\074\004\103\004\073\004\060\000:\000\040\004\070\004\101\004\072\004\073\004\116\004\107\004\121\004\075\004\075\004\076\004\065\000\040\004\102\004\100\004\065\004\102\004\114\004\065}{section.4}% 25
\BOOKMARK [2][-]{subsection.4.5}{\376\377\004\035\004\065\004\062\004\060\004\073\004\070\004\064\004\075\004\060\004\117\000\040\004\104\004\076\004\100\004\074\004\103\004\073\004\060\000:\000\040\004\067\004\060\004\072\004\076\004\075\000\040\004\064\004\065\000\040\004\034\004\076\004\100\004\063\004\060\004\075\004\060\000\040\004\064\004\073\004\117\000\040\004\064\004\070\004\067\004\112\004\116\004\075\004\072\004\106\004\070\004\070}{section.4}% 26
\BOOKMARK [2][-]{subsection.4.6}{\376\377\004\041\004\073\004\076\004\066\004\075\004\113\004\071\000\040\004\062\004\060\004\073\004\070\004\064\004\075\004\113\004\071\000\040\004\077\004\100\004\070\004\074\004\065\004\100}{section.4}% 27
\BOOKMARK [2][-]{subsection.4.7}{\376\377\004\041\004\073\004\076\004\066\004\075\004\113\004\071\000\040\004\062\004\060\004\073\004\070\004\064\004\075\004\113\004\071\000\040\004\077\004\100\004\070\004\074\004\065\004\100\000:\000\040\004\062\004\073\004\076\004\066\004\065\004\075\004\075\004\060\004\117\000\040\004\101\004\105\004\065\004\074\004\060\000\040\004\037\004\070\004\100\004\101\004\060}{section.4}% 28
